Component: ARM Compiler 5.06 update 1 (build 61) Tool: armlink [4d35a8]

==============================================================================

Memory Map of the image

  Image Entry point : 0x1800607d

  Load Region LR_IROM0 (Base: 0x18006000, Size: 0x00141f24, Max: 0x001f4000, ABSOLUTE, COMPRESSED[0x0013cd94])

    Execution Region ER_IRAMVEC (Base: 0x00100000, Size: 0x00000080, Max: 0x00000080, ABSOLUTE)

    Base Addr    Size         Type   Attr      Idx    E Section Name        Object

    0x00100000   0x00000080   Zero   RW            1    ER_IRAMVEC.bss      anon$$obj.o


    Execution Region RW_IRAM1 (Base: 0x00100080, Size: 0x0001dbd8, Max: 0x0001ef80, ABSOLUTE, COMPRESSED[0x0000052c])

    Base Addr    Size         Type   Attr      Idx    E Section Name        Object

    0x00100080   0x00000002   Code   RO         5238    i.flash_wrtie_protect  wland_flash_wp.o
    0x00100082   0x00000002   Code   RO         5239    i.flash_wrtie_protect_all  wland_flash_wp.o
    0x00100084   0x00000004   Data   RW           21    .data               app_main.o
    0x00100088   0x00000030   Data   RW          171    .data               deepbrain_app.o
    0x001000b8   0x00000020   Data   RW          273    .data               duer_recorder.o
    0x001000d8   0x00000010   Data   RW          376    .data               factory_test.o
    0x001000e8   0x00000008   Data   RW          427    .data               airkiss_lan_discovery.o
    0x001000f0   0x0000000c   Data   RW          456    .data               asr_service.o
    0x001000fc   0x00000008   Data   RW          504    .data               device_params_manage.o
    0x00100104   0x00000010   Data   RW          540    .data               memo_service.o
    0x00100114   0x00000018   Data   RW          601    .data               mpush_service.o
    0x0010012c   0x00000010   Data   RW          742    .data               wifi_manage.o
    0x0010013c   0x00000008   Data   RW          786    .data               dcl_asr_api.o
    0x00100144   0x00000008   Data   RW         1059    .data               app_framework.o
    0x0010014c   0x0000000c   Data   RW         1149    .data               cJSON.o
    0x00100158   0x00000002   Data   RW         2416    .data               baidu_codec_base.o
    0x0010015a   0x00000001   Data   RW         2623    .data               rda58xx.o
    0x0010015b   0x00000001   PAD
    0x0010015c   0x000003e4   Data   RW         3264    .data               rda_console.o
    0x00100540   0x00000044   Data   RW         3289    .data               gpadckey.o
    0x00100584   0x0000000c   Data   RW         3419    .data               ff.o
    0x00100590   0x0000000c   Data   RW         3589    .data               FATFileSystem.o
    0x0010059c   0x00000030   Data   RW         3694    .data               sdmmc.o
    0x001005cc   0x00000004   Data   RW         4787    .data               ssl_ciphersuites.o
    0x001005d0   0x00000028   Data   RW         4873    .data               ssl_tls.o
    0x001005f8   0x0000000c   Data   RW         5161    .data               lwip_sys_arch.o
    0x00100604   0x00000004   Data   RW         5208    .data               rda5991h_wland.o
    0x00100608   0x00000004   Data   RW         5209    .data               rda5991h_wland.o
    0x0010060c   0x00000004   Data   RW         5210    .data               rda5991h_wland.o
    0x00100610   0x00000004   Data   RW         5211    .data               rda5991h_wland.o
    0x00100614   0x00000004   Data   RW         5212    .data               rda5991h_wland.o
    0x00100618   0x00000004   Data   RW         5213    .data               rda5991h_wland.o
    0x0010061c   0x00000012   Data   RW         5214    .data               rda5991h_wland.o
    0x0010062e   0x00000001   Data   RW         5321    .data               lwip_api_msg.o
    0x0010062f   0x00000001   PAD
    0x00100630   0x00000014   Data   RW         5390    .data               lwip_netdb.o
    0x00100644   0x00000008   Data   RW         5435    .data               lwip_sockets.o
    0x0010064c   0x00000008   Data   RW         5482    .data               lwip_tcpip.o
    0x00100654   0x00000014   Data   RW         5531    .data               lwip_dhcp.o
    0x00100668   0x00000001   Data   RW         5573    .data               lwip_etharp.o
    0x00100669   0x00000003   PAD
    0x0010066c   0x0000000c   Data   RW         5614    .data               lwip_igmp.o
    0x00100678   0x00000008   Data   RW         5641    .data               lwip_ip4.o
    0x00100680   0x00000008   Data   RW         5682    .data               lwip_ip4_frag.o
    0x00100688   0x0000000c   Data   RW         5765    .data               lwip_dns.o
    0x00100694   0x0000000c   Data   RW         5823    .data               lwip_mem.o
    0x001006a0   0x00000004   Data   RW         5874    .data               lwip_memp.o
    0x001006a4   0x00000004   Data   RW         5875    .data               lwip_memp.o
[...]
    0x1807c210   0x00000004   Code   RO         8730    i.os_idle_demon     RTX_Conf_CM.o
    0x1807c214   0x0000000c   Code   RO         8829    i.os_resume         rt_CMSIS.o
    0x1807c220   0x0000000c   Code   RO         8830    i.os_suspend        rt_CMSIS.o
    0x1807c22c   0x00000028   Code   RO         9058    i.os_tick_init      rt_System.o
    0x1807c254   0x00000002   Code   RO         9059    i.os_tick_irqack    rt_System.o
    0x1807c256   0x00000002   PAD
    0x1807c258   0x000003d0   Code   RO         1141    i.parse_string      cJSON.o
    0x1807c628   0x0000049e   Code   RO         1142    i.parse_value       cJSON.o
    0x1807cac6   0x00000002   PAD
    0x1807cac8   0x0000012e   Code   RO        13763    i.pbkdf2_sha1       wifi_sta_ap.ar(wifi_sha1.o)
    0x1807cbf6   0x00000002   PAD
    0x1807cbf8   0x000001d4   Code   RO         5941    i.pbuf_alloc        lwip_pbuf.o
    0x1807cdcc   0x00000058   Code   RO         5942    i.pbuf_alloced_custom  lwip_pbuf.o
    0x1807ce24   0x00000028   Code   RO         5943    i.pbuf_cat          lwip_pbuf.o
    0x1807ce4c   0x00000042   Code   RO         5944    i.pbuf_chain        lwip_pbuf.o
    0x1807ce8e   0x00000012   Code   RO         5945    i.pbuf_clen         lwip_pbuf.o
    0x1807cea0   0x0000009a   Code   RO         5947    i.pbuf_copy         lwip_pbuf.o
    0x1807cf3a   0x00000070   Code   RO         5948    i.pbuf_copy_partial  lwip_pbuf.o
    0x1807cfaa   0x00000060   Code   RO         5950    i.pbuf_free         lwip_pbuf.o
    0x1807d00a   0x00000002   PAD
    0x1807d00c   0x00000038   Code   RO         5951    i.pbuf_free_ooseq_callback  lwip_pbuf.o
    0x1807d044   0x00000034   Code   RO         5952    i.pbuf_get_at       lwip_pbuf.o
    0x1807d078   0x00000072   Code   RO         5953    i.pbuf_header       lwip_pbuf.o
    0x1807d0ea   0x00000072   Code   RO         5954    i.pbuf_header_force  lwip_pbuf.o
    0x1807d15c   0x00000038   Code   RO         5957    i.pbuf_put_at       lwip_pbuf.o
    0x1807d194   0x00000060   Code   RO         5958    i.pbuf_realloc      lwip_pbuf.o
    0x1807d1f4   0x0000001c   Code   RO         5959    i.pbuf_ref          lwip_pbuf.o
    0x1807d210   0x00000058   Code   RO         5962    i.pbuf_take         lwip_pbuf.o
    0x1807d268   0x000000a8   Code   RO         5963    i.pbuf_take_at      lwip_pbuf.o
    0x1807d310   0x000000d0   Code   RO         4640    i.pem_pbkdf1        pem.o
    0x1807d3e0   0x000000f4   Code   RO         8271    i.pin_function      pinmap.o
    0x1807d4d4   0x00000064   Code   RO         8272    i.pin_mode          pinmap.o
    0x1807d538   0x00000028   Code   RO         7873    i.pinmap_find_peripheral  mbed_pinmap_common.o
    0x1807d560   0x00000060   Code   RO         7874    i.pinmap_function   mbed_pinmap_common.o
    0x1807d5c0   0x0000003c   Code   RO         7875    i.pinmap_merge      mbed_pinmap_common.o
    0x1807d5fc   0x00000060   Code   RO         7876    i.pinmap_peripheral  mbed_pinmap_common.o
    0x1807d65c   0x0000005c   Code   RO         7877    i.pinmap_pinout     mbed_pinmap_common.o
    0x1807d6b8   0x00000070   Code   RO         5316    i.poll_tcp          lwip_api_msg.o
    0x1807d728   0x00000034   Code   RO         8731    i.pre_main          RTX_Conf_CM.o
    0x1807d75c   0x00000168   Code   RO          907    i.print_msg_head    mpush_message.o
    0x1807d8c4   0x00000014   Code   RO         5994    i.raw_bind          lwip_raw.o
    0x1807d8d8   0x00000014   Code   RO         5995    i.raw_connect       lwip_raw.o
    0x1807d8ec   0x000000a0   Code   RO         5996    i.raw_input         lwip_raw.o
    0x1807d98c   0x00000034   Code   RO         5997    i.raw_new           lwip_raw.o
    0x1807d9c0   0x00000006   Code   RO         5999    i.raw_recv          lwip_raw.o
    0x1807d9c6   0x00000002   PAD
    0x1807d9c8   0x00000030   Code   RO         6000    i.raw_remove        lwip_raw.o
    0x1807d9f8   0x00000006   Code   RO         6001    i.raw_send          lwip_raw.o
    0x1807d9fe   0x000000d0   Code   RO         6002    i.raw_sendto        lwip_raw.o
    0x1807dace   0x00000002   PAD
    0x1807dad0   0x000000c4   Code   RO        13755    i.rc4_skip          wifi_sta_ap.ar(wifi_rc4.o)
    0x1807db94   0x00000058   Code   RO        12025    i.rd_rf_usb_reg     hal.ar(rda_ccfg_api.o)
    0x1807dbec   0x000000b8   Code   RO        12406    i.rda5981_check_scan_result  wifi_sta_ap.ar(wland_scan.o)
    0x1807dca4   0x00000058   Code   RO        12409    i.rda5981_del_scan_all_result  wifi_sta_ap.ar(wland_scan.o)
    0x1807dcfc   0x00000094   Code   RO        12410    i.rda5981_del_scan_result  wifi_sta_ap.ar(wland_scan.o)
    0x1807dd90   0x0000011c   Code   RO        12864    i.rda5981_enable_sniffer  wifi_sta_ap.ar(wland_sniffer.o)
    0x1807deac   0x0000015c   Code   RO        12139    i.rda5981_erase_flash  wifi_sta_ap.ar(wland_flash.o)
    0x1807e008   0x00000130   Code   RO        12151    i.rda5981_flash_read_3rdparter_data  wifi_sta_ap.ar(wland_flash.o)
    0x1807e138   0x00000084   Code   RO        12152    i.rda5981_flash_read_3rdparter_data_length  wifi_sta_ap.ar(wland_flash.o)
    0x1807e1bc   0x000000b4   Code   RO        12156    i.rda5981_flash_read_ip_addr  wifi_sta_ap.ar(wland_flash.o)
    0x1807e270   0x000000c4   Code   RO        12157    i.rda5981_flash_read_mac_addr  wifi_sta_ap.ar(wland_flash.o)
    0x1807e334   0x00000038   Code   RO        12158    i.rda5981_flash_read_pmk  wifi_sta_ap.ar(wland_flash.o)
    0x1807e36c   0x00000050   Code   RO        12159    i.rda5981_flash_read_sta_data  wifi_sta_ap.ar(wland_flash.o)
    0x1807e3bc   0x0000012c   Code   RO        12162    i.rda5981_flash_write_3rdparter_data  wifi_sta_ap.ar(wland_flash.o)
    0x1807e4e8   0x0000005c   Code   RO        12166    i.rda5981_flash_write_ip_addr  wifi_sta_ap.ar(wland_flash.o)
    0x1807e544   0x00000068   Code   RO        12167    i.rda5981_flash_write_mac_addr  wifi_sta_ap.ar(wland_flash.o)
    0x1807e5ac   0x00000050   Code   RO        12293    i.rda5981_get_joined_AP  wifi_sta_ap.ar(wland_if_sta.o)
    0x1807e5fc   0x000000c0   Code   RO        12412    i.rda5981_get_scan_result  wifi_sta_ap.ar(wland_scan.o)
    0x1807e6bc   0x000000e4   Code   RO        12171    i.rda5981_read_flash  wifi_sta_ap.ar(wland_flash.o)
    0x1807e7a0   0x0000029c   Code   RO        12172    i.rda5981_read_user_data  wifi_sta_ap.ar(wland_flash.o)
    0x1807ea3c   0x0000016c   Code   RO        12416    i.rda5981_scan      wifi_sta_ap.ar(wland_scan.o)
    0x1807eba8   0x00000064   Code   RO        12175    i.rda5981_set_flash_size  wifi_sta_ap.ar(wland_flash.o)
    0x1807ec0c   0x0000000c   Code   RO        12246    i.rda5981_set_main_queue  wifi_sta_ap.ar(wland_if.o)
    0x1807ec18   0x000000ac   Code   RO        12176    i.rda5981_set_user_data_addr  wifi_sta_ap.ar(wland_flash.o)
    0x1807ecc4   0x00000064   Code   RO        12866    i.rda5981_sniffer_enable_fcs  wifi_sta_ap.ar(wland_sniffer.o)
    0x1807ed28   0x000001bc   Code   RO        12867    i.rda5981_start_sniffer  wifi_sta_ap.ar(wland_sniffer.o)
    0x1807eee4   0x0000000c   Code   RO        12517    i.rda5981_stop_airkiss  lib_airkiss.ar(rda_airkiss.o)
    0x1807eef0   0x0000008c   Code   RO        12868    i.rda5981_stop_sniffer  wifi_sta_ap.ar(wland_sniffer.o)
    0x1807ef7c   0x000000d0   Code   RO        12179    i.rda5981_write_flash  wifi_sta_ap.ar(wland_flash.o)
    0x1807f04c   0x00000278   Code   RO        12180    i.rda5981_write_user_data  wifi_sta_ap.ar(wland_flash.o)
    0x1807f2c4   0x00000014   Code   RO         5192    i.rda91h_etharp_output  rda5991h_wland.o
    0x1807f2d8   0x00000086   Code   RO         5193    i.rda91h_low_level_output  rda5991h_wland.o
    0x1807f35e   0x00000002   PAD
    0x1807f360   0x0000020c   Code   RO        14833    i.rda_aes_crypt     hal.ar(rda_aes_api.o)
    0x1807f56c   0x00000006   Code   RO        12452    i.rda_alarm_create  wifi_sta_ap.ar(rda_sys_wrapper.o)
    0x1807f572   0x00000002   PAD
    0x1807f574   0x0000012c   Code   RO        12453    i.rda_alarm_create_v2  wifi_sta_ap.ar(rda_sys_wrapper.o)
    0x1807f6a0   0x00000070   Code   RO        12454    i.rda_alarm_delete  wifi_sta_ap.ar(rda_sys_wrapper.o)
    0x1807f710   0x00000014   Code   RO        12455    i.rda_alarm_start   wifi_sta_ap.ar(rda_sys_wrapper.o)
    0x1807f724   0x0000001e   Code   RO        12456    i.rda_alarm_stop    wifi_sta_ap.ar(rda_sys_wrapper.o)
    0x1807f742   0x0000003e   Code   RO        11983    i.rda_ccfg_adc_free  hal.ar(rda_ccfg_api.o)
    0x1807f780   0x00000068   Code   RO        11984    i.rda_ccfg_adc_gp   hal.ar(rda_ccfg_api.o)
    0x1807f7e8   0x00000058   Code   RO        11985    i.rda_ccfg_adc_init  hal.ar(rda_ccfg_api.o)
    0x1807f840   0x00000074   Code   RO        11986    i.rda_ccfg_adc_oenb  hal.ar(rda_ccfg_api.o)
    0x1807f8b4   0x000000e4   Code   RO        11987    i.rda_ccfg_adc_read  hal.ar(rda_ccfg_api.o)
    0x1807f998   0x0000002c   Code   RO        11988    i.rda_ccfg_aontmr   hal.ar(rda_ccfg_api.o)
    0x1807f9c4   0x000000d2   Code   RO        11989    i.rda_ccfg_aontmr_cksrc  hal.ar(rda_ccfg_api.o)
    0x1807fa96   0x00000002   PAD
    0x1807fa98   0x000000f8   Code   RO        11990    i.rda_ccfg_boot     hal.ar(rda_ccfg_api.o)
    0x1807fb90   0x00000028   Code   RO        11991    i.rda_ccfg_ckrst    hal.ar(rda_ccfg_api.o)
    0x1807fbb8   0x0000006c   Code   RO        11992    i.rda_ccfg_gp       hal.ar(rda_ccfg_api.o)
    0x1807fc24   0x00000020   Code   RO        11995    i.rda_ccfg_hwver    hal.ar(rda_ccfg_api.o)
    0x1807fc44   0x00000024   Code   RO        11997    i.rda_ccfg_wdt_en   hal.ar(rda_ccfg_api.o)
    0x1807fc68   0x0000002c   Code   RO         5194    i.rda_create_interrupt  rda5991h_wland.o
    0x1807fc94   0x00000020   Code   RO         5195    i.rda_critical_sec_end  rda5991h_wland.o
    0x1807fcb4   0x00000024   Code   RO         5196    i.rda_critical_sec_start  rda5991h_wland.o
    0x1807fcd8   0x00000008   Code   RO         5197    i.rda_delete_interrupt  rda5991h_wland.o
    0x1807fce0   0x0000001a   Code   RO         5198    i.rda_disable_interrupt  rda5991h_wland.o
    0x1807fcfa   0x0000001a   Code   RO         5199    i.rda_enable_interrupt  rda5991h_wland.o
    0x1807fd14   0x00000004   Code   RO        12457    i.rda_get_cur_time_ms  wifi_sta_ap.ar(rda_sys_wrapper.o)
    0x1807fd18   0x00000024   Code   RO         5200    i.rda_get_macaddr   rda5991h_wland.o
    0x1807fd3c   0x00000028   Code   RO         8357    i.rda_gpadc_free    rda_gpadc_api.o
    0x1807fd64   0x00000060   Code   RO         8358    i.rda_gpadc_init    rda_gpadc_api.o
    0x1807fdc4   0x0000006c   Code   RO         8359    i.rda_gpadc_set     rda_gpadc_api.o
    0x1807fe30   0x00000034   Code   RO        12458    i.rda_mail_create   wifi_sta_ap.ar(rda_sys_wrapper.o)
    0x1807fe64   0x00000038   Code   RO        12459    i.rda_mail_get      wifi_sta_ap.ar(rda_sys_wrapper.o)
    0x1807fe9c   0x00000030   Code   RO        12460    i.rda_mail_put      wifi_sta_ap.ar(rda_sys_wrapper.o)
    0x1807fecc   0x00000020   Code   RO        12461    i.rda_msgQ_create   wifi_sta_ap.ar(rda_sys_wrapper.o)
    0x1807feec   0x00000022   Code   RO        12462    i.rda_msg_get       wifi_sta_ap.ar(rda_sys_wrapper.o)
    0x1807ff0e   0x00000010   Code   RO        12463    i.rda_msg_put       wifi_sta_ap.ar(rda_sys_wrapper.o)
    0x1807ff1e   0x00000002   PAD
    0x1807ff20   0x00000014   Code   RO         5201    i.rda_netif_down    rda5991h_wland.o
    0x1807ff34   0x00000108   Code   RO         5202    i.rda_netif_input   rda5991h_wland.o
    0x1808003c   0x00000014   Code   RO         5203    i.rda_netif_link_down  rda5991h_wland.o
    0x18080050   0x00000014   Code   RO         5204    i.rda_netif_link_up  rda5991h_wland.o
    0x18080064   0x00000014   Code   RO         5205    i.rda_netif_up      rda5991h_wland.o
    0x18080078   0x00000044   Code   RO         3686    i.rda_sdmmc_get_csdinfo  sdmmc.o
    0x180800bc   0x000000a0   Code   RO         3687    i.rda_sdmmc_init    sdmmc.o
    0x1808015c   0x00000018   Code   RO         3688    i.rda_sdmmc_open    sdmmc.o
    0x18080174   0x000003a8   Code   RO         3689    i.rda_sdmmc_read_blocks  sdmmc.o
    0x1808051c   0x00000318   Code   RO         3691    i.rda_sdmmc_write_blocks  sdmmc.o
    0x18080834   0x0000001c   Code   RO        12468    i.rda_sem_create    wifi_sta_ap.ar(rda_sys_wrapper.o)
    0x18080850   0x0000001c   Code   RO        12469    i.rda_sem_delete    wifi_sta_ap.ar(rda_sys_wrapper.o)
    0x1808086c   0x00000010   Code   RO        12470    i.rda_sem_release   wifi_sta_ap.ar(rda_sys_wrapper.o)
    0x1808087c   0x00000012   Code   RO        12471    i.rda_sem_wait      wifi_sta_ap.ar(rda_sys_wrapper.o)
    0x1808088e   0x00000002   PAD
    0x18080890   0x00000038   Code   RO         8432    i.rda_timer_irq_set  rda_timer_isr.o
    0x180808c8   0x0000004c   Code   RO         8433    i.rda_timer_isr     rda_timer_isr.o
    0x18080914   0x000000a8   Code   RO        12030    i.rda_trng_generator  hal.ar(rda_trng_api.o)
    0x180809bc   0x0000001a   Code   RO        12031    i.rda_trng_simple_delay  hal.ar(rda_trng_api.o)
    0x180809d6   0x00000002   PAD
    0x180809d8   0x00000024   Code   RO         8446    i.rda_wdt_softreset  rda_wdt_api.o
    0x180809fc   0x00000078   Code   RO         5317    i.recv_raw          lwip_api_msg.o
    0x18080a74   0x0000006e   Code   RO         5318    i.recv_tcp          lwip_api_msg.o
    0x18080ae2   0x00000076   Code   RO         5319    i.recv_udp          lwip_api_msg.o
    0x18080b58   0x00000018   Code   RO         4675    i.rsa_alloc_wrap    pk_wrap.o
    0x18080b70   0x0000000c   Code   RO         4676    i.rsa_can_do        pk_wrap.o
    0x18080b7c   0x00000004   Code   RO         4677    i.rsa_check_pair_wrap  pk_wrap.o
    0x18080b80   0x0000002c   Code   RO         4678    i.rsa_debug         pk_wrap.o
    0x18080bac   0x00000038   Code   RO         4679    i.rsa_decrypt_wrap  pk_wrap.o
    0x18080be4   0x00000038   Code   RO         4680    i.rsa_encrypt_wrap  pk_wrap.o
    0x18080c1c   0x00000012   Code   RO         4681    i.rsa_free_wrap     pk_wrap.o
    0x18080c2e   0x00000006   Code   RO         4682    i.rsa_get_bitlen    pk_wrap.o
    0x18080c34   0x00000024   Code   RO         4683    i.rsa_sign_wrap     pk_wrap.o
    0x18080c58   0x0000004c   Code   RO         4684    i.rsa_verify_wrap   pk_wrap.o
    0x18080ca4   0x0000001a   Code   RO         9017    i.rt_alloc_box      rt_MemBox.o
    0x18080cbe   0x00000002   PAD
    0x18080cc0   0x00000050   Code   RO         9083    i.rt_block          rt_Task.o
    0x18080d10   0x00000048   Code   RO         9040    i.rt_chk_robin      rt_Robin.o
    0x18080d58   0x000000c4   Code   RO         8980    i.rt_dec_dly        rt_List.o
    0x18080e1c   0x00000080   Code   RO         9084    i.rt_dispatch       rt_Task.o
    0x18080e9c   0x00000006   Code   RO         9105    i.rt_dly_wait       rt_Time.o
    0x18080ea2   0x00000002   PAD
    0x18080ea4   0x00000054   Code   RO         8971    i.rt_evt_psh        rt_Event.o
    0x18080ef8   0x00000060   Code   RO         8972    i.rt_evt_set        rt_Event.o
    0x18080f58   0x00000040   Code   RO         8973    i.rt_evt_wait       rt_Event.o
    0x18080f98   0x0000002c   Code   RO         9018    i.rt_free_box       rt_MemBox.o
    0x18080fc4   0x0000002a   Code   RO         8981    i.rt_get_first      rt_List.o
    0x18080fee   0x00000002   PAD
    0x18080ff0   0x00000024   Code   RO         8982    i.rt_get_same_rdy_prio  rt_List.o
    0x18081014   0x00000018   Code   RO         9041    i.rt_init_robin     rt_Robin.o
    0x1808102c   0x000000ec   Code   RO         8718    i.rt_init_stack     HAL_CM.o
    0x18081118   0x00000008   Code   RO         9003    i.rt_mbx_check      rt_Mailbox.o
    0x18081120   0x0000001a   Code   RO         9004    i.rt_mbx_init       rt_Mailbox.o
    0x1808113a   0x00000002   PAD
    0x1808113c   0x00000114   Code   RO         9005    i.rt_mbx_psh        rt_Mailbox.o
    0x18081250   0x000000a4   Code   RO         9006    i.rt_mbx_send       rt_Mailbox.o
    0x180812f4   0x000000b8   Code   RO         9007    i.rt_mbx_wait       rt_Mailbox.o
    0x180813ac   0x00000048   Code   RO         8831    i.rt_ms2tick        rt_CMSIS.o
    0x180813f4   0x000000b8   Code   RO         9029    i.rt_mut_delete     rt_Mutex.o
    0x180814ac   0x00000010   Code   RO         9030    i.rt_mut_init       rt_Mutex.o
    0x180814bc   0x000000e4   Code   RO         9031    i.rt_mut_release    rt_Mutex.o
    0x180815a0   0x0000006c   Code   RO         9032    i.rt_mut_wait       rt_Mutex.o
    0x1808160c   0x00000080   Code   RO         9062    i.rt_pop_req        rt_System.o
    0x1808168c   0x00000020   Code   RO         9063    i.rt_psh_req        rt_System.o
    0x180816ac   0x0000005c   Code   RO         8983    i.rt_psq_enq        rt_List.o
    0x18081708   0x00000068   Code   RO         8984    i.rt_put_dly        rt_List.o
    0x18081770   0x00000042   Code   RO         8985    i.rt_put_prio       rt_List.o
    0x180817b2   0x00000002   PAD
    0x180817b4   0x00000014   Code   RO         8986    i.rt_put_rdy_first  rt_List.o
    0x180817c8   0x0000008c   Code   RO         8987    i.rt_resort_prio    rt_List.o
    0x18081854   0x000000e4   Code   RO         9064    i.rt_resume         rt_System.o
    0x18081938   0x00000012   Code   RO         8719    i.rt_ret_val        HAL_CM.o
    0x1808194a   0x00000014   Code   RO         8720    i.rt_ret_val2       HAL_CM.o
    0x1808195e   0x0000002c   Code   RO         8988    i.rt_rmv_dly        rt_List.o
    0x1808198a   0x00000002   PAD
    0x1808198c   0x00000030   Code   RO         8989    i.rt_rmv_list       rt_List.o
    0x180819bc   0x00000060   Code   RO         9046    i.rt_sem_delete     rt_Semaphore.o
    0x18081a1c   0x0000000c   Code   RO         9047    i.rt_sem_init       rt_Semaphore.o
    0x18081a28   0x00000034   Code   RO         9048    i.rt_sem_psh        rt_Semaphore.o
    0x18081a5c   0x0000002a   Code   RO         9049    i.rt_sem_send       rt_Semaphore.o
    0x18081a86   0x00000002   PAD
    0x18081a88   0x00000044   Code   RO         9050    i.rt_sem_wait       rt_Semaphore.o
    0x18081acc   0x00000024   Code   RO         9065    i.rt_stk_check      rt_System.o
    0x18081af0   0x00000070   Code   RO         9066    i.rt_suspend        rt_System.o
    0x18081b60   0x00000024   Code   RO         9085    i.rt_switch_req     rt_Task.o
    0x18081b84   0x00000124   Code   RO         9086    i.rt_sys_init       rt_Task.o
    0x18081ca8   0x00000080   Code   RO         9087    i.rt_sys_start      rt_Task.o
    0x18081d28   0x00000040   Code   RO         9067    i.rt_systick        rt_System.o
    0x18081d68   0x0000000c   Code   RO         9108    i.rt_time_get       rt_Time.o
    0x18081d74   0x000000e4   Code   RO         9088    i.rt_tsk_create     rt_Task.o
    0x18081e58   0x0000016c   Code   RO         9089    i.rt_tsk_delete     rt_Task.o
    0x18081fc4   0x00000044   Code   RO         9090    i.rt_tsk_pass       rt_Task.o
    0x18082008   0x0000007c   Code   RO         9091    i.rt_tsk_prio       rt_Task.o
    0x18082084   0x00000010   Code   RO         9092    i.rt_tsk_self       rt_Task.o
    0x18082094   0x0000002c   Code   RO         8462    i.rtc_base_update   rtc_api.o
    0x180820c0   0x0000001c   Code   RO         8464    i.rtc_init          rtc_api.o
    0x180820dc   0x0000000c   Code   RO         8465    i.rtc_isenabled     rtc_api.o
    0x180820e8   0x0000001c   Code   RO         8466    i.rtc_read          rtc_api.o
    0x18082104   0x00000040   Code   RO         8467    i.rtc_write         rtc_api.o
    0x18082144   0x0000000c   Code   RO         8710    i.rtos_idle_loop    rtos_idle.o
    0x18082150   0x00000124   Code   RO         3260    i.run_command       rda_console.o
    0x18082274   0x0000005c   Code   RO         5320    i.sent_tcp          lwip_api_msg.o
    0x180822d0   0x000000d0   Code   RO         8481    i.serial_baud       serial_api.o
    0x180823a0   0x00000008   Code   RO         8484    i.serial_clear      serial_api.o
    0x180823a8   0x000000f0   Code   RO         8485    i.serial_format     serial_api.o
    0x18082498   0x00000044   Code   RO         8487    i.serial_getc       serial_api.o
    0x180824dc   0x00000170   Code   RO         8488    i.serial_init       serial_api.o
    0x1808264c   0x00000020   Code   RO         8489    i.serial_irq_handler  serial_api.o
    0x1808266c   0x0000001c   Code   RO         8490    i.serial_irq_set    serial_api.o
    0x18082688   0x000000bc   Code   RO         8491    i.serial_irq_set_internal  serial_api.o
    0x18082744   0x00000048   Code   RO         8493    i.serial_putc       serial_api.o
    0x1808278c   0x0000000a   Code   RO         8494    i.serial_readable   serial_api.o
    0x18082796   0x00000002   PAD
    0x18082798   0x00000164   Code   RO         8495    i.serial_set_flow_control  serial_api.o
    0x180828fc   0x00000108   Code   RO        13779    i.setWifiSmPmk      wifi_sta_ap.ar(wifi_wpa_common.o)
    0x18082a04   0x00000034   Code   RO         8732    i.set_stack_heap    RTX_Conf_CM.o
    0x18082a38   0x00000014   Code   RO        10860    i.set_transport_state  upnpsoap.o
    0x18082a4c   0x00000004   Code   RO         4562    i.sha1_clone_wrap   md_wrap.o
    0x18082a50   0x00000014   Code   RO         4563    i.sha1_ctx_alloc    md_wrap.o
    0x18082a64   0x00000012   Code   RO         4564    i.sha1_ctx_free     md_wrap.o
    0x18082a76   0x00000004   Code   RO         4565    i.sha1_finish_wrap  md_wrap.o
    0x18082a7a   0x00000094   Code   RO        13764    i.sha1_prf          wifi_sta_ap.ar(wifi_sha1.o)
    0x18082b0e   0x00000004   Code   RO         4566    i.sha1_process_wrap  md_wrap.o
    0x18082b12   0x00000004   Code   RO         4567    i.sha1_starts_wrap  md_wrap.o
    0x18082b16   0x00000004   Code   RO         4568    i.sha1_update_wrap  md_wrap.o
    0x18082b1a   0x00000002   PAD
    0x18082b1c   0x000000cc   Code   RO        13765    i.sha1_vector       wifi_sta_ap.ar(wifi_sha1.o)
    0x18082be8   0x00000004   Code   RO         4569    i.sha224_clone_wrap  md_wrap.o
    0x18082bec   0x00000014   Code   RO         4570    i.sha224_ctx_alloc  md_wrap.o
    0x18082c00   0x00000012   Code   RO         4571    i.sha224_ctx_free   md_wrap.o
    0x18082c12   0x00000004   Code   RO         4572    i.sha224_finish_wrap  md_wrap.o
    0x18082c16   0x00000004   Code   RO         4573    i.sha224_process_wrap  md_wrap.o
    0x18082c1a   0x00000006   Code   RO         4574    i.sha224_starts_wrap  md_wrap.o
    0x18082c20   0x00000004   Code   RO         4575    i.sha224_update_wrap  md_wrap.o
    0x18082c24   0x00000006   Code   RO         4576    i.sha224_wrap       md_wrap.o
    0x18082c2a   0x00000006   Code   RO         4577    i.sha256_starts_wrap  md_wrap.o
    0x18082c30   0x00000006   Code   RO         4578    i.sha256_wrap       md_wrap.o
    0x18082c36   0x00000002   PAD
    0x18082c38   0x00000024   Code   RO         3223    i.show_cmd_usage    cmd_basic.o
    0x18082c5c   0x0000070c   Code   RO         8127    i.show_regs         cmsis_nvic.o
    0x18083368   0x00000004   Code   RO         8530    i.sleep             sleep.o
    0x1808336c   0x00000080   Code   RO        12041    i.sleep_cal_lpo     hal.ar(rda_sleep_api.o)
    0x180833ec   0x0000007c   Code   RO        12042    i.sleep_entry_register  hal.ar(rda_sleep_api.o)
    0x18083468   0x000001a0   Code   RO        12043    i.sleep_management  hal.ar(rda_sleep_api.o)
    0x18083608   0x00000004   Code   RO         1243    i.sock_close        socket_interface.o
    0x1808360c   0x0000029c   Code   RO         1244    i.sock_connect      socket_interface.o
    0x180838a8   0x00000026   Code   RO         1245    i.sock_get_errno    socket_interface.o
    0x180838ce   0x00000002   PAD
    0x180838d0   0x000000b0   Code   RO         1246    i.sock_get_server_info  socket_interface.o
    0x18083980   0x000001b8   Code   RO         1249    i.sock_readn_with_timeout  socket_interface.o
    0x18083b38   0x00000022   Code   RO         1251    i.sock_set_nonblocking  socket_interface.o
    0x18083b5a   0x0000003a   Code   RO         1254    i.sock_write        socket_interface.o
    0x18083b94   0x0000017c   Code   RO         1256    i.sock_writen_with_timeout  socket_interface.o
    0x18083d10   0x00000068   Code   RO         9754    i.socket_close      lightduer_http_client_ops.o
    0x18083d78   0x000000e8   Code   RO         9755    i.socket_connect    lightduer_http_client_ops.o
    0x18083e60   0x0000002c   Code   RO         9756    i.socket_destroy    lightduer_http_client_ops.o
    0x18083e8c   0x00000038   Code   RO         9757    i.socket_init       lightduer_http_client_ops.o
    0x18083ec4   0x00000004   Code   RO         9758    i.socket_open       lightduer_http_client_ops.o
    0x18083ec8   0x0000004c   Code   RO         9759    i.socket_recv       lightduer_http_client_ops.o
    0x18083f14   0x00000098   Code   RO         9760    i.socket_send       lightduer_http_client_ops.o
    0x18083fac   0x00000002   Code   RO         9761    i.socket_set_blocking  lightduer_http_client_ops.o
    0x18083fae   0x00000002   PAD
    0x18083fb0   0x0000002c   Code   RO         9762    i.socket_set_timeout  lightduer_http_client_ops.o
    0x18083fdc   0x0000006e   Code   RO        15832    i.sqrt              m_wm.l(sqrt.o)
    0x1808404a   0x00000002   PAD
    0x1808404c   0x00000090   Code   RO         4866    i.ssl_calc_finished_tls_sha256  ssl_tls.o
    0x180840dc   0x0000002c   Code   RO         4867    i.ssl_calc_verify_tls_sha256  ssl_tls.o
    0x18084108   0x000003e0   Code   RO         4868    i.ssl_decrypt_buf   ssl_tls.o
    0x180844e8   0x00000128   Code   RO         4869    i.ssl_handshake_init  ssl_tls.o
    0x18084610   0x00000008   Code   RO         4870    i.ssl_update_checksum_sha256  ssl_tls.o
    0x18084618   0x00000008   Code   RO         4871    i.ssl_update_checksum_start  ssl_tls.o
    0x18084620   0x00000068   Code   RO         8128    i.stack_dump        cmsis_nvic.o
    0x18084688   0x000000bc   Code   RO        12891    i.supp_alloc_eapol  wifi_sta_ap.ar(wifi_wpa.o)
    0x18084744   0x00000014   Code   RO         8833    i.svcDelay          rt_CMSIS.o
    0x18084758   0x00000070   Code   RO         8834    i.svcKernelInitialize  rt_CMSIS.o
    0x180847c8   0x0000000c   Code   RO         8835    i.svcKernelRunning  rt_CMSIS.o
    0x180847d4   0x0000004c   Code   RO         8836    i.svcKernelStart    rt_CMSIS.o
    0x18084820   0x00000026   Code   RO         8839    i.svcMessageCreate  rt_CMSIS.o
    0x18084846   0x00000044   Code   RO         8840    i.svcMessageGet     rt_CMSIS.o
    0x1808488a   0x0000003c   Code   RO         8841    i.svcMessagePut     rt_CMSIS.o
    0x180848c6   0x0000001e   Code   RO         8842    i.svcMutexCreate    rt_CMSIS.o
    0x180848e4   0x0000001c   Code   RO         8843    i.svcMutexDelete    rt_CMSIS.o
    0x18084900   0x00000022   Code   RO         8844    i.svcMutexRelease   rt_CMSIS.o
    0x18084922   0x00000038   Code   RO         8845    i.svcMutexWait      rt_CMSIS.o
    0x1808495a   0x00000026   Code   RO         8847    i.svcSemaphoreCreate  rt_CMSIS.o
    0x18084980   0x0000001c   Code   RO         8848    i.svcSemaphoreDelete  rt_CMSIS.o
    0x1808499c   0x0000002a   Code   RO         8849    i.svcSemaphoreRelease  rt_CMSIS.o
    0x180849c6   0x00000032   Code   RO         8850    i.svcSemaphoreWait  rt_CMSIS.o
    0x180849f8   0x00000030   Code   RO         8852    i.svcSignalSet      rt_CMSIS.o
    0x18084a28   0x00000058   Code   RO         8853    i.svcSignalWait     rt_CMSIS.o
    0x18084a80   0x0000007c   Code   RO         8854    i.svcThreadCreate   rt_CMSIS.o
    0x18084afc   0x0000001c   Code   RO         8855    i.svcThreadGetId    rt_CMSIS.o
    0x18084b18   0x00000038   Code   RO         8858    i.svcThreadTerminate  rt_CMSIS.o
    0x18084b50   0x0000000a   Code   RO         8859    i.svcThreadYield    rt_CMSIS.o
    0x18084b5a   0x0000001a   Code   RO         8860    i.svcTimerCall      rt_CMSIS.o
    0x18084b74   0x00000054   Code   RO         8861    i.svcTimerCreate    rt_CMSIS.o
    0x18084bc8   0x00000064   Code   RO         8862    i.svcTimerDelete    rt_CMSIS.o
    0x18084c2c   0x000000bc   Code   RO         8863    i.svcTimerStart     rt_CMSIS.o
    0x18084ce8   0x00000054   Code   RO         8864    i.svcTimerStop      rt_CMSIS.o
    0x18084d3c   0x000000b0   Code   RO         8869    i.sysTimerTick      rt_CMSIS.o
    0x18084dec   0x000000c0   Code   RO         8870    i.sysUserTimerUpdate  rt_CMSIS.o
    0x18084eac   0x00000014   Code   RO         8871    i.sysUserTimerWakeupTime  rt_CMSIS.o
    0x18084ec0   0x00000040   Code   RO         5137    i.sys_arch_mbox_fetch  lwip_sys_arch.o
    0x18084f00   0x0000001a   Code   RO         5138    i.sys_arch_mbox_tryfetch  lwip_sys_arch.o
    0x18084f1a   0x00000002   PAD
    0x18084f1c   0x00000038   Code   RO         5139    i.sys_arch_protect  lwip_sys_arch.o
    0x18084f54   0x00000036   Code   RO         5140    i.sys_arch_sem_wait  lwip_sys_arch.o
    0x18084f8a   0x00000002   PAD
    0x18084f8c   0x0000003c   Code   RO         5141    i.sys_arch_unprotect  lwip_sys_arch.o
    0x18084fc8   0x00000038   Code   RO         5142    i.sys_init          lwip_sys_arch.o
    0x18085000   0x00000034   Code   RO         5144    i.sys_mbox_free     lwip_sys_arch.o
    0x18085034   0x00000064   Code   RO         5145    i.sys_mbox_new      lwip_sys_arch.o
    0x18085098   0x00000034   Code   RO         5146    i.sys_mbox_post     lwip_sys_arch.o
    0x180850cc   0x00000014   Code   RO         5147    i.sys_mbox_trypost  lwip_sys_arch.o
    0x180850e0   0x00000034   Code   RO         5150    i.sys_mutex_lock    lwip_sys_arch.o
    0x18085114   0x00000028   Code   RO         5151    i.sys_mutex_new     lwip_sys_arch.o
    0x1808513c   0x00000030   Code   RO         5152    i.sys_mutex_unlock  lwip_sys_arch.o
    0x1808516c   0x00000010   Code   RO         5153    i.sys_now           lwip_sys_arch.o
    0x1808517c   0x00000002   Code   RO         5154    i.sys_sem_free      lwip_sys_arch.o
    0x1808517e   0x00000002   PAD
    0x18085180   0x00000044   Code   RO         5155    i.sys_sem_new       lwip_sys_arch.o
    0x180851c4   0x00000016   Code   RO         5156    i.sys_sem_signal    lwip_sys_arch.o
    0x180851da   0x00000002   PAD
    0x180851dc   0x000000d0   Code   RO         5157    i.sys_thread_new    lwip_sys_arch.o
    0x180852ac   0x0000008c   Code   RO         6161    i.sys_timeout       lwip_timeouts.o
    0x18085338   0x00000034   Code   RO         6162    i.sys_timeouts_init  lwip_timeouts.o
    0x1808536c   0x00000094   Code   RO         6163    i.sys_timeouts_mbox_fetch  lwip_timeouts.o
    0x18085400   0x00000070   Code   RO         1292    i.task_thread_create  task_thread_interface.o
    0x18085470   0x00000038   Code   RO         1293    i.task_thread_exit  task_thread_interface.o
    0x180854a8   0x00000004   Code   RO         1294    i.task_thread_sleep  task_thread_interface.o
    0x180854ac   0x0000013c   Code   RO         6031    i.tcp_abandon       lwip_tcp.o
    0x180855e8   0x00000006   Code   RO         6032    i.tcp_abort         lwip_tcp.o
    0x180855ee   0x00000010   Code   RO         6033    i.tcp_accept        lwip_tcp.o
    0x180855fe   0x00000010   Code   RO         6034    i.tcp_accept_null   lwip_tcp.o
    0x1808560e   0x00000002   PAD
    0x18085610   0x0000018c   Code   RO         6035    i.tcp_alloc         lwip_tcp.o
    0x1808579c   0x00000008   Code   RO         6036    i.tcp_arg           lwip_tcp.o
    0x180857a4   0x00000114   Code   RO         6037    i.tcp_bind          lwip_tcp.o
    0x180858b8   0x00000014   Code   RO         6038    i.tcp_close         lwip_tcp.o
    0x180858cc   0x00000190   Code   RO         6039    i.tcp_close_shutdown  lwip_tcp.o
    0x18085a5c   0x000001bc   Code   RO         6040    i.tcp_connect       lwip_tcp.o
    0x18085c18   0x00000026   Code   RO         6042    i.tcp_eff_send_mss_impl  lwip_tcp.o
    0x18085c3e   0x0000010c   Code   RO         6132    i.tcp_enqueue_flags  lwip_tcp_out.o
    0x18085d4a   0x0000000a   Code   RO         6043    i.tcp_err           lwip_tcp.o
    0x18085d54   0x000000c0   Code   RO         6044    i.tcp_fasttmr       lwip_tcp.o
    0x18085e14   0x00000014   Code   RO         6045    i.tcp_init          lwip_tcp.o
    0x18085e28   0x00000542   Code   RO         6114    i.tcp_input         lwip_tcp_in.o
    0x1808636a   0x000000b0   Code   RO         6133    i.tcp_keepalive     lwip_tcp_out.o
    0x1808641a   0x00000002   PAD
    0x1808641c   0x000000ac   Code   RO         6046    i.tcp_listen_with_backlog  lwip_tcp.o
    0x180864c8   0x00000084   Code   RO         6047    i.tcp_netif_ipv4_addr_changed  lwip_tcp.o
    0x1808654c   0x00000006   Code   RO         6048    i.tcp_new           lwip_tcp.o
    0x18086552   0x00000002   PAD
    0x18086554   0x00000270   Code   RO         6134    i.tcp_output        lwip_tcp_out.o
    0x180867c4   0x0000012c   Code   RO         6115    i.tcp_parseopt      lwip_tcp_in.o
    0x180868f0   0x0000008a   Code   RO         6051    i.tcp_pcb_purge     lwip_tcp.o
    0x1808697a   0x00000050   Code   RO         6052    i.tcp_pcb_remove    lwip_tcp.o
    0x180869ca   0x00000008   Code   RO         6053    i.tcp_poll          lwip_tcp.o
    0x180869d2   0x00000002   PAD
    0x180869d4   0x00000408   Code   RO         6116    i.tcp_process       lwip_tcp_in.o
    0x18086ddc   0x00000078   Code   RO         6054    i.tcp_process_refused_data  lwip_tcp.o
    0x18086e54   0x0000083c   Code   RO         6117    i.tcp_receive       lwip_tcp_in.o
    0x18087690   0x00000008   Code   RO         6055    i.tcp_recv          lwip_tcp.o
    0x18087698   0x0000009c   Code   RO         6056    i.tcp_recv_null     lwip_tcp.o
    0x18087734   0x00000076   Code   RO         6057    i.tcp_recved        lwip_tcp.o
    0x180877aa   0x0000004a   Code   RO         6135    i.tcp_rexmit        lwip_tcp_out.o
    0x180877f4   0x00000096   Code   RO         6136    i.tcp_rexmit_fast   lwip_tcp_out.o
    0x1808788a   0x0000002e   Code   RO         6137    i.tcp_rexmit_rto    lwip_tcp_out.o
    0x180878b8   0x00000096   Code   RO         6138    i.tcp_rst           lwip_tcp_out.o
    0x1808794e   0x00000028   Code   RO         6058    i.tcp_seg_copy      lwip_tcp.o
    0x18087976   0x00000020   Code   RO         6059    i.tcp_seg_free      lwip_tcp.o
    0x18087996   0x00000026   Code   RO         6060    i.tcp_segs_free     lwip_tcp.o
    0x180879bc   0x000000ce   Code   RO         6139    i.tcp_send_empty_ack  lwip_tcp_out.o
    0x18087a8a   0x00000046   Code   RO         6140    i.tcp_send_fin      lwip_tcp_out.o
    0x18087ad0   0x00000008   Code   RO         6061    i.tcp_sent          lwip_tcp.o
    0x18087ad8   0x00000052   Code   RO         6063    i.tcp_shutdown      lwip_tcp.o
    0x18087b2a   0x00000002   PAD
    0x18087b2c   0x000002cc   Code   RO         6064    i.tcp_slowtmr       lwip_tcp.o
    0x18087df8   0x00000038   Code   RO         6165    i.tcp_timer_needed  lwip_timeouts.o
    0x18087e30   0x00000024   Code   RO         6065    i.tcp_tmr           lwip_tcp.o
    0x18087e54   0x00000010   Code   RO         6118    i.tcp_trigger_input_pcb_close  lwip_tcp_in.o
    0x18087e64   0x0000003c   Code   RO         6067    i.tcp_update_rcv_ann_wnd  lwip_tcp.o
    0x18087ea0   0x000002f4   Code   RO         6141    i.tcp_write         lwip_tcp_out.o
    0x18088194   0x00000116   Code   RO         6142    i.tcp_zero_window_probe  lwip_tcp_out.o
    0x180882aa   0x00000002   PAD
    0x180882ac   0x00000050   Code   RO         5472    i.tcpip_callback_with_block  lwip_tcpip.o
    0x180882fc   0x00000054   Code   RO         5475    i.tcpip_init        lwip_tcpip.o
    0x18088350   0x00000094   Code   RO         5477    i.tcpip_input       lwip_tcpip.o
    0x180883e4   0x00000020   Code   RO         5478    i.tcpip_send_msg_wait_sem  lwip_tcpip.o
    0x18088404   0x00000038   Code   RO         6166    i.tcpip_tcp_timer   lwip_timeouts.o
    0x1808843c   0x00000070   Code   RO         5479    i.tcpip_thread      lwip_tcpip.o
    0x180884ac   0x00000048   Code   RO         7917    i.ticker_insert_event  mbed_ticker_api.o
    0x180884f4   0x0000004e   Code   RO         7918    i.ticker_irq_handler  mbed_ticker_api.o
    0x18088542   0x00000006   Code   RO         7919    i.ticker_read       mbed_ticker_api.o
    0x18088548   0x00000044   Code   RO         7920    i.ticker_remove_event  mbed_ticker_api.o
    0x1808858c   0x00000012   Code   RO         7921    i.ticker_set_handler  mbed_ticker_api.o
    0x1808859e   0x00000002   PAD
    0x180885a0   0x0000006c   Code   RO         7893    i.time              mbed_rtc_time.o
    0x1808860c   0x0000000c   Code   RO        10624    i.timer_stop        baidu_media_manager_adapter.o
    0x18088618   0x00000150   Code   RO         4872    i.tls_prf_sha256    ssl_tls.o
    0x18088768   0x0000002c   Code   RO         8558    i.trng_free         trng_api.o
    0x18088794   0x00000068   Code   RO         8559    i.trng_get_bytes    trng_api.o
    0x180887fc   0x00000048   Code   RO         8560    i.trng_init         trng_api.o
    0x18088844   0x00000094   Code   RO         8498    i.uart0_irq         serial_api.o
    0x180888d8   0x0000009c   Code   RO         8499    i.uart1_irq         serial_api.o
    0x18088974   0x000000dc   Code   RO         6182    i.udp_bind          lwip_udp.o
    0x18088a50   0x00000054   Code   RO         6183    i.udp_connect       lwip_udp.o
    0x18088aa4   0x00000010   Code   RO         6184    i.udp_disconnect    lwip_udp.o
    0x18088ab4   0x00000014   Code   RO         6185    i.udp_init          lwip_udp.o
    0x18088ac8   0x00000184   Code   RO         6186    i.udp_input         lwip_udp.o
    0x18088c4c   0x00000034   Code   RO         6187    i.udp_netif_ipv4_addr_changed  lwip_udp.o
    0x18088c80   0x0000002c   Code   RO         6188    i.udp_new           lwip_udp.o
    0x18088cac   0x0000002c   Code   RO         6189    i.udp_new_ip_type   lwip_udp.o
    0x18088cd8   0x00000006   Code   RO         6190    i.udp_recv          lwip_udp.o
    0x18088cde   0x00000002   PAD
    0x18088ce0   0x00000030   Code   RO         6191    i.udp_remove        lwip_udp.o
    0x18088d10   0x00000088   Code   RO         6192    i.udp_send          lwip_udp.o
    0x18088d98   0x00000080   Code   RO         6193    i.udp_sendto        lwip_udp.o
    0x18088e18   0x00000042   Code   RO         6194    i.udp_sendto_if     lwip_udp.o
    0x18088e5a   0x00000118   Code   RO         6195    i.udp_sendto_if_src  lwip_udp.o
    0x18088f72   0x00000002   PAD
    0x18088f74   0x000000f4   Code   RO        12091    i.unmark_ip_in_table  wifi_sta_ap.ar(dhcps.o)
    0x18089068   0x00000020   Code   RO        11013    i.update_measure_value  baidu_measure_time.o
    0x18089088   0x000001c8   Code   RO        10768    i.upnp_event_var_change_notify  upnpevents.o
    0x18089250   0x00000010   Code   RO         8570    i.us_ticker_clear_interrupt  us_ticker.o
    0x18089260   0x00000010   Code   RO         8571    i.us_ticker_disable_interrupt  us_ticker.o
    0x18089270   0x000000dc   Code   RO         8572    i.us_ticker_init    us_ticker.o
    0x1808934c   0x0000000c   Code   RO         7935    i.us_ticker_irq_handler  mbed_us_ticker_api.o
    0x18089358   0x00000060   Code   RO         8573    i.us_ticker_read    us_ticker.o
    0x180893b8   0x000000bc   Code   RO         8574    i.us_ticker_set_interrupt  us_ticker.o
    0x18089474   0x0000001c   Code   RO         7948    i.wait_ms           mbed_wait_api.o
    0x18089490   0x00000018   Code   RO         7949    i.wait_us           mbed_wait_api.o
    0x180894a8   0x00000118   Code   RO         5206    i.wifi_arch_enetif_init  rda5991h_wland.o
    0x180895c0   0x00000014   Code   RO        12892    i.wifi_inputEapolPkt  wifi_sta_ap.ar(wifi_wpa.o)
    0x180895d4   0x0000008c   Code   RO        12346    i.wland_add_ap_gtkey  wifi_sta_ap.ar(wland_if_ap.o)
    0x18089660   0x00000140   Code   RO        12297    i.wland_add_gtkey   wifi_sta_ap.ar(wland_if_sta.o)
    0x180897a0   0x00000110   Code   RO        12298    i.wland_add_ptkey   wifi_sta_ap.ar(wland_if_sta.o)
    0x180898b0   0x00000118   Code   RO        12299    i.wland_add_wep_key  wifi_sta_ap.ar(wland_if_sta.o)
    0x180899c8   0x000000f4   Code   RO        12347    i.wland_clear_joined_sta  wifi_sta_ap.ar(wland_if_ap.o)
    0x18089abc   0x00000584   Code   RO        12300    i.wland_connect     wifi_sta_ap.ar(wland_if_sta.o)
    0x1808a040   0x0000007c   Code   RO        12301    i.wland_connect_auto_rate  wifi_sta_ap.ar(wland_if_sta.o)
    0x1808a0bc   0x00000060   Code   RO        12348    i.wland_deauth_sta  wifi_sta_ap.ar(wland_if_ap.o)
    0x1808a11c   0x00000080   Code   RO        12349    i.wland_deauth_timer  wifi_sta_ap.ar(wland_if_ap.o)
    0x1808a19c   0x00000088   Code   RO        12869    i.wland_disable_sniffer  wifi_sta_ap.ar(wland_sniffer.o)
    0x1808a224   0x00000080   Code   RO        12302    i.wland_disauth     wifi_sta_ap.ar(wland_if_sta.o)
    0x1808a2a4   0x000000f0   Code   RO        12303    i.wland_disconnect  wifi_sta_ap.ar(wland_if_sta.o)
    0x1808a394   0x0000015c   Code   RO        12250    i.wland_fil_get_cmd_data_v2  wifi_sta_ap.ar(wland_if.o)
    0x1808a4f0   0x00000178   Code   RO        12251    i.wland_fil_set_cmd_data  wifi_sta_ap.ar(wland_if.o)
    0x1808a668   0x00000020   Code   RO        12252    i.wland_get_buf     wifi_sta_ap.ar(wland_if.o)
    0x1808a688   0x000000d0   Code   RO        12350    i.wland_get_cur_sta  wifi_sta_ap.ar(wland_if_ap.o)
    0x1808a758   0x00000038   Code   RO        12253    i.wland_get_databuf  wifi_sta_ap.ar(wland_if.o)
    0x1808a790   0x00000108   Code   RO        12351    i.wland_get_joined_sta_ip  wifi_sta_ap.ar(wland_if_ap.o)
    0x1808a898   0x0000048c   Code   RO        12846    i.wland_handle_async_info  wifi_sta_ap.ar(wland_recv.o)
    0x1808ad24   0x000000b8   Code   RO        12870    i.wland_notify_sniffer_handler  wifi_sta_ap.ar(wland_sniffer.o)
    0x1808addc   0x00000086   Code   RO        12254    i.wland_push_wid    wifi_sta_ap.ar(wland_if.o)
    0x1808ae62   0x00000002   PAD
    0x1808ae64   0x000001cc   Code   RO        12304    i.wland_reconnect   wifi_sta_ap.ar(wland_if_sta.o)
    0x1808b030   0x000000c0   Code   RO        12255    i.wland_reg_func    wifi_sta_ap.ar(wland_if.o)
    0x1808b0f0   0x0000016c   Code   RO        12847    i.wland_rx_frames   wifi_sta_ap.ar(wland_recv.o)
    0x1808b25c   0x000001a0   Code   RO        12421    i.wland_scan        wifi_sta_ap.ar(wland_scan.o)
    0x1808b3fc   0x000002e4   Code   RO        12422    i.wland_scan_handler  wifi_sta_ap.ar(wland_scan.o)
    0x1808b6e0   0x00000088   Code   RO        12423    i.wland_scan_order_result  wifi_sta_ap.ar(wland_scan.o)
    0x1808b768   0x00000004   Code   RO        12305    i.wland_set_11n_action  wifi_sta_ap.ar(wland_if_sta.o)
    0x1808b76c   0x0000008c   Code   RO        12306    i.wland_set_ARPoffload  wifi_sta_ap.ar(wland_if_sta.o)
    0x1808b7f8   0x000001e0   Code   RO        12355    i.wland_set_joined_sta_mac  wifi_sta_ap.ar(wland_if_ap.o)
    0x1808b9d8   0x00000020   Code   RO        12307    i.wland_set_sta_sleep  wifi_sta_ap.ar(wland_if_sta.o)
    0x1808b9f8   0x000004a8   Code   RO        12309    i.wland_sta_init    wifi_sta_ap.ar(wland_if_sta.o)
    0x1808bea0   0x00000038   Code   RO        12357    i.wland_sta_joined  wifi_sta_ap.ar(wland_if_ap.o)
    0x1808bed8   0x0000049c   Code   RO        12358    i.wland_start_ap    wifi_sta_ap.ar(wland_if_ap.o)
    0x1808c374   0x0000032c   Code   RO        12310    i.wland_start_join  wifi_sta_ap.ar(wland_if_sta.o)
    0x1808c6a0   0x00000110   Code   RO        12359    i.wland_stop_ap     wifi_sta_ap.ar(wland_if_ap.o)
    0x1808c7b0   0x0000030c   Code   RO        12256    i.wland_task        wifi_sta_ap.ar(wland_if.o)
    0x1808cabc   0x0000009c   Code   RO        12257    i.wland_tx_data     wifi_sta_ap.ar(wland_if.o)
    0x1808cb58   0x00000168   Code   RO        12258    i.wland_tx_msg      wifi_sta_ap.ar(wland_if.o)
    0x1808ccc0   0x000000a0   Code   RO        12259    i.wland_txip_data   wifi_sta_ap.ar(wland_if.o)
    0x1808cd60   0x00000300   Code   RO        12931    i.wpa_ap_init       wifi_sta_ap.ar(wifi_wpa_ap.o)
    0x1808d060   0x00000040   Code   RO        12932    i.wpa_ap_sta_init   wifi_sta_ap.ar(wifi_wpa_ap.o)
    0x1808d0a0   0x0000004e   Code   RO        12965    i.wpa_bss_get_vendor_ie_trinity  wifi_sta_ap.ar(wifi_wpa_get_suites.o)
    0x1808d0ee   0x00000002   PAD
    0x1808d0f0   0x00000090   Code   RO        13780    i.wpa_eapol_key_mic  wifi_sta_ap.ar(wifi_wpa_common.o)
    0x1808d180   0x00000100   Code   RO        12893    i.wpa_eapol_key_send  wifi_sta_ap.ar(wifi_wpa.o)
    0x1808d280   0x000000c8   Code   RO        13781    i.wpa_parse_generic  wifi_sta_ap.ar(wifi_wpa_common.o)
    0x1808d348   0x00000110   Code   RO        12935    i.wpa_parse_kde_ies  wifi_sta_ap.ar(wifi_wpa_ap.o)
    0x1808d458   0x0000040c   Code   RO        12966    i.wpa_parse_wpa_ie_rsn  wifi_sta_ap.ar(wifi_wpa_get_suites.o)
    0x1808d864   0x000003e4   Code   RO        12967    i.wpa_parse_wpa_ie_wpa  wifi_sta_ap.ar(wifi_wpa_get_suites.o)
    0x1808dc48   0x000000b4   Code   RO        13782    i.wpa_pmk_to_ptk    wifi_sta_ap.ar(wifi_wpa_common.o)
    0x1808dcfc   0x000009b4   Code   RO        12936    i.wpa_receive       wifi_sta_ap.ar(wifi_wpa_ap.o)
    0x1808e6b0   0x000000d0   Code   RO        12939    i.wpa_send_3_of_4   wifi_sta_ap.ar(wifi_wpa_ap.o)
    0x1808e780   0x0000022c   Code   RO        12940    i.wpa_send_eapol    wifi_sta_ap.ar(wifi_wpa_ap.o)
    0x1808e9ac   0x00000074   Code   RO        13783    i.wpa_sm_ether_send  wifi_sta_ap.ar(wifi_wpa_common.o)
    0x1808ea20   0x00000b88   Code   RO        12894    i.wpa_sm_rx_eapol   wifi_sta_ap.ar(wifi_wpa.o)
    0x1808f5a8   0x00000104   Code   RO        12895    i.wpa_sm_set_gtk    wifi_sta_ap.ar(wifi_wpa.o)
    0x1808f6ac   0x00000034   Code   RO        12941    i.wpa_start_eapol   wifi_sta_ap.ar(wifi_wpa_ap.o)
    0x1808f6e0   0x00000150   Code   RO        12896    i.wpa_supplicant_check_group_cipher  wifi_sta_ap.ar(wifi_wpa.o)
    0x1808f830   0x000000fc   Code   RO        12968    i.wpa_supplicant_get_encrypt  wifi_sta_ap.ar(wifi_wpa_get_suites.o)
    0x1808f92c   0x000001a8   Code   RO        12969    i.wpa_supplicant_get_wpaIe  wifi_sta_ap.ar(wifi_wpa_get_suites.o)
    0x1808fad4   0x000002d0   Code   RO        12897    i.wpa_supplicant_install_gtk  wifi_sta_ap.ar(wifi_wpa.o)
    0x1808fda4   0x000000e0   Code   RO        12898    i.wpa_supplicant_pairwise_gtk  wifi_sta_ap.ar(wifi_wpa.o)
    0x1808fe84   0x00000178   Code   RO        12899    i.wpa_supplicant_parse_ies  wifi_sta_ap.ar(wifi_wpa.o)
    0x1808fffc   0x00000626   Code   RO        12900    i.wpa_supplicant_process_1_of_2  wifi_sta_ap.ar(wifi_wpa.o)
    0x18090622   0x00000002   PAD
    0x18090624   0x000002e4   Code   RO        12901    i.wpa_supplicant_process_1_of_4  wifi_sta_ap.ar(wifi_wpa.o)
    0x18090908   0x00000140   Code   RO        12902    i.wpa_supplicant_send_2_of_4  wifi_sta_ap.ar(wifi_wpa.o)
    0x18090a48   0x000001f0   Code   RO        12903    i.wpa_supplicant_send_4_of_4  wifi_sta_ap.ar(wifi_wpa.o)
    0x18090c38   0x00000218   Code   RO        12970    i.wpa_supplicant_set_suites  wifi_sta_ap.ar(wifi_wpa_get_suites.o)
    0x18090e50   0x00000210   Code   RO        12904    i.wpa_supplicant_verify_eapol_key_mic  wifi_sta_ap.ar(wifi_wpa.o)
    0x18091060   0x00000044   Code   RO        12023    i.wr_rf_usb_reg     hal.ar(rda_ccfg_api.o)
    0x180910a4   0x000006b0   Code   RO         4989    i.x509_crt_parse_der_core  x509_crt.o
    0x18091754   0x00000200   Code   RO         4990    i.x509_crt_verify_child  x509_crt.o
    0x18091954   0x000001de   Code   RO         4991    i.x509_crt_verify_top  x509_crt.o
    0x18091b32   0x000000d0   Code   RO         4992    i.x509_name_cmp     x509_crt.o
    0x18091c02   0x00000002   PAD
    0x18091c04   0x00000040   Code   RO         4965    i.x509_parse_int    x509.o
    0x18091c44   0x00000194   Code   RO        11518    i.you_333_GeneratePacket_001  dataProcess.o
    0x18091dd8   0x00000208   Code   RO        11519    i.you_333_GeneratePacket_002  dataProcess.o
    0x18091fe0   0x000001a8   Code   RO        11520    i.you_333_KeepData_001  dataProcess.o
    0x18092188   0x00000128   Code   RO        11521    i.you_333_KeepPacket_001  dataProcess.o
    0x180922b0   0x00000004   Code   RO        11878    i.yt_vad_rda_8000_close_session  yt_vad_rda_8000_rb.ar(yt_vad_rda_interface.o)
    0x180922b4   0x0000001c   Code   RO        11879    i.yt_vad_rda_8000_get_instance  yt_vad_rda_8000_rb.ar(yt_vad_rda_interface.o)
    0x180922d0   0x0000000a   Code   RO        11881    i.yt_vad_rda_8000_initialize  yt_vad_rda_8000_rb.ar(yt_vad_rda_interface.o)
    0x180922da   0x00000018   Code   RO        11882    i.yt_vad_rda_8000_input_data_to_end  yt_vad_rda_8000_rb.ar(yt_vad_rda_interface.o)
    0x180922f2   0x00000014   Code   RO        11883    i.yt_vad_rda_8000_input_data_to_start  yt_vad_rda_8000_rb.ar(yt_vad_rda_interface.o)
    0x18092306   0x00000004   Code   RO        11884    i.yt_vad_rda_8000_reset_for_new_start  yt_vad_rda_8000_rb.ar(yt_vad_rda_interface.o)
    0x1809230a   0x00000002   PAD
    0x1809230c   0x00000028   Code   RO        11886    i.yt_vad_rda_8000_set_memory_buffer  yt_vad_rda_8000_rb.ar(yt_vad_rda_interface.o)
    0x18092334   0x00000004   Code   RO        11888    i.yt_vad_rda_8000_start_session  yt_vad_rda_8000_rb.ar(yt_vad_rda_interface.o)
    0x18092338   0x00000106   Code   RO        12660    i.ytv_asr_GetAverageAmp_MIA  yt_vad_rda_8000_rb.ar(yt_vad_mia_816_fix_rb.o)
    0x1809243e   0x00000002   PAD
    0x18092440   0x00000410   Code   RO        13225    i.ytv_asr_mia_fft_INT32  yt_vad_rda_8000_rb.ar(ytv_asr_mia_math.o)
    0x18092850   0x000003c8   Code   RO        13226    i.ytv_asr_mia_inv_fft_INT32  yt_vad_rda_8000_rb.ar(ytv_asr_mia_math.o)
    0x18092c18   0x00000098   Code   RO        13227    i.ytv_asr_mia_sqrt_x_y_INT_004  yt_vad_rda_8000_rb.ar(ytv_asr_mia_math.o)
    0x18092cb0   0x00000094   Code   RO        12661    i.ytv_asr_mia_vad_clear  yt_vad_rda_8000_rb.ar(yt_vad_mia_816_fix_rb.o)
    0x18092d44   0x00000020   Code   RO        12662    i.ytv_asr_mia_vad_close_session  yt_vad_rda_8000_rb.ar(yt_vad_mia_816_fix_rb.o)
    0x18092d64   0x000004f0   Code   RO        12663    i.ytv_asr_mia_vad_fill_frame_struct  yt_vad_rda_8000_rb.ar(yt_vad_mia_816_fix_rb.o)
    0x18093254   0x00000036   Code   RO        12667    i.ytv_asr_mia_vad_get_par  yt_vad_rda_8000_rb.ar(yt_vad_mia_816_fix_rb.o)
    0x1809328a   0x00000002   PAD
    0x1809328c   0x000000fc   Code   RO        12670    i.ytv_asr_mia_vad_initialize  yt_vad_rda_8000_rb.ar(yt_vad_mia_816_fix_rb.o)
    0x18093388   0x00000632   Code   RO        12671    i.ytv_asr_mia_vad_input_data_for_tail_888  yt_vad_rda_8000_rb.ar(yt_vad_mia_816_fix_rb.o)
    0x180939ba   0x000000c4   Code   RO        12672    i.ytv_asr_mia_vad_input_data_to_end  yt_vad_rda_8000_rb.ar(yt_vad_mia_816_fix_rb.o)
    0x18093a7e   0x00000002   PAD
    0x18093a80   0x00000800   Code   RO        12673    i.ytv_asr_mia_vad_input_data_to_end_888  yt_vad_rda_8000_rb.ar(yt_vad_mia_816_fix_rb.o)
    0x18094280   0x0000012e   Code   RO        12674    i.ytv_asr_mia_vad_input_data_to_start  yt_vad_rda_8000_rb.ar(yt_vad_mia_816_fix_rb.o)
    0x180943ae   0x00000002   PAD
    0x180943b0   0x00000878   Code   RO        12675    i.ytv_asr_mia_vad_input_data_to_start_888  yt_vad_rda_8000_rb.ar(yt_vad_mia_816_fix_rb.o)
    0x18094c28   0x00000064   Code   RO        12678    i.ytv_asr_mia_vad_reset_for_new_start  yt_vad_rda_8000_rb.ar(yt_vad_mia_816_fix_rb.o)
    0x18094c8c   0x00000058   Code   RO        12688    i.ytv_asr_mia_vad_start_session  yt_vad_rda_8000_rb.ar(yt_vad_mia_816_fix_rb.o)
    0x18094ce4   0x000000c4   Code   RO        12694    i.ytv_mia_vad_rb_read_data  yt_vad_rda_8000_rb.ar(yt_vad_mia_816_fix_rb.o)
    0x18094da8   0x00000174   Code   RO        12696    i.ytv_mia_vad_rb_write_data  yt_vad_rda_8000_rb.ar(yt_vad_mia_816_fix_rb.o)
    0x18094f1c   0x0000002c   Code   RO        15974    locale$$code        c_w.l(lc_ctype_c.o)
    0x18094f48   0x0000002c   Code   RO        16745    locale$$code        c_w.l(lc_numeric_c.o)
    0x18094f74   0x0000004c   Code   RO         6805    t._ZN12SingletonPtrIN4rtos5MutexEEptEv  FlashIAP.o
    0x18094fc0   0x0000000e   Code   RO        16811    t._ZN4__rw18__rw_locale_vectorIPNS_8__rw_catEED1Ev  cpp_ws.l(rwcats.o)
    0x18094fce   0x00000004   Code   RO          765    t._ZN4mbed8CallbackIFvvEE11_boundthunkIvEEvPvS4_  wifi_manage.o
    0x18094fd2   0x00000014   Code   RO         2687    t._ZN4mbed8CallbackIFvvEE12_methodthunkI7rda58xxEEvPvS5_  rda58xx.o
    0x18094fe6   0x00000014   Code   RO         9988    t._ZN4mbed8CallbackIFvvEE12_methodthunkI9DuerTimerEEvPvS5_  lightduer_timers.o
    0x18094ffa   0x00000014   Code   RO        11846    t._ZN4mbed8CallbackIFvvEE12_methodthunkIN4duer10YTGpadcKeyEEEvPvS6_  yt_key.o
    0x1809500e   0x00000014   Code   RO        11362    t._ZN4mbed8CallbackIFvvEE12_methodthunkIN4duer14YTMediaManagerEEEvPvS6_  YTManage.o
    0x18095022   0x00000004   Code   RO          242    t._ZN4mbed8CallbackIFvvEE12_staticthunkEPvS3_  deepbrain_app.o
    0x18095026   0x0000000e   Code   RO         6530    t._ZN4mbed8CallbackIFvvEE5thunkEPv  Socket.o
    0x18095034   0x00000018   Code   RO        15682    x$fpl$basic         fz_wm.l(basic.o)
    0x1809504c   0x00000062   Code   RO        15684    x$fpl$d2f           fz_wm.l(d2f.o)
    0x180950ae   0x00000002   PAD
    0x180950b0   0x00000150   Code   RO        15686    x$fpl$dadd          fz_wm.l(daddsub_clz.o)
    0x18095200   0x00000010   Code   RO        16913    x$fpl$dcheck1       fz_wm.l(dcheck1.o)
    0x18095210   0x00000018   Code   RO        16582    x$fpl$dcmpinf       fz_wm.l(dcmpi.o)
    0x18095228   0x000002b0   Code   RO        15693    x$fpl$ddiv          fz_wm.l(ddiv.o)
    0x180954d8   0x00000078   Code   RO        15696    x$fpl$deqf          fz_wm.l(deqf.o)
    0x18095550   0x0000005e   Code   RO        15698    x$fpl$dfix          fz_wm.l(dfix.o)
    0x180955ae   0x00000002   PAD
    0x180955b0   0x0000005a   Code   RO        15702    x$fpl$dfixu         fz_wm.l(dfixu.o)
    0x1809560a   0x0000002e   Code   RO        15707    x$fpl$dflt          fz_wm.l(dflt_clz.o)
    0x18095638   0x00000026   Code   RO        15706    x$fpl$dfltu         fz_wm.l(dflt_clz.o)
    0x1809565e   0x00000002   PAD
    0x18095660   0x00000078   Code   RO        15712    x$fpl$dleqf         fz_wm.l(dleqf.o)
    0x180956d8   0x00000154   Code   RO        15714    x$fpl$dmul          fz_wm.l(dmul.o)
    0x1809582c   0x0000009c   Code   RO        16584    x$fpl$dnaninf       fz_wm.l(dnaninf.o)
    0x180958c8   0x0000000c   Code   RO        16586    x$fpl$dretinf       fz_wm.l(dretinf.o)
    0x180958d4   0x0000006c   Code   RO        15716    x$fpl$drleqf        fz_wm.l(drleqf.o)
    0x18095940   0x00000016   Code   RO        15687    x$fpl$drsb          fz_wm.l(daddsub_clz.o)
    0x18095956   0x00000002   PAD
    0x18095958   0x00000198   Code   RO        16588    x$fpl$dsqrt         fz_wm.l(dsqrt_umaal.o)
    0x18095af0   0x000001d4   Code   RO        15688    x$fpl$dsub          fz_wm.l(daddsub_clz.o)
    0x18095cc4   0x00000056   Code   RO        15718    x$fpl$f2d           fz_wm.l(f2d.o)
    0x18095d1a   0x0000008c   Code   RO        16590    x$fpl$fnaninf       fz_wm.l(fnaninf.o)
    0x18095da6   0x0000000a   Code   RO        16915    x$fpl$fpinit        fz_wm.l(fpinit.o)
    0x18095db0   0x0000000a   Code   RO        16592    x$fpl$fretinf       fz_wm.l(fretinf.o)
    0x18095dba   0x00000004   Code   RO        15720    x$fpl$printf1       fz_wm.l(printf1.o)
    0x18095dbe   0x00000004   Code   RO        16594    x$fpl$printf2       fz_wm.l(printf2.o)
    0x18095dc2   0x00000064   Code   RO        16987    x$fpl$retnan        fz_wm.l(retnan.o)
    0x18095e26   0x0000005c   Code   RO        16600    x$fpl$scalbn        fz_wm.l(scalbn.o)
    0x18095e82   0x00000030   Code   RO        17029    x$fpl$trapveneer    fz_wm.l(trapv.o)
    0x18095eb2   0x00000000   Code   RO        16604    x$fpl$usenofp       fz_wm.l(usenofp.o)
    0x18095eb2   0x00000002   PAD
    0x18095eb4   0x00002b18   Data   RO           19    .constdata          app_main.o
    0x180989cc   0x0002628c   Data   RO          170    .constdata          deepbrain_app.o
    0x180bec58   0x00000190   Data   RO          374    .constdata          factory_test.o
    0x180bede8   0x00000010   Data   RO          425    .constdata          airkiss_lan_discovery.o
    0x180bedf8   0x00003768   Data   RO          600    .constdata          mpush_service.o
    0x180c2560   0x000410a0   Data   RO          741    .constdata          wifi_manage.o
    0x18103600   0x00000118   Data   RO         1058    .constdata          app_framework.o
    0x18103718   0x00000007   Data   RO         1148    .constdata          cJSON.o
    0x1810371f   0x00000001   PAD
    0x18103720   0x00000400   Data   RO         1203    .constdata          crc_interface.o
    0x18103b20   0x00000028   Data   RO         1271    .constdata          socket_interface.o
    0x18103b48   0x00000090   Data   RO         1372    .constdata          lightduer_m4a_audio_specific_config.o
    0x18103bd8   0x00000044   Data   RO         2621    .constdata          rda58xx.o
    0x18103c1c   0x00000014   Data   RO         3242    .constdata          console.o
    0x18103c30   0x00017456   Data   RO         3308    .constdata          cc936.o
    0x1811b086   0x0000003a   Data   RO         3418    .constdata          ff.o
    0x1811b0c0   0x000000a3   Data   RO         3693    .constdata          sdmmc.o
    0x1811b163   0x00000001   PAD
    0x1811b164   0x00002228   Data   RO         4104    .constdata          aes.o
    0x1811d38c   0x000000c0   Data   RO         4169    .constdata          base64.o
    0x1811d44c   0x0000001c   Data   RO         4359    .constdata          cipher_wrap.o
    0x1811d468   0x0000001c   Data   RO         4360    .constdata          cipher_wrap.o
    0x1811d484   0x0000001c   Data   RO         4361    .constdata          cipher_wrap.o
    0x1811d4a0   0x0000001c   Data   RO         4362    .constdata          cipher_wrap.o
    0x1811d4bc   0x0000001c   Data   RO         4363    .constdata          cipher_wrap.o
    0x1811d4d8   0x0000001c   Data   RO         4364    .constdata          cipher_wrap.o
    0x1811d4f4   0x0000001c   Data   RO         4365    .constdata          cipher_wrap.o
    0x1811d510   0x0000001c   Data   RO         4366    .constdata          cipher_wrap.o
    0x1811d52c   0x0000001c   Data   RO         4367    .constdata          cipher_wrap.o
    0x1811d548   0x0000001c   Data   RO         4368    .constdata          cipher_wrap.o
    0x1811d564   0x0000001c   Data   RO         4369    .constdata          cipher_wrap.o
    0x1811d580   0x0000001c   Data   RO         4370    .constdata          cipher_wrap.o
    0x1811d59c   0x0000001c   Data   RO         4371    .constdata          cipher_wrap.o
    0x1811d5b8   0x0000001c   Data   RO         4372    .constdata          cipher_wrap.o
    0x1811d5d4   0x0000001c   Data   RO         4373    .constdata          cipher_wrap.o
    0x1811d5f0   0x0000001c   Data   RO         4374    .constdata          cipher_wrap.o
    0x1811d60c   0x0000001c   Data   RO         4375    .constdata          cipher_wrap.o
    0x1811d628   0x0000001c   Data   RO         4376    .constdata          cipher_wrap.o
    0x1811d644   0x0000001c   Data   RO         4377    .constdata          cipher_wrap.o
    0x1811d660   0x0000001c   Data   RO         4378    .constdata          cipher_wrap.o
    0x1811d67c   0x00000080   Data   RO         4379    .constdata          cipher_wrap.o
    0x1811d6fc   0x00000980   Data   RO         4462    .constdata          des.o
    0x1811e07c   0x00000040   Data   RO         4546    .constdata          md5.o
    0x1811e0bc   0x00000030   Data   RO         4579    .constdata          md_wrap.o
    0x1811e0ec   0x00000030   Data   RO         4580    .constdata          md_wrap.o
    0x1811e11c   0x00000030   Data   RO         4581    .constdata          md_wrap.o
    0x1811e14c   0x00000030   Data   RO         4582    .constdata          md_wrap.o
    0x1811e17c   0x000004f8   Data   RO         4623    .constdata          oid.o
    0x1811e674   0x00000030   Data   RO         4685    .constdata          pk_wrap.o
    0x1811e6a4   0x00000040   Data   RO         4752    .constdata          sha1.o
    0x1811e6e4   0x00000140   Data   RO         4769    .constdata          sha256.o
    0x1811e824   0x000003cc   Data   RO         4785    .constdata          ssl_ciphersuites.o
    0x1811ebf0   0x000000b8   Data   RO         4993    .constdata          x509_crt.o
    0x1811eca8   0x00000010   Data   RO         4995    .constdata          x509_crt.o
    0x1811ecb8   0x00000004   Data   RO         5160    .constdata          lwip_sys_arch.o
    0x1811ecbc   0x00000044   Data   RO         5434    .constdata          lwip_sockets.o
    0x1811ed00   0x00000004   Data   RO         5663    .constdata          lwip_ip4_addr.o
    0x1811ed04   0x00000004   Data   RO         5664    .constdata          lwip_ip4_addr.o
    0x1811ed08   0x0000000c   Data   RO         5857    .constdata          lwip_memp.o
    0x1811ed14   0x0000000c   Data   RO         5858    .constdata          lwip_memp.o
    0x1811ed20   0x0000000c   Data   RO         5859    .constdata          lwip_memp.o
    0x1811ed2c   0x0000000c   Data   RO         5860    .constdata          lwip_memp.o
    0x1811ed38   0x0000000c   Data   RO         5861    .constdata          lwip_memp.o
    0x1811ed44   0x0000000c   Data   RO         5862    .constdata          lwip_memp.o
    0x1811ed50   0x0000000c   Data   RO         5863    .constdata          lwip_memp.o
    0x1811ed5c   0x0000000c   Data   RO         5864    .constdata          lwip_memp.o
    0x1811ed68   0x0000000c   Data   RO         5865    .constdata          lwip_memp.o
    0x1811ed74   0x0000000c   Data   RO         5866    .constdata          lwip_memp.o
    0x1811ed80   0x0000000c   Data   RO         5867    .constdata          lwip_memp.o
    0x1811ed8c   0x0000000c   Data   RO         5868    .constdata          lwip_memp.o
    0x1811ed98   0x0000000c   Data   RO         5869    .constdata          lwip_memp.o
    0x1811eda4   0x0000000c   Data   RO         5870    .constdata          lwip_memp.o
    0x1811edb0   0x0000000c   Data   RO         5871    .constdata          lwip_memp.o
    0x1811edbc   0x0000000c   Data   RO         5872    .constdata          lwip_memp.o
    0x1811edc8   0x00000040   Data   RO         5873    .constdata          lwip_memp.o
    0x1811ee08   0x00000054   Data   RO         6068    .constdata          lwip_tcp.o
    0x1811ee5c   0x00000038   Data   RO         6167    .constdata          lwip_timeouts.o
    0x1811ee94   0x00000006   Data   RO         6218    .constdata          lwip_ethernet.o
    0x1811ee9a   0x00000006   Data   RO         6219    .constdata          lwip_ethernet.o
    0x1811eea0   0x00000048   Data   RO         6281    .constdata          lwip_stack.o
    0x1811eee8   0x00000004   Data   RO         6282    .constdata          lwip_stack.o
    0x1811eeec   0x00000014   Data   RO         7848    .constdata          mbed_lp_ticker_api.o
    0x1811ef00   0x00000008   Data   RO         7849    .constdata          mbed_lp_ticker_api.o
    0x1811ef08   0x00000014   Data   RO         7936    .constdata          mbed_us_ticker_api.o
    0x1811ef1c   0x00000008   Data   RO         7937    .constdata          mbed_us_ticker_api.o
    0x1811ef24   0x00000017   Data   RO         8026    .constdata          retarget.o
    0x1811ef3b   0x00000001   PAD
    0x1811ef3c   0x0000003c   Data   RO         8160    .constdata          analogin_api.o
    0x1811ef78   0x000001a4   Data   RO         8186    .constdata          gpio_api.o
    0x1811f11c   0x00000070   Data   RO         8205    .constdata          gpio_irq_api.o
    0x1811f18c   0x00000030   Data   RO         8360    .constdata          rda_gpadc_api.o
    0x1811f1bc   0x00000090   Data   RO         8501    .constdata          serial_api.o
    0x1811f24c   0x00000002   Data   RO         8743    .constdata          RTX_Conf_CM.o
    0x1811f24e   0x00000002   PAD
    0x1811f250   0x00000004   Data   RO         8744    .constdata          RTX_Conf_CM.o
    0x1811f254   0x00000004   Data   RO         8745    .constdata          RTX_Conf_CM.o
    0x1811f258   0x00000004   Data   RO         8749    .constdata          RTX_Conf_CM.o
    0x1811f25c   0x00000001   Data   RO         8750    .constdata          RTX_Conf_CM.o
    0x1811f25d   0x00000003   PAD
    0x1811f260   0x00000014   Data   RO         8751    .constdata          RTX_Conf_CM.o
    0x1811f274   0x00000002   Data   RO         8752    .constdata          RTX_Conf_CM.o
    0x1811f276   0x00000002   PAD
    0x1811f278   0x00000004   Data   RO         8753    .constdata          RTX_Conf_CM.o
    0x1811f27c   0x00000001   Data   RO         8754    .constdata          RTX_Conf_CM.o
    0x1811f27d   0x00000003   PAD
    0x1811f280   0x00000014   Data   RO         8755    .constdata          RTX_Conf_CM.o
    0x1811f294   0x00000008   Data   RO         8756    .constdata          RTX_Conf_CM.o
    0x1811f29c   0x00000002   Data   RO         8757    .constdata          RTX_Conf_CM.o
    0x1811f29e   0x00000002   PAD
    0x1811f2a0   0x00000008   Data   RO         9530    .constdata          lightduer_memory.o
    0x1811f2a8   0x00000028   Data   RO         9613    .constdata          lightduer_net_transport_wrapper.o
    0x1811f2d0   0x0000000f   Data   RO         9763    .constdata          lightduer_http_client_ops.o
    0x1811f2df   0x00000001   PAD
    0x1811f2e0   0x00000008   Data   RO         9978    .constdata          lightduer_timers.o
    0x1811f2e8   0x00000018   Data   RO        10143    .constdata          baidu_media_data_manager.o
    0x1811f300   0x00000008   Data   RO        10551    .constdata          baidu_media_play_m4a.o
    0x1811f308   0x000000ba   Data   RO        10570    .constdata          baidu_mp3_frame_header_parser.o
    0x1811f3c2   0x00000002   PAD
    0x1811f3c4   0x00001b80   Data   RO        11303    .constdata          YTManage.o
    0x18120f44   0x00001f38   Data   RO        11472    .constdata          SpiLocal.o
    0x18122e7c   0x00002b08   Data   RO        11473    .constdata          SpiLocal.o
    0x18125984   0x00000ea0   Data   RO        11474    .constdata          SpiLocal.o
    0x18126824   0x00000cf0   Data   RO        11475    .constdata          SpiLocal.o
    0x18127514   0x00000a20   Data   RO        11476    .constdata          SpiLocal.o
    0x18127f34   0x00000a20   Data   RO        11477    .constdata          SpiLocal.o
    0x18128954   0x00000948   Data   RO        11478    .constdata          SpiLocal.o
    0x1812929c   0x00000a20   Data   RO        11479    .constdata          SpiLocal.o
    0x18129cbc   0x00000040   Data   RO        11480    .constdata          SpiLocal.o
    0x18129cfc   0x00000184   Data   RO        11522    .constdata          dataProcess.o
    0x18129e80   0x00001b48   Data   RO        11762    .constdata          vbat.o
    0x1812b9c8   0x00000010   Data   RO        11824    .constdata          yt_key.o
    0x1812b9d8   0x00000020   Data   RO        11855    .constdata          yt_nb_amr_decoder_rda.ar(amr_codec_cns.o)
    0x1812b9f8   0x00000004   Data   RO        11977    .constdata          libairkiss.ar(airlink.o)
    0x1812b9fc   0x0000001c   Data   RO        12000    .constdata          hal.ar(rda_ccfg_api.o)
    0x1812ba18   0x0000000c   Data   RO        12122    .constdata          wifi_sta_ap.ar(maclib_task.o)
    0x1812ba24   0x0000031a   Data   RO        12183    .constdata          wifi_sta_ap.ar(wland_flash.o)
    0x1812bd3e   0x00000002   PAD
    0x1812bd40   0x00000123   Data   RO        12262    .constdata          wifi_sta_ap.ar(wland_if.o)
    0x1812be63   0x00000129   Data   RO        12314    .constdata          wifi_sta_ap.ar(wland_if_sta.o)
    0x1812bf8c   0x0000019b   Data   RO        12364    .constdata          wifi_sta_ap.ar(wland_if_ap.o)
    0x1812c127   0x00000122   Data   RO        12425    .constdata          wifi_sta_ap.ar(wland_scan.o)
    0x1812c249   0x00000003   PAD
    0x1812c24c   0x00000039   Data   RO        12519    .constdata          lib_airkiss.ar(rda_airkiss.o)
    0x1812c285   0x00000001   PAD
    0x1812c286   0x00001784   Data   RO        12541    .constdata          yt_nb_amr_decoder_rda.ar(interf_dec.o)
    0x1812da0a   0x00000010   Data   RO        12838    .constdata          wifi_sta_ap.ar(csl_mbed.o)
    0x1812da1a   0x0000009d   Data   RO        12849    .constdata          wifi_sta_ap.ar(wland_recv.o)
    0x1812dab7   0x00000110   Data   RO        12872    .constdata          wifi_sta_ap.ar(wland_sniffer.o)
    0x1812dbc7   0x00000001   PAD
    0x1812dbc8   0x0000ce34   Data   RO        12999    .constdata          yt_nb_amr_decoder_rda.ar(sp_dec.o)
    0x1813a9fc   0x000000f0   Data   RO        13107    .constdata          SoundTouch.ar(TDStretch.o)
    0x1813aaec   0x0000160c   Data   RO        13228    .constdata          yt_vad_rda_8000_rb.ar(ytv_asr_mia_math.o)
    0x1813c0f8   0x0000001c   Data   RO        13674    .constdata          wifi_sta_ap.ar(maccontroller.o)
    0x1813c114   0x00000082   Data   RO        13678    .constdata          wifi_sta_ap.ar(mac_init.o)
    0x1813c196   0x0000001d   Data   RO        13710    .constdata          wifi_sta_ap.ar(pm_sta.o)
    0x1813c1b3   0x00000012   Data   RO        13714    .constdata          wifi_sta_ap.ar(virtual_host_if.o)
    0x1813c1c5   0x00000012   Data   RO        13718    .constdata          wifi_sta_ap.ar(host_if.o)
    0x1813c1d7   0x0000000e   Data   RO        13726    .constdata          wifi_sta_ap.ar(imem.o)
    0x1813c1e5   0x00000003   PAD
    0x1813c1e8   0x00000030   Data   RO        13731    .constdata          wifi_sta_ap.ar(imem_if.o)
    0x1813c218   0x00000ed4   Data   RO        14493    .constdata          wifi_sta_ap.ar(iconfig.o)
    0x1813d0ec   0x000000bc   Data   RO        14511    .constdata          wifi_sta_ap.ar(sme_sta.o)
    0x1813d1a8   0x00000011   Data   RO        14515    .constdata          wifi_sta_ap.ar(management_11e.o)
    0x1813d1b9   0x00000003   PAD
    0x1813d1bc   0x00000018   Data   RO        14534    .constdata          wifi_sta_ap.ar(blockack.o)
    0x1813d1d4   0x00000023   Data   RO        14541    .constdata          wifi_sta_ap.ar(management_11n.o)
    0x1813d1f7   0x0000001f   Data   RO        14604    .constdata          wifi_sta_ap.ar(fsm.o)
    0x1813d216   0x0000000a   Data   RO        14608    .constdata          wifi_sta_ap.ar(index_util.o)
    0x1813d220   0x00000048   Data   RO        14663    .constdata          wifi_sta_ap.ar(chan_mgmt_ap.o)
    0x1813d268   0x0000005c   Data   RO        14669    .constdata          wifi_sta_ap.ar(management_ap.o)
    0x1813d2c4   0x00000014   Data   RO        14694    .constdata          wifi_sta_ap.ar(channel_sw.o)
    0x1813d2d8   0x00000088   Data   RO        14712    .constdata          wifi_sta_ap.ar(ce_lut.o)
    0x1813d360   0x000000f6   Data   RO        14716    .constdata          wifi_sta_ap.ar(mh.o)
    0x1813d456   0x00000002   PAD
    0x1813d458   0x00000180   Data   RO        14725    .constdata          wifi_sta_ap.ar(phy_ittiam_40mhz.o)
    0x1813d5d8   0x00000024   Data   RO        14735    .constdata          wifi_sta_ap.ar(phy_802_11n.o)
    0x1813d5fc   0x00000010   Data   RO        14736    .constdata          wifi_sta_ap.ar(phy_802_11n.o)
    0x1813d60c   0x00000f38   Data   RO        14750    .constdata          wifi_sta_ap.ar(vco_rda_ittiam.o)
    0x1813e544   0x00000010   Data   RO        14763    .constdata          wifi_sta_ap.ar(qmu_rx.o)
    0x1813e554   0x00000010   Data   RO        14767    .constdata          wifi_sta_ap.ar(qmu_tx.o)
    0x1813e564   0x00000011   Data   RO        14859    .constdata          wifi_sta_ap.ar(frame_ap.o)
    0x1813e575   0x0000001b   Data   RO        14862    .constdata          wifi_sta_ap.ar(host_rx_mlme_ap.o)
    0x1813e590   0x0000001c   Data   RO        14867    .constdata          wifi_sta_ap.ar(pm_ap.o)
    0x1813e5ac   0x00000048   Data   RO        14870    .constdata          wifi_sta_ap.ar(wlan_misc_ap.o)
    0x1813e5f4   0x0000002d   Data   RO        14879    .constdata          wifi_sta_ap.ar(ieee_11i_sta.o)
    0x1813e621   0x00000039   Data   RO        14888    .constdata          wifi_sta_ap.ar(host_rx_mlme_sta.o)
    0x1813e65a   0x00000026   Data   RO        14894    .constdata          wifi_sta_ap.ar(management_sta.o)
    0x1813e680   0x00000011   Data   RO        14898    .constdata          wifi_sta_ap.ar(wlan_misc_sta.o)
    0x1813e691   0x00000003   PAD
    0x1813e694   0x000000f3   Data   RO        14901    .constdata          wifi_sta_ap.ar(wlan_rx_mgmt_sta.o)
    0x1813e787   0x00000013   Data   RO        14929    .constdata          wifi_sta_ap.ar(tkip_sta.o)
    0x1813e79a   0x00000002   PAD
    0x1813e79c   0x00000070   Data   RO        14932    .constdata          wifi_sta_ap.ar(filter_action.o)
    0x1813e80c   0x00000028   Data   RO        15096    .constdata          c_w.l(_printf_hex_int_ll_ptr.o)
    0x1813e834   0x00000011   Data   RO        15116    .constdata          c_w.l(__printf_flags_ss_wp.o)
    0x1813e845   0x00000001   Data   RO        15678    .constdata          cpprt_w.l(nothrow_obj.o)
    0x1813e846   0x00000002   PAD
    0x1813e848   0x00000058   Data   RO        15767    .constdata          m_wm.l(exp.o)
    0x1813e8a0   0x00000038   Data   RO        15793    .constdata          m_wm.l(log.o)
    0x1813e8d8   0x00000088   Data   RO        15807    .constdata          m_wm.l(pow.o)
    0x1813e960   0x00000008   Data   RO        15908    .constdata          c_w.l(_printf_wctomb.o)
    0x1813e968   0x0000000c   Data   RO        15989    .constdata          c_w.l(_monlen.o)
    0x1813e974   0x00000004   PAD
    0x1813e978   0x00000030   Data   RO        16606    .constdata          m_wm.l(cos_i.o)
    0x1813e9a8   0x00000008   Data   RO        16626    .constdata          m_wm.l(qnan.o)
    0x1813e9b0   0x000000c8   Data   RO        16629    .constdata          m_wm.l(rred.o)
    0x1813ea78   0x00000028   Data   RO        16633    .constdata          m_wm.l(sin_i.o)
    0x1813eaa0   0x00000026   Data   RO        16657    .constdata          c_w.l(_printf_fp_hex.o)
    0x1813eac6   0x00000002   PAD
    0x1813eac8   0x00000094   Data   RO        16678    .constdata          c_w.l(bigflt0.o)
    0x1813eb5c   0x0000001c   Data   RO        10600    .constdata__ZTV12DLNAListener  baidu_dlna_media_cb.o
    0x1813eb78   0x0000002c   Data   RO         3488    .constdata__ZTV12FATDirHandle  FATDirHandle.o
    0x1813eba4   0x00000034   Data   RO         3545    .constdata__ZTV13FATFileHandle  FATFileHandle.o
    0x1813ebd8   0x00000050   Data   RO         3618    .constdata__ZTV13FATFileSystem  FATFileSystem.o
    0x1813ec28   0x00000050   Data   RO         3673    .constdata__ZTV15SDMMCFileSystem  SDMMCFileSystem.o
    0x1813ec78   0x000000a0   Data   RO         5125    .constdata__ZTV18WiFiStackInterface  WiFiStackInterface.o
    0x1813ed18   0x00000010   Data   RO        11453    .constdata__ZTV8SpiFLASH  SpiFlash.o
    0x1813ed28   0x00000010   Data   RO        11745    .constdata__ZTV9PlayLocal  YTLocal.o
    0x1813ed38   0x00000034   Data   RO        12637    .constdata__ZTVN10soundtouch10SoundTouchE  SoundTouch.ar(SoundTouch.o)
    0x1813ed6c   0x00000034   Data   RO        13218    .constdata__ZTVN10soundtouch14RateTransposerE  SoundTouch.ar(RateTransposer.o)
    0x1813eda0   0x0000002c   Data   RO        13220    .constdata__ZTVN10soundtouch14TransposerBaseE  SoundTouch.ar(RateTransposer.o)
    0x1813edcc   0x00000034   Data   RO        13848    .constdata__ZTVN10soundtouch16FIFOSampleBufferE  SoundTouch.ar(FIFOSampleBuffer.o)
    0x1813ee00   0x0000002c   Data   RO        13924    .constdata__ZTVN10soundtouch24InterpolateLinearIntegerE  SoundTouch.ar(InterpolateLinear.o)
    0x1813ee2c   0x00000020   Data   RO        13887    .constdata__ZTVN10soundtouch9FIRFilterE  SoundTouch.ar(FIRFilter.o)
    0x1813ee4c   0x00000048   Data   RO        13136    .constdata__ZTVN10soundtouch9TDStretchE  SoundTouch.ar(TDStretch.o)
    0x1813ee94   0x00000020   Data   RO        11000    .constdata__ZTVN4duer10FileBufferE  baidu_file_buffer.o
    0x1813eeb4   0x00000010   Data   RO        11845    .constdata__ZTVN4duer10YTGpadcKeyE  yt_key.o
    0x1813eec4   0x00000020   Data   RO        10973    .constdata__ZTVN4duer12CommonBufferE  baidu_common_buffer.o
    0x1813eee4   0x0000006c   Data   RO        10494    .constdata__ZTVN4duer12MediaAdapterE  baidu_media_play.o
    0x1813ef50   0x0000006c   Data   RO         2447    .constdata__ZTVN4duer14BaiduCodecBaseE  baidu_codec_base.o
    0x1813efbc   0x00000010   Data   RO        11361    .constdata__ZTVN4duer14YTMediaManagerE  YTManage.o
    0x1813efcc   0x0000001c   Data   RO        11359    .constdata__ZTVN4duer19YTMDMPlayerListenerE  YTManage.o
    0x1813efe8   0x0000001c   Data   RO        10357    .constdata__ZTVN4duer23MdmMeaidaPlayerListenerE  baidu_media_play_progress.o
    0x1813f004   0x00000018   Data   RO        10359    .constdata__ZTVN4duer23MediaPlayBufferListenerE  baidu_media_play_progress.o
    0x1813f01c   0x00000034   Data   RO         8084    .constdata__ZTVN4mbed10FileHandleE  retarget.o
    0x1813f050   0x00000018   Data   RO         7552    .constdata__ZTVN4mbed10SerialBaseE  SerialBase.o
    0x1813f068   0x00000014   Data   RO         7747    .constdata__ZTVN4mbed10TimerEventE  TimerEvent.o
    0x1813f07c   0x0000002c   Data   RO         7158    .constdata__ZTVN4mbed13BaseDirHandleE  FileSystemLike.o
    0x1813f0a8   0x00000024   Data   RO         7144    .constdata__ZTVN4mbed14FileSystemLikeE  FileSystemLike.o
    0x1813f0cc   0x0000006c   Data   RO         7482    .constdata__ZTVN4mbed6SerialE  Serial.o
    0x1813f138   0x0000004c   Data   RO         7638    .constdata__ZTVN4mbed6StreamE  Stream.o
    0x1813f184   0x00000014   Data   RO         7657    .constdata__ZTVN4mbed6TickerE  Ticker.o
    0x1813f198   0x00000014   Data   RO         7676    .constdata__ZTVN4mbed7TimeoutE  Timeout.o
    0x1813f1ac   0x00000018   Data   RO        11779    .constdata__ZTVN4mbed8AnalogInE  vbat.o
    0x1813f1c4   0x00000010   Data   RO         7060    .constdata__ZTVN4mbed8FileBaseE  FileBase.o
    0x1813f1d4   0x00000044   Data   RO         7085    .constdata__ZTVN4mbed8FileLikeE  FileLike.o
    0x1813f218   0x00000010   Data   RO         3300    .constdata__ZTVN4mbed8GpadcKeyE  gpadckey.o
    0x1813f228   0x00000018   Data   RO         7389    .constdata__ZTVN4mbed9RawSerialE  RawSerial.o
    0x1813f240   0x00000010   Data   RO         8702    .constdata__ZTVN4rtos6ThreadE  Thread.o
    0x1813f250   0x0000000f   Data   RO        12633    .constdata__ZZN10soundtouch13FIFOProcessor10setOutPipeEPNS_14FIFOSamplePipeEEs  SoundTouch.ar(SoundTouch.o)
    0x1813f25f   0x0000001c   Data   RO        12634    .constdata__ZZN10soundtouch13FIFOProcessor10setOutPipeEPNS_14FIFOSamplePipeEEs_0  SoundTouch.ar(SoundTouch.o)
    0x1813f27b   0x00000010   Data   RO        12635    .constdata__ZZN10soundtouch13FIFOProcessor10setOutPipeEPNS_14FIFOSamplePipeEEs_1  SoundTouch.ar(SoundTouch.o)
    0x1813f28b   0x00000043   Data   RO         9937    .constdata__ZZN11DuerHandler4postEPFviPvEiS0_Es  lightduer_events.o
    0x1813f2ce   0x0000001f   Data   RO         9938    .constdata__ZZN11DuerHandler4postEPFviPvEiS0_Es_0  lightduer_events.o
    0x1813f2ed   0x00000014   Data   RO         6803    .constdata__ZZN12SingletonPtrIN4rtos5MutexEE3getEvEs  FlashIAP.o
    0x1813f301   0x00000020   Data   RO         6804    .constdata__ZZN12SingletonPtrIN4rtos5MutexEE3getEvEs_0  FlashIAP.o
    0x1813f321   0x0000000e   Data   RO         3301    .constdata__ZZN4mbed8GpadcKey12_get_key_idxEtEs  gpadckey.o
    0x1813f32f   0x00000025   Data   RO          313    .constdata__ZZN4rtos5QueueIiLj5EEC1EvEs  events.o
    0x1813f354   0x0000000e   Data   RO         3302    .constdata___ARM__ZN4mbed8GpadcKey12_get_key_idxEt_anon0  gpadckey.o
    0x1813f362   0x00000002   PAD
    0x1813f364   0x00000065   Data   RO           20    .conststring        app_main.o
    0x1813f3c9   0x00000003   PAD
    0x1813f3cc   0x000002c9   Data   RO          375    .conststring        factory_test.o
    0x1813f695   0x00000003   PAD
    0x1813f698   0x00000045   Data   RO          426    .conststring        airkiss_lan_discovery.o
    0x1813f6dd   0x00000003   PAD
    0x1813f6e0   0x00000091   Data   RO          455    .conststring        asr_service.o
    0x1813f771   0x00000003   PAD
    0x1813f774   0x00000106   Data   RO          562    .conststring        dcl_mpush_push_stream.o
    0x1813f87a   0x00000002   PAD
    0x1813f87c   0x000002b6   Data   RO          785    .conststring        dcl_asr_api.o
    0x1813fb32   0x00000002   PAD
    0x1813fb34   0x00000085   Data   RO          824    .conststring        auth_crypto.o
    0x1813fbb9   0x00000003   PAD
    0x1813fbbc   0x00000041   Data   RO          843    .conststring        dcl_volume_decode.o
    0x1813fbfd   0x00000003   PAD
    0x1813fc00   0x00000195   Data   RO          853    .conststring        dcl_device_license.o
    0x1813fd95   0x00000003   PAD
    0x1813fd98   0x000000e0   Data   RO          863    .conststring        dcl_mpush_offline_msg.o
    0x1813fe78   0x00000112   Data   RO          883    .conststring        dcl_mpush_server_list.o
    0x1813ff8a   0x00000002   PAD
    0x1813ff8c   0x000000b8   Data   RO          971    .conststring        dcl_update_device_info.o
    0x18140044   0x000000a9   Data   RO          981    .conststring        dcl_update_time.o
    0x181400ed   0x00000003   PAD
    0x181400f0   0x000000ac   Data   RO          991    .conststring        dcl_tts_api.o
    0x1814019c   0x00000042   Data   RO         1218    .conststring        flash_operation_interface.o
    0x181401de   0x00000002   PAD
    0x181401e0   0x00000043   Data   RO         1373    .conststring        lightduer_m4a_audio_specific_config.o
    0x18140223   0x00000001   PAD
    0x18140224   0x00000041   Data   RO         2622    .conststring        rda58xx.o
    0x18140265   0x00000003   PAD
    0x18140268   0x00000021   Data   RO         3263    .conststring        rda_console.o
    0x18140289   0x00000003   PAD
    0x1814028c   0x0000000c   Data   RO         4380    .conststring        cipher_wrap.o
    0x18140298   0x0000000c   Data   RO         4381    .conststring        cipher_wrap.o
    0x181402a4   0x0000000c   Data   RO         4382    .conststring        cipher_wrap.o
    0x181402b0   0x0000000c   Data   RO         4383    .conststring        cipher_wrap.o
    0x181402bc   0x0000000c   Data   RO         4384    .conststring        cipher_wrap.o
    0x181402c8   0x0000000c   Data   RO         4385    .conststring        cipher_wrap.o
    0x181402d4   0x0000000c   Data   RO         4386    .conststring        cipher_wrap.o
    0x181402e0   0x0000000c   Data   RO         4387    .conststring        cipher_wrap.o
    0x181402ec   0x0000000c   Data   RO         4388    .conststring        cipher_wrap.o
    0x181402f8   0x00000008   Data   RO         4389    .conststring        cipher_wrap.o
    0x18140300   0x00000008   Data   RO         4390    .conststring        cipher_wrap.o
    0x18140308   0x0000000c   Data   RO         4391    .conststring        cipher_wrap.o
    0x18140314   0x0000000c   Data   RO         4392    .conststring        cipher_wrap.o
    0x18140320   0x0000000d   Data   RO         4393    .conststring        cipher_wrap.o
    0x1814032d   0x00000003   PAD
    0x18140330   0x0000000d   Data   RO         4394    .conststring        cipher_wrap.o
    0x1814033d   0x00000003   PAD
    0x18140340   0x00000004   Data   RO         4583    .conststring        md_wrap.o
    0x18140344   0x00000005   Data   RO         4584    .conststring        md_wrap.o
    0x18140349   0x00000003   PAD
    0x1814034c   0x00000007   Data   RO         4585    .conststring        md_wrap.o
    0x18140353   0x00000001   PAD
    0x18140354   0x00000007   Data   RO         4586    .conststring        md_wrap.o
    0x1814035b   0x00000001   PAD
    0x1814035c   0x000009ef   Data   RO         4624    .conststring        oid.o
    0x18140d4b   0x00000001   PAD
    0x18140d4c   0x00000111   Data   RO         4786    .conststring        ssl_ciphersuites.o
    0x18140e5d   0x00000003   PAD
    0x18140e60   0x00000406   Data   RO         4996    .conststring        x509_crt.o
    0x18141266   0x00000002   PAD
    0x18141268   0x00000075   Data   RO         6069    .conststring        lwip_tcp.o
    0x181412dd   0x00000003   PAD
    0x181412e0   0x00000042   Data   RO         8161    .conststring        analogin_api.o
    0x18141322   0x00000002   PAD
    0x18141324   0x00000042   Data   RO         8206    .conststring        gpio_irq_api.o
    0x18141366   0x00000002   PAD
    0x18141368   0x00000043   Data   RO         8361    .conststring        rda_gpadc_api.o
    0x181413ab   0x00000001   PAD
    0x181413ac   0x00000084   Data   RO         8502    .conststring        serial_api.o
    0x18141430   0x00000048   Data   RO         9570    .conststring        lightduer_net_trans_encrypted.o
    0x18141478   0x0000004a   Data   RO         9614    .conststring        lightduer_net_transport_wrapper.o
    0x181414c2   0x00000002   PAD
    0x181414c4   0x00000147   Data   RO         9735    .conststring        lightduer_http_client.o
    0x1814160b   0x00000001   PAD
    0x1814160c   0x00000042   Data   RO         9764    .conststring        lightduer_http_client_ops.o
    0x1814164e   0x00000002   PAD
    0x18141650   0x0000000e   Data   RO         9840    .conststring        baidu_ca_debug_adp.o
    0x1814165e   0x00000002   PAD
    0x18141660   0x00000045   Data   RO         9865    .conststring        baidu_ca_mutex_adp.o
    0x181416a5   0x00000003   PAD
    0x181416a8   0x00000044   Data   RO         9902    .conststring        baidu_ca_socket_adp.o
    0x181416ec   0x00000043   Data   RO         9979    .conststring        lightduer_timers.o
    0x1814172f   0x00000001   PAD
    0x18141730   0x00000052   Data   RO        10270    .conststring        baidu_media_manager.o
    0x18141782   0x00000002   PAD
    0x18141784   0x00000048   Data   RO        10587    .conststring        baidu_dlna_media_cb.o
    0x181417cc   0x00000033   Data   RO        10867    .conststring        upnpsoap.o
    0x181417ff   0x00000001   PAD
    0x18141800   0x00000019   Data   RO        11507    .conststring        authorize.o
    0x18141819   0x00000003   PAD
    0x1814181c   0x000000c5   Data   RO        12315    .conststring        wifi_sta_ap.ar(wland_if_sta.o)
    0x181418e1   0x00000003   PAD
    0x181418e4   0x00000046   Data   RO        12426    .conststring        wifi_sta_ap.ar(wland_scan.o)
    0x1814192a   0x00000002   PAD
    0x1814192c   0x00000427   Data   RO        12906    .conststring        wifi_sta_ap.ar(wifi_wpa.o)
    0x18141d53   0x00000001   PAD
    0x18141d54   0x0000006b   Data   RO        12944    .conststring        wifi_sta_ap.ar(wifi_wpa_ap.o)
    0x18141dbf   0x00000001   PAD
    0x18141dc0   0x00000042   Data   RO        12971    .conststring        wifi_sta_ap.ar(wifi_wpa_get_suites.o)
    0x18141e02   0x00000002   PAD
    0x18141e04   0x00000045   Data   RO        13108    .conststring        SoundTouch.ar(TDStretch.o)
    0x18141e49   0x00000003   PAD
    0x18141e4c   0x000004d1   Data   RO        14498    .conststring        wifi_sta_ap.ar(iconfig.o)
    0x1814231d   0x00000003   PAD
    0x18142320   0x0000004c   Data   RO        14535    .conststring        wifi_sta_ap.ar(blockack.o)
    0x1814236c   0x00000056   Data   RO        14670    .conststring        wifi_sta_ap.ar(management_ap.o)
    0x181423c2   0x00000002   PAD
    0x181423c4   0x00000051   Data   RO        14695    .conststring        wifi_sta_ap.ar(channel_sw.o)
    0x18142415   0x00000003   PAD
    0x18142418   0x000000d5   Data   RO        14755    .conststring        wifi_sta_ap.ar(filter.o)
    0x181424ed   0x00000003   PAD
    0x181424f0   0x00000046   Data   RO        14875    .conststring        wifi_sta_ap.ar(wlan_rx_mgmt_ap.o)
    0x18142536   0x00000002   PAD
    0x18142538   0x00000019   Data   RO        14906    .conststring        wifi_sta_ap.ar(reg_domain_rda_ittiam.o)
    0x18142551   0x00000003   PAD
    0x18142554   0x00000008   Data   RO        14911    .conststring        wifi_sta_ap.ar(filter_frame.o)
    0x1814255c   0x00000086   Data   RO        14933    .conststring        wifi_sta_ap.ar(filter_action.o)
    0x181425e2   0x00000002   PAD
    0x181425e4   0x00000050   Data   RO        17064    Region$$Table       anon$$obj.o
    0x18142634   0x00000110   Data   RO        15973    locale$$data        c_w.l(lc_ctype_c.o)
    0x18142744   0x0000001c   Data   RO        16744    locale$$data        c_w.l(lc_numeric_c.o)
    0x18142760   0x00000004   Data   RO           22    .init_array         app_main.o
    0x18142764   0x00000004   Data   RO          172    .init_array         deepbrain_app.o
    0x18142768   0x00000004   Data   RO          274    .init_array         duer_recorder.o
    0x1814276c   0x00000004   Data   RO          304    .init_array         events.o
    0x18142770   0x00000004   Data   RO          377    .init_array         factory_test.o
    0x18142774   0x00000004   Data   RO          541    .init_array         memo_service.o
    0x18142778   0x00000004   Data   RO          687    .init_array         uart_shell.o
    0x1814277c   0x00000004   Data   RO          743    .init_array         wifi_manage.o
    0x18142780   0x00000004   Data   RO         1317    .init_array         time_interface.o
    0x18142784   0x00000004   Data   RO         2417    .init_array         baidu_codec_base.o
    0x18142788   0x00000004   Data   RO         2962    .init_array         arm_hal_timer.o
    0x1814278c   0x00000004   Data   RO         9822    .init_array         baidu_ca_adapter.o
    0x18142790   0x00000004   Data   RO        10045    .init_array         baidu_media_base.o
    0x18142794   0x00000004   Data   RO        10146    .init_array         baidu_media_data_manager.o
    0x18142798   0x00000004   Data   RO        10190    .init_array         baidu_media_file_storer.o
    0x1814279c   0x00000004   Data   RO        10272    .init_array         baidu_media_manager.o
    0x181427a0   0x00000004   Data   RO        10340    .init_array         baidu_media_play_progress.o
    0x181427a4   0x00000004   Data   RO        10451    .init_array         baidu_media_play.o
    0x181427a8   0x00000004   Data   RO        10589    .init_array         baidu_dlna_media_cb.o
    0x181427ac   0x00000004   Data   RO        10639    .init_array         baidu_media_manager_adapter.o
    0x181427b0   0x00000004   Data   RO        11191    .init_array         YTQueue.o
    0x181427b4   0x00000004   Data   RO        11306    .init_array         YTManage.o
    0x181427b8   0x00000004   Data   RO        11433    .init_array         SpiFlash.o
    0x181427bc   0x00000004   Data   RO        11482    .init_array         SpiLocal.o
    0x181427c0   0x00000004   Data   RO        11593    .init_array         YTLight.o
    0x181427c4   0x00000004   Data   RO        11700    .init_array         YTLocal.o
    0x181427c8   0x00000004   Data   RO        11764    .init_array         vbat.o
    0x181427cc   0x00000004   Data   RO        11826    .init_array         yt_key.o
    0x181427d0   0x00000000   Data   RO        15280    .init_array         c_w.l(init_aeabi.o)
    0x181427d0   0x00000004   Data   RO        16079    .init_array         cpp_ws.l(char.o)
    0x181427d4   0x00000004   Data   RO        16370    .init_array         cpp_ws.l(locale.o)
    0x181427d8   0x00000004   Data   RO        16805    .init_array         cpp_ws.l(rwcats.o)


    Execution Region RW_IRAM2 (Base: 0x40100000, Size: 0x00000000, Max: 0x00018c00, ABSOLUTE)

    **** No section assigned to this execution region ****


    Execution Region RW_IRAM3 (Base: 0x40118c00, Size: 0x00000004, Max: 0x00000c00, ABSOLUTE)

    Base Addr    Size         Type   Attr      Idx    E Section Name        Object

    0x40118c00   0x00000001   Data   RW        14835    AHB1SMEM0           hal.ar(rda_aes_api.o)


    Execution Region RW_IRAM4 (Base: 0x40119800, Size: 0x00004000, Max: 0x00006800, ABSOLUTE, COMPRESSED[0x00000084])

    Base Addr    Size         Type   Attr      Idx    E Section Name        Object

    0x40119800   0x00003fff   Data   RW         5162    AHB1SMEM1           lwip_sys_arch.o


==============================================================================

Image component sizes


      Code (inc. data)   RO Data    RW Data    ZI Data      Debug   

    278720      51174     624521      19000     237608     231284   Object Totals
        20          0         80          0     168064          0   (incl. Generated)
       322          8        101         23          8          0   (incl. Padding)
    310652      47338      82459       3340      46316     129064   Library Totals
       166         36         58         42         19          0   (incl. Padding)

==============================================================================


      Code (inc. data)   RO Data    RW Data    ZI Data      Debug   

    589372      98512     706980      22340     283924     124076   Grand Totals
    589372      98512     706980       1460     283924     124076   ELF Image Totals (compressed)
    589372      98512     706980       1460          0          0   ROM Totals

==============================================================================

    Total RO  Size (Code + RO Data)              1296352 (1265.97kB)
    Total RW  Size (RW Data + ZI Data)            306264 ( 299.09kB)
    Total ROM Size (Code + RO Data + RW Data)    1297812 (1267.39kB)

==============================================================================

