Component: ARM Compiler 5.06 update 1 (build 61) Tool: armlink [4d35a8]

==============================================================================

Memory Map of the image

  Image Entry point : 0x1800607d

  Load Region LR_IROM0 (Base: 0x18006000, Size: 0x00141958, Max: 0x001f4000, ABSOLUTE, COMPRESSED[0x0013c7d4])

    Execution Region ER_IRAMVEC (Base: 0x00100000, Size: 0x00000080, Max: 0x00000080, ABSOLUTE)

    Base Addr    Size         Type   Attr      Idx    E Section Name        Object

    0x00100000   0x00000080   Zero   RW            1    ER_IRAMVEC.bss      anon$$obj.o


    Execution Region RW_IRAM1 (Base: 0x00100080, Size: 0x0001dc5c, Max: 0x0001ef80, ABSOLUTE, COMPRESSED[0x00000528])

    Base Addr    Size         Type   Attr      Idx    E Section Name        Object

    0x00100080   0x00000002   Code   RO         5318    i.flash_wrtie_protect  wland_flash_wp.o
    0x00100082   0x00000002   Code   RO         5319    i.flash_wrtie_protect_all  wland_flash_wp.o
    0x00100084   0x00000004   Data   RW           21    .data               app_main.o
    0x00100088   0x00000030   Data   RW          173    .data               deepbrain_app.o
    0x001000b8   0x00000020   Data   RW          276    .data               duer_recorder.o
    0x001000d8   0x00000010   Data   RW          379    .data               factory_test.o
    0x001000e8   0x00000008   Data   RW          432    .data               airkiss_lan_discovery.o
    0x001000f0   0x0000000c   Data   RW          462    .data               asr_service.o
    0x001000fc   0x00000008   Data   RW          510    .data               device_params_manage.o
    0x00100104   0x00000010   Data   RW          546    .data               memo_service.o
    0x00100114   0x00000018   Data   RW          607    .data               mpush_service.o
    0x0010012c   0x00000014   Data   RW          748    .data               wifi_manage.o
    0x00100140   0x00000008   Data   RW          809    .data               dcl_asr_api.o
    0x00100148   0x00000024   Data   RW         1085    .data               Airkiss.o
    0x0010016c   0x00000008   Data   RW         1139    .data               app_framework.o
    0x00100174   0x0000000c   Data   RW         1229    .data               cJSON.o
    0x00100180   0x00000002   Data   RW         2496    .data               baidu_codec_base.o
    0x00100182   0x00000001   Data   RW         2703    .data               rda58xx.o
    0x00100183   0x00000001   PAD
    0x00100184   0x000003e4   Data   RW         3344    .data               rda_console.o
    0x00100568   0x00000044   Data   RW         3369    .data               gpadckey.o
    0x001005ac   0x0000000c   Data   RW         3499    .data               ff.o
    0x001005b8   0x0000000c   Data   RW         3669    .data               FATFileSystem.o
    0x001005c4   0x00000030   Data   RW         3774    .data               sdmmc.o
    0x001005f4   0x00000004   Data   RW         4867    .data               ssl_ciphersuites.o
    0x001005f8   0x00000028   Data   RW         4953    .data               ssl_tls.o
    0x00100620   0x0000000c   Data   RW         5241    .data               lwip_sys_arch.o
    0x0010062c   0x00000004   Data   RW         5288    .data               rda5991h_wland.o
    0x00100630   0x00000004   Data   RW         5289    .data               rda5991h_wland.o
    0x00100634   0x00000004   Data   RW         5290    .data               rda5991h_wland.o
    0x00100638   0x00000004   Data   RW         5291    .data               rda5991h_wland.o
    0x0010063c   0x00000004   Data   RW         5292    .data               rda5991h_wland.o
    0x00100640   0x00000004   Data   RW         5293    .data               rda5991h_wland.o
    0x00100644   0x00000012   Data   RW         5294    .data               rda5991h_wland.o
    0x00100656   0x00000001   Data   RW         5401    .data               lwip_api_msg.o
    0x00100657   0x00000001   PAD
    0x00100658   0x00000014   Data   RW         5470    .data               lwip_netdb.o
    0x0010066c   0x00000008   Data   RW         5515    .data               lwip_sockets.o
    0x00100674   0x00000008   Data   RW         5562    .data               lwip_tcpip.o
    0x0010067c   0x00000014   Data   RW         5611    .data               lwip_dhcp.o
    0x00100690   0x00000001   Data   RW         5653    .data               lwip_etharp.o
    0x00100691   0x00000003   PAD
    0x00100694   0x0000000c   Data   RW         5694    .data               lwip_igmp.o
    0x001006a0   0x00000008   Data   RW         5721    .data               lwip_ip4.o
    0x001006a8   0x00000008   Data   RW         5762    .data               lwip_ip4_frag.o
    0x001006b0   0x0000000c   Data   RW         5845    .data               lwip_dns.o
    0x001006bc   0x0000000c   Data   RW         5903    .data               lwip_mem.o
    0x001006c8   0x00000004   Data   RW         5954    .data               lwip_memp.o
[...]
    0x1807cac8   0x0000049e   Code   RO         1222    i.parse_value       cJSON.o
    0x1807cf66   0x00000002   PAD
    0x1807cf68   0x0000012e   Code   RO        13810    i.pbkdf2_sha1       wifi_sta_ap.ar(wifi_sha1.o)
    0x1807d096   0x00000002   PAD
    0x1807d098   0x000001d4   Code   RO         6021    i.pbuf_alloc        lwip_pbuf.o
    0x1807d26c   0x00000058   Code   RO         6022    i.pbuf_alloced_custom  lwip_pbuf.o
    0x1807d2c4   0x00000028   Code   RO         6023    i.pbuf_cat          lwip_pbuf.o
    0x1807d2ec   0x00000042   Code   RO         6024    i.pbuf_chain        lwip_pbuf.o
    0x1807d32e   0x00000012   Code   RO         6025    i.pbuf_clen         lwip_pbuf.o
    0x1807d340   0x0000009a   Code   RO         6027    i.pbuf_copy         lwip_pbuf.o
    0x1807d3da   0x00000070   Code   RO         6028    i.pbuf_copy_partial  lwip_pbuf.o
    0x1807d44a   0x00000060   Code   RO         6030    i.pbuf_free         lwip_pbuf.o
    0x1807d4aa   0x00000002   PAD
    0x1807d4ac   0x00000038   Code   RO         6031    i.pbuf_free_ooseq_callback  lwip_pbuf.o
    0x1807d4e4   0x00000034   Code   RO         6032    i.pbuf_get_at       lwip_pbuf.o
    0x1807d518   0x00000072   Code   RO         6033    i.pbuf_header       lwip_pbuf.o
    0x1807d58a   0x00000072   Code   RO         6034    i.pbuf_header_force  lwip_pbuf.o
    0x1807d5fc   0x00000038   Code   RO         6037    i.pbuf_put_at       lwip_pbuf.o
    0x1807d634   0x00000060   Code   RO         6038    i.pbuf_realloc      lwip_pbuf.o
    0x1807d694   0x0000001c   Code   RO         6039    i.pbuf_ref          lwip_pbuf.o
    0x1807d6b0   0x00000058   Code   RO         6042    i.pbuf_take         lwip_pbuf.o
    0x1807d708   0x000000a8   Code   RO         6043    i.pbuf_take_at      lwip_pbuf.o
    0x1807d7b0   0x000000d0   Code   RO         4720    i.pem_pbkdf1        pem.o
    0x1807d880   0x000000f4   Code   RO         8348    i.pin_function      pinmap.o
    0x1807d974   0x00000064   Code   RO         8349    i.pin_mode          pinmap.o
    0x1807d9d8   0x00000028   Code   RO         7950    i.pinmap_find_peripheral  mbed_pinmap_common.o
    0x1807da00   0x00000060   Code   RO         7951    i.pinmap_function   mbed_pinmap_common.o
    0x1807da60   0x0000003c   Code   RO         7952    i.pinmap_merge      mbed_pinmap_common.o
    0x1807da9c   0x00000060   Code   RO         7953    i.pinmap_peripheral  mbed_pinmap_common.o
    0x1807dafc   0x0000005c   Code   RO         7954    i.pinmap_pinout     mbed_pinmap_common.o
    0x1807db58   0x00000070   Code   RO         5396    i.poll_tcp          lwip_api_msg.o
    0x1807dbc8   0x00000034   Code   RO         8808    i.pre_main          RTX_Conf_CM.o
    0x1807dbfc   0x00000168   Code   RO          930    i.print_msg_head    mpush_message.o
    0x1807dd64   0x00000014   Code   RO         6074    i.raw_bind          lwip_raw.o
    0x1807dd78   0x00000014   Code   RO         6075    i.raw_connect       lwip_raw.o
    0x1807dd8c   0x000000a0   Code   RO         6076    i.raw_input         lwip_raw.o
    0x1807de2c   0x00000034   Code   RO         6077    i.raw_new           lwip_raw.o
    0x1807de60   0x00000006   Code   RO         6079    i.raw_recv          lwip_raw.o
    0x1807de66   0x00000002   PAD
    0x1807de68   0x00000030   Code   RO         6080    i.raw_remove        lwip_raw.o
    0x1807de98   0x00000006   Code   RO         6081    i.raw_send          lwip_raw.o
    0x1807de9e   0x000000d0   Code   RO         6082    i.raw_sendto        lwip_raw.o
    0x1807df6e   0x00000002   PAD
    0x1807df70   0x000000c4   Code   RO        13802    i.rc4_skip          wifi_sta_ap.ar(wifi_rc4.o)
    0x1807e034   0x00000058   Code   RO        12105    i.rd_rf_usb_reg     hal.ar(rda_ccfg_api.o)
    0x1807e08c   0x000000b8   Code   RO        12486    i.rda5981_check_scan_result  wifi_sta_ap.ar(wland_scan.o)
    0x1807e144   0x00000058   Code   RO        12489    i.rda5981_del_scan_all_result  wifi_sta_ap.ar(wland_scan.o)
    0x1807e19c   0x00000094   Code   RO        12490    i.rda5981_del_scan_result  wifi_sta_ap.ar(wland_scan.o)
    0x1807e230   0x00000090   Code   RO        12532    i.rda5981_disable_sniffer  wifi_sta_ap.ar(wland_sniffer.o)
    0x1807e2c0   0x0000011c   Code   RO        12534    i.rda5981_enable_sniffer  wifi_sta_ap.ar(wland_sniffer.o)
    0x1807e3dc   0x0000015c   Code   RO        12219    i.rda5981_erase_flash  wifi_sta_ap.ar(wland_flash.o)
    0x1807e538   0x00000130   Code   RO        12231    i.rda5981_flash_read_3rdparter_data  wifi_sta_ap.ar(wland_flash.o)
    0x1807e668   0x00000084   Code   RO        12232    i.rda5981_flash_read_3rdparter_data_length  wifi_sta_ap.ar(wland_flash.o)
    0x1807e6ec   0x000000b4   Code   RO        12236    i.rda5981_flash_read_ip_addr  wifi_sta_ap.ar(wland_flash.o)
    0x1807e7a0   0x000000c4   Code   RO        12237    i.rda5981_flash_read_mac_addr  wifi_sta_ap.ar(wland_flash.o)
    0x1807e864   0x00000038   Code   RO        12238    i.rda5981_flash_read_pmk  wifi_sta_ap.ar(wland_flash.o)
    0x1807e89c   0x00000050   Code   RO        12239    i.rda5981_flash_read_sta_data  wifi_sta_ap.ar(wland_flash.o)
    0x1807e8ec   0x0000012c   Code   RO        12242    i.rda5981_flash_write_3rdparter_data  wifi_sta_ap.ar(wland_flash.o)
    0x1807ea18   0x0000005c   Code   RO        12246    i.rda5981_flash_write_ip_addr  wifi_sta_ap.ar(wland_flash.o)
    0x1807ea74   0x00000068   Code   RO        12247    i.rda5981_flash_write_mac_addr  wifi_sta_ap.ar(wland_flash.o)
    0x1807eadc   0x00000050   Code   RO        12373    i.rda5981_get_joined_AP  wifi_sta_ap.ar(wland_if_sta.o)
    0x1807eb2c   0x000000c0   Code   RO        12492    i.rda5981_get_scan_result  wifi_sta_ap.ar(wland_scan.o)
    0x1807ebec   0x000000e4   Code   RO        12251    i.rda5981_read_flash  wifi_sta_ap.ar(wland_flash.o)
    0x1807ecd0   0x0000029c   Code   RO        12252    i.rda5981_read_user_data  wifi_sta_ap.ar(wland_flash.o)
    0x1807ef6c   0x0000016c   Code   RO        12496    i.rda5981_scan      wifi_sta_ap.ar(wland_scan.o)
    0x1807f0d8   0x00000064   Code   RO        12255    i.rda5981_set_flash_size  wifi_sta_ap.ar(wland_flash.o)
    0x1807f13c   0x0000000c   Code   RO        12326    i.rda5981_set_main_queue  wifi_sta_ap.ar(wland_if.o)
    0x1807f148   0x000000ac   Code   RO        12256    i.rda5981_set_user_data_addr  wifi_sta_ap.ar(wland_flash.o)
    0x1807f1f4   0x000001bc   Code   RO        12537    i.rda5981_start_sniffer  wifi_sta_ap.ar(wland_sniffer.o)
    0x1807f3b0   0x0000008c   Code   RO        12538    i.rda5981_stop_sniffer  wifi_sta_ap.ar(wland_sniffer.o)
    0x1807f43c   0x000000d0   Code   RO        12259    i.rda5981_write_flash  wifi_sta_ap.ar(wland_flash.o)
    0x1807f50c   0x00000278   Code   RO        12260    i.rda5981_write_user_data  wifi_sta_ap.ar(wland_flash.o)
    0x1807f784   0x00000014   Code   RO         5272    i.rda91h_etharp_output  rda5991h_wland.o
    0x1807f798   0x00000086   Code   RO         5273    i.rda91h_low_level_output  rda5991h_wland.o
    0x1807f81e   0x00000002   PAD
    0x1807f820   0x0000020c   Code   RO        14880    i.rda_aes_crypt     hal.ar(rda_aes_api.o)
    0x1807fa2c   0x00000006   Code   RO        12560    i.rda_alarm_create  wifi_sta_ap.ar(rda_sys_wrapper.o)
    0x1807fa32   0x00000002   PAD
    0x1807fa34   0x0000012c   Code   RO        12561    i.rda_alarm_create_v2  wifi_sta_ap.ar(rda_sys_wrapper.o)
    0x1807fb60   0x00000070   Code   RO        12562    i.rda_alarm_delete  wifi_sta_ap.ar(rda_sys_wrapper.o)
    0x1807fbd0   0x00000014   Code   RO        12563    i.rda_alarm_start   wifi_sta_ap.ar(rda_sys_wrapper.o)
    0x1807fbe4   0x0000001e   Code   RO        12564    i.rda_alarm_stop    wifi_sta_ap.ar(rda_sys_wrapper.o)
    0x1807fc02   0x0000003e   Code   RO        12063    i.rda_ccfg_adc_free  hal.ar(rda_ccfg_api.o)
    0x1807fc40   0x00000068   Code   RO        12064    i.rda_ccfg_adc_gp   hal.ar(rda_ccfg_api.o)
    0x1807fca8   0x00000058   Code   RO        12065    i.rda_ccfg_adc_init  hal.ar(rda_ccfg_api.o)
    0x1807fd00   0x00000074   Code   RO        12066    i.rda_ccfg_adc_oenb  hal.ar(rda_ccfg_api.o)
    0x1807fd74   0x000000e4   Code   RO        12067    i.rda_ccfg_adc_read  hal.ar(rda_ccfg_api.o)
    0x1807fe58   0x0000002c   Code   RO        12068    i.rda_ccfg_aontmr   hal.ar(rda_ccfg_api.o)
    0x1807fe84   0x000000d2   Code   RO        12069    i.rda_ccfg_aontmr_cksrc  hal.ar(rda_ccfg_api.o)
    0x1807ff56   0x00000002   PAD
    0x1807ff58   0x000000f8   Code   RO        12070    i.rda_ccfg_boot     hal.ar(rda_ccfg_api.o)
    0x18080050   0x00000028   Code   RO        12071    i.rda_ccfg_ckrst    hal.ar(rda_ccfg_api.o)
    0x18080078   0x0000006c   Code   RO        12072    i.rda_ccfg_gp       hal.ar(rda_ccfg_api.o)
    0x180800e4   0x00000020   Code   RO        12075    i.rda_ccfg_hwver    hal.ar(rda_ccfg_api.o)
    0x18080104   0x00000024   Code   RO        12077    i.rda_ccfg_wdt_en   hal.ar(rda_ccfg_api.o)
    0x18080128   0x0000002c   Code   RO         5274    i.rda_create_interrupt  rda5991h_wland.o
    0x18080154   0x00000020   Code   RO         5275    i.rda_critical_sec_end  rda5991h_wland.o
    0x18080174   0x00000024   Code   RO         5276    i.rda_critical_sec_start  rda5991h_wland.o
    0x18080198   0x00000008   Code   RO         5277    i.rda_delete_interrupt  rda5991h_wland.o
    0x180801a0   0x0000001a   Code   RO         5278    i.rda_disable_interrupt  rda5991h_wland.o
    0x180801ba   0x0000001a   Code   RO         5279    i.rda_enable_interrupt  rda5991h_wland.o
    0x180801d4   0x00000004   Code   RO        12565    i.rda_get_cur_time_ms  wifi_sta_ap.ar(rda_sys_wrapper.o)
    0x180801d8   0x00000024   Code   RO         5280    i.rda_get_macaddr   rda5991h_wland.o
    0x180801fc   0x00000028   Code   RO         8434    i.rda_gpadc_free    rda_gpadc_api.o
    0x18080224   0x00000060   Code   RO         8435    i.rda_gpadc_init    rda_gpadc_api.o
    0x18080284   0x0000006c   Code   RO         8436    i.rda_gpadc_set     rda_gpadc_api.o
    0x180802f0   0x00000034   Code   RO        12566    i.rda_mail_create   wifi_sta_ap.ar(rda_sys_wrapper.o)
    0x18080324   0x00000038   Code   RO        12567    i.rda_mail_get      wifi_sta_ap.ar(rda_sys_wrapper.o)
    0x1808035c   0x00000030   Code   RO        12568    i.rda_mail_put      wifi_sta_ap.ar(rda_sys_wrapper.o)
    0x1808038c   0x00000020   Code   RO        12569    i.rda_msgQ_create   wifi_sta_ap.ar(rda_sys_wrapper.o)
    0x180803ac   0x00000022   Code   RO        12570    i.rda_msg_get       wifi_sta_ap.ar(rda_sys_wrapper.o)
    0x180803ce   0x00000010   Code   RO        12571    i.rda_msg_put       wifi_sta_ap.ar(rda_sys_wrapper.o)
    0x180803de   0x00000002   PAD
    0x180803e0   0x00000014   Code   RO         5281    i.rda_netif_down    rda5991h_wland.o
    0x180803f4   0x00000108   Code   RO         5282    i.rda_netif_input   rda5991h_wland.o
    0x180804fc   0x00000014   Code   RO         5283    i.rda_netif_link_down  rda5991h_wland.o
    0x18080510   0x00000014   Code   RO         5284    i.rda_netif_link_up  rda5991h_wland.o
    0x18080524   0x00000014   Code   RO         5285    i.rda_netif_up      rda5991h_wland.o
    0x18080538   0x00000044   Code   RO         3766    i.rda_sdmmc_get_csdinfo  sdmmc.o
    0x1808057c   0x000000a0   Code   RO         3767    i.rda_sdmmc_init    sdmmc.o
    0x1808061c   0x00000018   Code   RO         3768    i.rda_sdmmc_open    sdmmc.o
    0x18080634   0x000003a8   Code   RO         3769    i.rda_sdmmc_read_blocks  sdmmc.o
    0x180809dc   0x00000318   Code   RO         3771    i.rda_sdmmc_write_blocks  sdmmc.o
    0x18080cf4   0x0000001c   Code   RO        12576    i.rda_sem_create    wifi_sta_ap.ar(rda_sys_wrapper.o)
    0x18080d10   0x0000001c   Code   RO        12577    i.rda_sem_delete    wifi_sta_ap.ar(rda_sys_wrapper.o)
    0x18080d2c   0x00000010   Code   RO        12578    i.rda_sem_release   wifi_sta_ap.ar(rda_sys_wrapper.o)
    0x18080d3c   0x00000012   Code   RO        12579    i.rda_sem_wait      wifi_sta_ap.ar(rda_sys_wrapper.o)
    0x18080d4e   0x00000002   PAD
    0x18080d50   0x00000038   Code   RO         8509    i.rda_timer_irq_set  rda_timer_isr.o
    0x18080d88   0x0000004c   Code   RO         8510    i.rda_timer_isr     rda_timer_isr.o
    0x18080dd4   0x000000a8   Code   RO        12110    i.rda_trng_generator  hal.ar(rda_trng_api.o)
    0x18080e7c   0x0000001a   Code   RO        12111    i.rda_trng_simple_delay  hal.ar(rda_trng_api.o)
    0x18080e96   0x00000002   PAD
    0x18080e98   0x00000024   Code   RO         8523    i.rda_wdt_softreset  rda_wdt_api.o
    0x18080ebc   0x00000078   Code   RO         5397    i.recv_raw          lwip_api_msg.o
    0x18080f34   0x0000006e   Code   RO         5398    i.recv_tcp          lwip_api_msg.o
    0x18080fa2   0x00000076   Code   RO         5399    i.recv_udp          lwip_api_msg.o
    0x18081018   0x00000018   Code   RO         4755    i.rsa_alloc_wrap    pk_wrap.o
    0x18081030   0x0000000c   Code   RO         4756    i.rsa_can_do        pk_wrap.o
    0x1808103c   0x00000004   Code   RO         4757    i.rsa_check_pair_wrap  pk_wrap.o
    0x18081040   0x0000002c   Code   RO         4758    i.rsa_debug         pk_wrap.o
    0x1808106c   0x00000038   Code   RO         4759    i.rsa_decrypt_wrap  pk_wrap.o
    0x180810a4   0x00000038   Code   RO         4760    i.rsa_encrypt_wrap  pk_wrap.o
    0x180810dc   0x00000012   Code   RO         4761    i.rsa_free_wrap     pk_wrap.o
    0x180810ee   0x00000006   Code   RO         4762    i.rsa_get_bitlen    pk_wrap.o
    0x180810f4   0x00000024   Code   RO         4763    i.rsa_sign_wrap     pk_wrap.o
    0x18081118   0x0000004c   Code   RO         4764    i.rsa_verify_wrap   pk_wrap.o
    0x18081164   0x0000001a   Code   RO         9094    i.rt_alloc_box      rt_MemBox.o
    0x1808117e   0x00000002   PAD
    0x18081180   0x00000050   Code   RO         9160    i.rt_block          rt_Task.o
    0x180811d0   0x00000048   Code   RO         9117    i.rt_chk_robin      rt_Robin.o
    0x18081218   0x000000c4   Code   RO         9057    i.rt_dec_dly        rt_List.o
    0x180812dc   0x00000080   Code   RO         9161    i.rt_dispatch       rt_Task.o
    0x1808135c   0x00000006   Code   RO         9182    i.rt_dly_wait       rt_Time.o
    0x18081362   0x00000002   PAD
    0x18081364   0x00000054   Code   RO         9048    i.rt_evt_psh        rt_Event.o
    0x180813b8   0x00000060   Code   RO         9049    i.rt_evt_set        rt_Event.o
    0x18081418   0x00000040   Code   RO         9050    i.rt_evt_wait       rt_Event.o
    0x18081458   0x0000002c   Code   RO         9095    i.rt_free_box       rt_MemBox.o
    0x18081484   0x0000002a   Code   RO         9058    i.rt_get_first      rt_List.o
    0x180814ae   0x00000002   PAD
    0x180814b0   0x00000024   Code   RO         9059    i.rt_get_same_rdy_prio  rt_List.o
    0x180814d4   0x00000018   Code   RO         9118    i.rt_init_robin     rt_Robin.o
    0x180814ec   0x000000ec   Code   RO         8795    i.rt_init_stack     HAL_CM.o
    0x180815d8   0x00000008   Code   RO         9080    i.rt_mbx_check      rt_Mailbox.o
    0x180815e0   0x0000001a   Code   RO         9081    i.rt_mbx_init       rt_Mailbox.o
    0x180815fa   0x00000002   PAD
    0x180815fc   0x00000114   Code   RO         9082    i.rt_mbx_psh        rt_Mailbox.o
    0x18081710   0x000000a4   Code   RO         9083    i.rt_mbx_send       rt_Mailbox.o
    0x180817b4   0x000000b8   Code   RO         9084    i.rt_mbx_wait       rt_Mailbox.o
    0x1808186c   0x00000048   Code   RO         8908    i.rt_ms2tick        rt_CMSIS.o
    0x180818b4   0x000000b8   Code   RO         9106    i.rt_mut_delete     rt_Mutex.o
    0x1808196c   0x00000010   Code   RO         9107    i.rt_mut_init       rt_Mutex.o
    0x1808197c   0x000000e4   Code   RO         9108    i.rt_mut_release    rt_Mutex.o
    0x18081a60   0x0000006c   Code   RO         9109    i.rt_mut_wait       rt_Mutex.o
    0x18081acc   0x00000080   Code   RO         9139    i.rt_pop_req        rt_System.o
    0x18081b4c   0x00000020   Code   RO         9140    i.rt_psh_req        rt_System.o
    0x18081b6c   0x0000005c   Code   RO         9060    i.rt_psq_enq        rt_List.o
    0x18081bc8   0x00000068   Code   RO         9061    i.rt_put_dly        rt_List.o
    0x18081c30   0x00000042   Code   RO         9062    i.rt_put_prio       rt_List.o
    0x18081c72   0x00000002   PAD
    0x18081c74   0x00000014   Code   RO         9063    i.rt_put_rdy_first  rt_List.o
    0x18081c88   0x0000008c   Code   RO         9064    i.rt_resort_prio    rt_List.o
    0x18081d14   0x000000e4   Code   RO         9141    i.rt_resume         rt_System.o
    0x18081df8   0x00000012   Code   RO         8796    i.rt_ret_val        HAL_CM.o
    0x18081e0a   0x00000014   Code   RO         8797    i.rt_ret_val2       HAL_CM.o
    0x18081e1e   0x0000002c   Code   RO         9065    i.rt_rmv_dly        rt_List.o
    0x18081e4a   0x00000002   PAD
    0x18081e4c   0x00000030   Code   RO         9066    i.rt_rmv_list       rt_List.o
    0x18081e7c   0x00000060   Code   RO         9123    i.rt_sem_delete     rt_Semaphore.o
    0x18081edc   0x0000000c   Code   RO         9124    i.rt_sem_init       rt_Semaphore.o
    0x18081ee8   0x00000034   Code   RO         9125    i.rt_sem_psh        rt_Semaphore.o
    0x18081f1c   0x0000002a   Code   RO         9126    i.rt_sem_send       rt_Semaphore.o
    0x18081f46   0x00000002   PAD
    0x18081f48   0x00000044   Code   RO         9127    i.rt_sem_wait       rt_Semaphore.o
    0x18081f8c   0x00000024   Code   RO         9142    i.rt_stk_check      rt_System.o
    0x18081fb0   0x00000070   Code   RO         9143    i.rt_suspend        rt_System.o
    0x18082020   0x00000024   Code   RO         9162    i.rt_switch_req     rt_Task.o
    0x18082044   0x00000124   Code   RO         9163    i.rt_sys_init       rt_Task.o
    0x18082168   0x00000080   Code   RO         9164    i.rt_sys_start      rt_Task.o
    0x180821e8   0x00000040   Code   RO         9144    i.rt_systick        rt_System.o
    0x18082228   0x0000000c   Code   RO         9185    i.rt_time_get       rt_Time.o
    0x18082234   0x000000e4   Code   RO         9165    i.rt_tsk_create     rt_Task.o
    0x18082318   0x0000016c   Code   RO         9166    i.rt_tsk_delete     rt_Task.o
    0x18082484   0x00000044   Code   RO         9167    i.rt_tsk_pass       rt_Task.o
    0x180824c8   0x0000007c   Code   RO         9168    i.rt_tsk_prio       rt_Task.o
    0x18082544   0x00000010   Code   RO         9169    i.rt_tsk_self       rt_Task.o
    0x18082554   0x0000002c   Code   RO         8539    i.rtc_base_update   rtc_api.o
    0x18082580   0x0000001c   Code   RO         8541    i.rtc_init          rtc_api.o
    0x1808259c   0x0000000c   Code   RO         8542    i.rtc_isenabled     rtc_api.o
    0x180825a8   0x0000001c   Code   RO         8543    i.rtc_read          rtc_api.o
    0x180825c4   0x00000040   Code   RO         8544    i.rtc_write         rtc_api.o
    0x18082604   0x0000000c   Code   RO         8787    i.rtos_idle_loop    rtos_idle.o
    0x18082610   0x00000124   Code   RO         3340    i.run_command       rda_console.o
    0x18082734   0x0000005c   Code   RO         5400    i.sent_tcp          lwip_api_msg.o
    0x18082790   0x000000d0   Code   RO         8558    i.serial_baud       serial_api.o
    0x18082860   0x00000008   Code   RO         8561    i.serial_clear      serial_api.o
    0x18082868   0x000000f0   Code   RO         8562    i.serial_format     serial_api.o
    0x18082958   0x00000044   Code   RO         8564    i.serial_getc       serial_api.o
    0x1808299c   0x00000170   Code   RO         8565    i.serial_init       serial_api.o
    0x18082b0c   0x00000020   Code   RO         8566    i.serial_irq_handler  serial_api.o
    0x18082b2c   0x0000001c   Code   RO         8567    i.serial_irq_set    serial_api.o
    0x18082b48   0x000000bc   Code   RO         8568    i.serial_irq_set_internal  serial_api.o
    0x18082c04   0x00000048   Code   RO         8570    i.serial_putc       serial_api.o
    0x18082c4c   0x0000000a   Code   RO         8571    i.serial_readable   serial_api.o
    0x18082c56   0x00000002   PAD
    0x18082c58   0x00000164   Code   RO         8572    i.serial_set_flow_control  serial_api.o
    0x18082dbc   0x00000108   Code   RO        13826    i.setWifiSmPmk      wifi_sta_ap.ar(wifi_wpa_common.o)
    0x18082ec4   0x00000034   Code   RO         8809    i.set_stack_heap    RTX_Conf_CM.o
    0x18082ef8   0x00000014   Code   RO        10937    i.set_transport_state  upnpsoap.o
    0x18082f0c   0x00000004   Code   RO         4642    i.sha1_clone_wrap   md_wrap.o
    0x18082f10   0x00000014   Code   RO         4643    i.sha1_ctx_alloc    md_wrap.o
    0x18082f24   0x00000012   Code   RO         4644    i.sha1_ctx_free     md_wrap.o
    0x18082f36   0x00000004   Code   RO         4645    i.sha1_finish_wrap  md_wrap.o
    0x18082f3a   0x00000094   Code   RO        13811    i.sha1_prf          wifi_sta_ap.ar(wifi_sha1.o)
    0x18082fce   0x00000004   Code   RO         4646    i.sha1_process_wrap  md_wrap.o
    0x18082fd2   0x00000004   Code   RO         4647    i.sha1_starts_wrap  md_wrap.o
    0x18082fd6   0x00000004   Code   RO         4648    i.sha1_update_wrap  md_wrap.o
    0x18082fda   0x00000002   PAD
    0x18082fdc   0x000000cc   Code   RO        13812    i.sha1_vector       wifi_sta_ap.ar(wifi_sha1.o)
    0x180830a8   0x00000004   Code   RO         4649    i.sha224_clone_wrap  md_wrap.o
    0x180830ac   0x00000014   Code   RO         4650    i.sha224_ctx_alloc  md_wrap.o
    0x180830c0   0x00000012   Code   RO         4651    i.sha224_ctx_free   md_wrap.o
    0x180830d2   0x00000004   Code   RO         4652    i.sha224_finish_wrap  md_wrap.o
    0x180830d6   0x00000004   Code   RO         4653    i.sha224_process_wrap  md_wrap.o
    0x180830da   0x00000006   Code   RO         4654    i.sha224_starts_wrap  md_wrap.o
    0x180830e0   0x00000004   Code   RO         4655    i.sha224_update_wrap  md_wrap.o
    0x180830e4   0x00000006   Code   RO         4656    i.sha224_wrap       md_wrap.o
    0x180830ea   0x00000006   Code   RO         4657    i.sha256_starts_wrap  md_wrap.o
    0x180830f0   0x00000006   Code   RO         4658    i.sha256_wrap       md_wrap.o
    0x180830f6   0x00000002   PAD
    0x180830f8   0x00000024   Code   RO         3303    i.show_cmd_usage    cmd_basic.o
    0x1808311c   0x0000070c   Code   RO         8204    i.show_regs         cmsis_nvic.o
    0x18083828   0x00000004   Code   RO         8607    i.sleep             sleep.o
    0x1808382c   0x00000080   Code   RO        12121    i.sleep_cal_lpo     hal.ar(rda_sleep_api.o)
    0x180838ac   0x0000007c   Code   RO        12122    i.sleep_entry_register  hal.ar(rda_sleep_api.o)
    0x18083928   0x000001a0   Code   RO        12123    i.sleep_management  hal.ar(rda_sleep_api.o)
    0x18083ac8   0x00000004   Code   RO         1323    i.sock_close        socket_interface.o
    0x18083acc   0x0000029c   Code   RO         1324    i.sock_connect      socket_interface.o
    0x18083d68   0x00000026   Code   RO         1325    i.sock_get_errno    socket_interface.o
    0x18083d8e   0x00000002   PAD
    0x18083d90   0x000000b0   Code   RO         1326    i.sock_get_server_info  socket_interface.o
    0x18083e40   0x000001b8   Code   RO         1329    i.sock_readn_with_timeout  socket_interface.o
    0x18083ff8   0x00000022   Code   RO         1331    i.sock_set_nonblocking  socket_interface.o
    0x1808401a   0x0000003a   Code   RO         1334    i.sock_write        socket_interface.o
    0x18084054   0x0000017c   Code   RO         1336    i.sock_writen_with_timeout  socket_interface.o
    0x180841d0   0x00000068   Code   RO         9831    i.socket_close      lightduer_http_client_ops.o
    0x18084238   0x000000e8   Code   RO         9832    i.socket_connect    lightduer_http_client_ops.o
    0x18084320   0x0000002c   Code   RO         9833    i.socket_destroy    lightduer_http_client_ops.o
    0x1808434c   0x00000038   Code   RO         9834    i.socket_init       lightduer_http_client_ops.o
    0x18084384   0x00000004   Code   RO         9835    i.socket_open       lightduer_http_client_ops.o
    0x18084388   0x0000004c   Code   RO         9836    i.socket_recv       lightduer_http_client_ops.o
    0x180843d4   0x00000098   Code   RO         9837    i.socket_send       lightduer_http_client_ops.o
    0x1808446c   0x00000002   Code   RO         9838    i.socket_set_blocking  lightduer_http_client_ops.o
    0x1808446e   0x00000002   PAD
    0x18084470   0x0000002c   Code   RO         9839    i.socket_set_timeout  lightduer_http_client_ops.o
    0x1808449c   0x0000006e   Code   RO        15887    i.sqrt              m_wm.l(sqrt.o)
    0x1808450a   0x00000002   PAD
    0x1808450c   0x00000090   Code   RO         4946    i.ssl_calc_finished_tls_sha256  ssl_tls.o
    0x1808459c   0x0000002c   Code   RO         4947    i.ssl_calc_verify_tls_sha256  ssl_tls.o
    0x180845c8   0x000003e0   Code   RO         4948    i.ssl_decrypt_buf   ssl_tls.o
    0x180849a8   0x00000128   Code   RO         4949    i.ssl_handshake_init  ssl_tls.o
    0x18084ad0   0x00000008   Code   RO         4950    i.ssl_update_checksum_sha256  ssl_tls.o
    0x18084ad8   0x00000008   Code   RO         4951    i.ssl_update_checksum_start  ssl_tls.o
    0x18084ae0   0x00000068   Code   RO         8205    i.stack_dump        cmsis_nvic.o
    0x18084b48   0x000000bc   Code   RO        12938    i.supp_alloc_eapol  wifi_sta_ap.ar(wifi_wpa.o)
    0x18084c04   0x00000014   Code   RO         8910    i.svcDelay          rt_CMSIS.o
    0x18084c18   0x00000070   Code   RO         8911    i.svcKernelInitialize  rt_CMSIS.o
    0x18084c88   0x0000000c   Code   RO         8912    i.svcKernelRunning  rt_CMSIS.o
    0x18084c94   0x0000004c   Code   RO         8913    i.svcKernelStart    rt_CMSIS.o
    0x18084ce0   0x00000026   Code   RO         8916    i.svcMessageCreate  rt_CMSIS.o
    0x18084d06   0x00000044   Code   RO         8917    i.svcMessageGet     rt_CMSIS.o
    0x18084d4a   0x0000003c   Code   RO         8918    i.svcMessagePut     rt_CMSIS.o
    0x18084d86   0x0000001e   Code   RO         8919    i.svcMutexCreate    rt_CMSIS.o
    0x18084da4   0x0000001c   Code   RO         8920    i.svcMutexDelete    rt_CMSIS.o
    0x18084dc0   0x00000022   Code   RO         8921    i.svcMutexRelease   rt_CMSIS.o
    0x18084de2   0x00000038   Code   RO         8922    i.svcMutexWait      rt_CMSIS.o
    0x18084e1a   0x00000026   Code   RO         8924    i.svcSemaphoreCreate  rt_CMSIS.o
    0x18084e40   0x0000001c   Code   RO         8925    i.svcSemaphoreDelete  rt_CMSIS.o
    0x18084e5c   0x0000002a   Code   RO         8926    i.svcSemaphoreRelease  rt_CMSIS.o
    0x18084e86   0x00000032   Code   RO         8927    i.svcSemaphoreWait  rt_CMSIS.o
    0x18084eb8   0x00000030   Code   RO         8929    i.svcSignalSet      rt_CMSIS.o
    0x18084ee8   0x00000058   Code   RO         8930    i.svcSignalWait     rt_CMSIS.o
    0x18084f40   0x0000007c   Code   RO         8931    i.svcThreadCreate   rt_CMSIS.o
    0x18084fbc   0x0000001c   Code   RO         8932    i.svcThreadGetId    rt_CMSIS.o
    0x18084fd8   0x00000038   Code   RO         8935    i.svcThreadTerminate  rt_CMSIS.o
    0x18085010   0x0000000a   Code   RO         8936    i.svcThreadYield    rt_CMSIS.o
    0x1808501a   0x0000001a   Code   RO         8937    i.svcTimerCall      rt_CMSIS.o
    0x18085034   0x00000054   Code   RO         8938    i.svcTimerCreate    rt_CMSIS.o
    0x18085088   0x00000064   Code   RO         8939    i.svcTimerDelete    rt_CMSIS.o
    0x180850ec   0x000000bc   Code   RO         8940    i.svcTimerStart     rt_CMSIS.o
    0x180851a8   0x00000054   Code   RO         8941    i.svcTimerStop      rt_CMSIS.o
    0x180851fc   0x000000b0   Code   RO         8946    i.sysTimerTick      rt_CMSIS.o
    0x180852ac   0x000000c0   Code   RO         8947    i.sysUserTimerUpdate  rt_CMSIS.o
    0x1808536c   0x00000014   Code   RO         8948    i.sysUserTimerWakeupTime  rt_CMSIS.o
    0x18085380   0x00000040   Code   RO         5217    i.sys_arch_mbox_fetch  lwip_sys_arch.o
    0x180853c0   0x0000001a   Code   RO         5218    i.sys_arch_mbox_tryfetch  lwip_sys_arch.o
    0x180853da   0x00000002   PAD
    0x180853dc   0x00000038   Code   RO         5219    i.sys_arch_protect  lwip_sys_arch.o
    0x18085414   0x00000036   Code   RO         5220    i.sys_arch_sem_wait  lwip_sys_arch.o
    0x1808544a   0x00000002   PAD
    0x1808544c   0x0000003c   Code   RO         5221    i.sys_arch_unprotect  lwip_sys_arch.o
    0x18085488   0x00000038   Code   RO         5222    i.sys_init          lwip_sys_arch.o
    0x180854c0   0x00000034   Code   RO         5224    i.sys_mbox_free     lwip_sys_arch.o
    0x180854f4   0x00000064   Code   RO         5225    i.sys_mbox_new      lwip_sys_arch.o
    0x18085558   0x00000034   Code   RO         5226    i.sys_mbox_post     lwip_sys_arch.o
    0x1808558c   0x00000014   Code   RO         5227    i.sys_mbox_trypost  lwip_sys_arch.o
    0x180855a0   0x00000034   Code   RO         5230    i.sys_mutex_lock    lwip_sys_arch.o
    0x180855d4   0x00000028   Code   RO         5231    i.sys_mutex_new     lwip_sys_arch.o
    0x180855fc   0x00000030   Code   RO         5232    i.sys_mutex_unlock  lwip_sys_arch.o
    0x1808562c   0x00000010   Code   RO         5233    i.sys_now           lwip_sys_arch.o
    0x1808563c   0x00000002   Code   RO         5234    i.sys_sem_free      lwip_sys_arch.o
    0x1808563e   0x00000002   PAD
    0x18085640   0x00000044   Code   RO         5235    i.sys_sem_new       lwip_sys_arch.o
    0x18085684   0x00000016   Code   RO         5236    i.sys_sem_signal    lwip_sys_arch.o
    0x1808569a   0x00000002   PAD
    0x1808569c   0x000000d0   Code   RO         5237    i.sys_thread_new    lwip_sys_arch.o
    0x1808576c   0x0000008c   Code   RO         6241    i.sys_timeout       lwip_timeouts.o
    0x180857f8   0x00000034   Code   RO         6242    i.sys_timeouts_init  lwip_timeouts.o
    0x1808582c   0x00000094   Code   RO         6243    i.sys_timeouts_mbox_fetch  lwip_timeouts.o
    0x180858c0   0x00000070   Code   RO         1372    i.task_thread_create  task_thread_interface.o
    0x18085930   0x00000038   Code   RO         1373    i.task_thread_exit  task_thread_interface.o
    0x18085968   0x00000004   Code   RO         1374    i.task_thread_sleep  task_thread_interface.o
    0x1808596c   0x0000013c   Code   RO         6111    i.tcp_abandon       lwip_tcp.o
    0x18085aa8   0x00000006   Code   RO         6112    i.tcp_abort         lwip_tcp.o
    0x18085aae   0x00000010   Code   RO         6113    i.tcp_accept        lwip_tcp.o
    0x18085abe   0x00000010   Code   RO         6114    i.tcp_accept_null   lwip_tcp.o
    0x18085ace   0x00000002   PAD
    0x18085ad0   0x0000018c   Code   RO         6115    i.tcp_alloc         lwip_tcp.o
    0x18085c5c   0x00000008   Code   RO         6116    i.tcp_arg           lwip_tcp.o
    0x18085c64   0x00000114   Code   RO         6117    i.tcp_bind          lwip_tcp.o
    0x18085d78   0x00000014   Code   RO         6118    i.tcp_close         lwip_tcp.o
    0x18085d8c   0x00000190   Code   RO         6119    i.tcp_close_shutdown  lwip_tcp.o
    0x18085f1c   0x000001bc   Code   RO         6120    i.tcp_connect       lwip_tcp.o
    0x180860d8   0x00000026   Code   RO         6122    i.tcp_eff_send_mss_impl  lwip_tcp.o
    0x180860fe   0x0000010c   Code   RO         6212    i.tcp_enqueue_flags  lwip_tcp_out.o
    0x1808620a   0x0000000a   Code   RO         6123    i.tcp_err           lwip_tcp.o
    0x18086214   0x000000c0   Code   RO         6124    i.tcp_fasttmr       lwip_tcp.o
    0x180862d4   0x00000014   Code   RO         6125    i.tcp_init          lwip_tcp.o
    0x180862e8   0x00000542   Code   RO         6194    i.tcp_input         lwip_tcp_in.o
    0x1808682a   0x000000b0   Code   RO         6213    i.tcp_keepalive     lwip_tcp_out.o
    0x180868da   0x00000002   PAD
    0x180868dc   0x000000ac   Code   RO         6126    i.tcp_listen_with_backlog  lwip_tcp.o
    0x18086988   0x00000084   Code   RO         6127    i.tcp_netif_ipv4_addr_changed  lwip_tcp.o
    0x18086a0c   0x00000006   Code   RO         6128    i.tcp_new           lwip_tcp.o
    0x18086a12   0x00000002   PAD
    0x18086a14   0x00000270   Code   RO         6214    i.tcp_output        lwip_tcp_out.o
    0x18086c84   0x0000012c   Code   RO         6195    i.tcp_parseopt      lwip_tcp_in.o
    0x18086db0   0x0000008a   Code   RO         6131    i.tcp_pcb_purge     lwip_tcp.o
    0x18086e3a   0x00000050   Code   RO         6132    i.tcp_pcb_remove    lwip_tcp.o
    0x18086e8a   0x00000008   Code   RO         6133    i.tcp_poll          lwip_tcp.o
    0x18086e92   0x00000002   PAD
    0x18086e94   0x00000408   Code   RO         6196    i.tcp_process       lwip_tcp_in.o
    0x1808729c   0x00000078   Code   RO         6134    i.tcp_process_refused_data  lwip_tcp.o
    0x18087314   0x0000083c   Code   RO         6197    i.tcp_receive       lwip_tcp_in.o
    0x18087b50   0x00000008   Code   RO         6135    i.tcp_recv          lwip_tcp.o
    0x18087b58   0x0000009c   Code   RO         6136    i.tcp_recv_null     lwip_tcp.o
    0x18087bf4   0x00000076   Code   RO         6137    i.tcp_recved        lwip_tcp.o
    0x18087c6a   0x0000004a   Code   RO         6215    i.tcp_rexmit        lwip_tcp_out.o
    0x18087cb4   0x00000096   Code   RO         6216    i.tcp_rexmit_fast   lwip_tcp_out.o
    0x18087d4a   0x0000002e   Code   RO         6217    i.tcp_rexmit_rto    lwip_tcp_out.o
    0x18087d78   0x00000096   Code   RO         6218    i.tcp_rst           lwip_tcp_out.o
    0x18087e0e   0x00000028   Code   RO         6138    i.tcp_seg_copy      lwip_tcp.o
    0x18087e36   0x00000020   Code   RO         6139    i.tcp_seg_free      lwip_tcp.o
    0x18087e56   0x00000026   Code   RO         6140    i.tcp_segs_free     lwip_tcp.o
    0x18087e7c   0x000000ce   Code   RO         6219    i.tcp_send_empty_ack  lwip_tcp_out.o
    0x18087f4a   0x00000046   Code   RO         6220    i.tcp_send_fin      lwip_tcp_out.o
    0x18087f90   0x00000008   Code   RO         6141    i.tcp_sent          lwip_tcp.o
    0x18087f98   0x00000052   Code   RO         6143    i.tcp_shutdown      lwip_tcp.o
    0x18087fea   0x00000002   PAD
    0x18087fec   0x000002cc   Code   RO         6144    i.tcp_slowtmr       lwip_tcp.o
    0x180882b8   0x00000038   Code   RO         6245    i.tcp_timer_needed  lwip_timeouts.o
    0x180882f0   0x00000024   Code   RO         6145    i.tcp_tmr           lwip_tcp.o
    0x18088314   0x00000010   Code   RO         6198    i.tcp_trigger_input_pcb_close  lwip_tcp_in.o
    0x18088324   0x0000003c   Code   RO         6147    i.tcp_update_rcv_ann_wnd  lwip_tcp.o
    0x18088360   0x000002f4   Code   RO         6221    i.tcp_write         lwip_tcp_out.o
    0x18088654   0x00000116   Code   RO         6222    i.tcp_zero_window_probe  lwip_tcp_out.o
    0x1808876a   0x00000002   PAD
    0x1808876c   0x00000050   Code   RO         5552    i.tcpip_callback_with_block  lwip_tcpip.o
    0x180887bc   0x00000054   Code   RO         5555    i.tcpip_init        lwip_tcpip.o
    0x18088810   0x00000094   Code   RO         5557    i.tcpip_input       lwip_tcpip.o
    0x180888a4   0x00000020   Code   RO         5558    i.tcpip_send_msg_wait_sem  lwip_tcpip.o
    0x180888c4   0x00000038   Code   RO         6246    i.tcpip_tcp_timer   lwip_timeouts.o
    0x180888fc   0x00000070   Code   RO         5559    i.tcpip_thread      lwip_tcpip.o
    0x1808896c   0x00000048   Code   RO         7994    i.ticker_insert_event  mbed_ticker_api.o
    0x180889b4   0x0000004e   Code   RO         7995    i.ticker_irq_handler  mbed_ticker_api.o
    0x18088a02   0x00000006   Code   RO         7996    i.ticker_read       mbed_ticker_api.o
    0x18088a08   0x00000044   Code   RO         7997    i.ticker_remove_event  mbed_ticker_api.o
    0x18088a4c   0x00000012   Code   RO         7998    i.ticker_set_handler  mbed_ticker_api.o
    0x18088a5e   0x00000002   PAD
    0x18088a60   0x0000006c   Code   RO         7970    i.time              mbed_rtc_time.o
    0x18088acc   0x0000000c   Code   RO        10701    i.timer_stop        baidu_media_manager_adapter.o
    0x18088ad8   0x00000150   Code   RO         4952    i.tls_prf_sha256    ssl_tls.o
    0x18088c28   0x0000002c   Code   RO         8635    i.trng_free         trng_api.o
    0x18088c54   0x00000068   Code   RO         8636    i.trng_get_bytes    trng_api.o
    0x18088cbc   0x00000048   Code   RO         8637    i.trng_init         trng_api.o
    0x18088d04   0x00000094   Code   RO         8575    i.uart0_irq         serial_api.o
    0x18088d98   0x0000009c   Code   RO         8576    i.uart1_irq         serial_api.o
    0x18088e34   0x000000dc   Code   RO         6262    i.udp_bind          lwip_udp.o
    0x18088f10   0x00000054   Code   RO         6263    i.udp_connect       lwip_udp.o
    0x18088f64   0x00000010   Code   RO         6264    i.udp_disconnect    lwip_udp.o
    0x18088f74   0x00000014   Code   RO         6265    i.udp_init          lwip_udp.o
    0x18088f88   0x00000184   Code   RO         6266    i.udp_input         lwip_udp.o
    0x1808910c   0x00000034   Code   RO         6267    i.udp_netif_ipv4_addr_changed  lwip_udp.o
    0x18089140   0x0000002c   Code   RO         6268    i.udp_new           lwip_udp.o
    0x1808916c   0x0000002c   Code   RO         6269    i.udp_new_ip_type   lwip_udp.o
    0x18089198   0x00000006   Code   RO         6270    i.udp_recv          lwip_udp.o
    0x1808919e   0x00000002   PAD
    0x180891a0   0x00000030   Code   RO         6271    i.udp_remove        lwip_udp.o
    0x180891d0   0x00000088   Code   RO         6272    i.udp_send          lwip_udp.o
    0x18089258   0x00000080   Code   RO         6273    i.udp_sendto        lwip_udp.o
    0x180892d8   0x00000042   Code   RO         6274    i.udp_sendto_if     lwip_udp.o
    0x1808931a   0x00000118   Code   RO         6275    i.udp_sendto_if_src  lwip_udp.o
    0x18089432   0x00000002   PAD
    0x18089434   0x000000f4   Code   RO        12171    i.unmark_ip_in_table  wifi_sta_ap.ar(dhcps.o)
    0x18089528   0x00000020   Code   RO        11090    i.update_measure_value  baidu_measure_time.o
    0x18089548   0x000001c8   Code   RO        10845    i.upnp_event_var_change_notify  upnpevents.o
    0x18089710   0x00000010   Code   RO         8647    i.us_ticker_clear_interrupt  us_ticker.o
    0x18089720   0x00000010   Code   RO         8648    i.us_ticker_disable_interrupt  us_ticker.o
    0x18089730   0x000000dc   Code   RO         8649    i.us_ticker_init    us_ticker.o
    0x1808980c   0x0000000c   Code   RO         8012    i.us_ticker_irq_handler  mbed_us_ticker_api.o
    0x18089818   0x00000060   Code   RO         8650    i.us_ticker_read    us_ticker.o
    0x18089878   0x000000bc   Code   RO         8651    i.us_ticker_set_interrupt  us_ticker.o
    0x18089934   0x0000001c   Code   RO         8025    i.wait_ms           mbed_wait_api.o
    0x18089950   0x00000018   Code   RO         8026    i.wait_us           mbed_wait_api.o
    0x18089968   0x00000118   Code   RO         5286    i.wifi_arch_enetif_init  rda5991h_wland.o
    0x18089a80   0x00000014   Code   RO        12939    i.wifi_inputEapolPkt  wifi_sta_ap.ar(wifi_wpa.o)
    0x18089a94   0x0000008c   Code   RO        12426    i.wland_add_ap_gtkey  wifi_sta_ap.ar(wland_if_ap.o)
    0x18089b20   0x00000140   Code   RO        12377    i.wland_add_gtkey   wifi_sta_ap.ar(wland_if_sta.o)
    0x18089c60   0x00000110   Code   RO        12378    i.wland_add_ptkey   wifi_sta_ap.ar(wland_if_sta.o)
    0x18089d70   0x00000118   Code   RO        12379    i.wland_add_wep_key  wifi_sta_ap.ar(wland_if_sta.o)
    0x18089e88   0x000000f4   Code   RO        12427    i.wland_clear_joined_sta  wifi_sta_ap.ar(wland_if_ap.o)
    0x18089f7c   0x00000584   Code   RO        12380    i.wland_connect     wifi_sta_ap.ar(wland_if_sta.o)
    0x1808a500   0x0000007c   Code   RO        12381    i.wland_connect_auto_rate  wifi_sta_ap.ar(wland_if_sta.o)
    0x1808a57c   0x00000060   Code   RO        12428    i.wland_deauth_sta  wifi_sta_ap.ar(wland_if_ap.o)
    0x1808a5dc   0x00000080   Code   RO        12429    i.wland_deauth_timer  wifi_sta_ap.ar(wland_if_ap.o)
    0x1808a65c   0x00000088   Code   RO        12539    i.wland_disable_sniffer  wifi_sta_ap.ar(wland_sniffer.o)
    0x1808a6e4   0x00000080   Code   RO        12382    i.wland_disauth     wifi_sta_ap.ar(wland_if_sta.o)
    0x1808a764   0x000000f0   Code   RO        12383    i.wland_disconnect  wifi_sta_ap.ar(wland_if_sta.o)
    0x1808a854   0x0000015c   Code   RO        12330    i.wland_fil_get_cmd_data_v2  wifi_sta_ap.ar(wland_if.o)
    0x1808a9b0   0x00000178   Code   RO        12331    i.wland_fil_set_cmd_data  wifi_sta_ap.ar(wland_if.o)
    0x1808ab28   0x00000020   Code   RO        12332    i.wland_get_buf     wifi_sta_ap.ar(wland_if.o)
    0x1808ab48   0x000000d0   Code   RO        12430    i.wland_get_cur_sta  wifi_sta_ap.ar(wland_if_ap.o)
    0x1808ac18   0x00000038   Code   RO        12333    i.wland_get_databuf  wifi_sta_ap.ar(wland_if.o)
    0x1808ac50   0x00000108   Code   RO        12431    i.wland_get_joined_sta_ip  wifi_sta_ap.ar(wland_if_ap.o)
    0x1808ad58   0x0000048c   Code   RO        12921    i.wland_handle_async_info  wifi_sta_ap.ar(wland_recv.o)
    0x1808b1e4   0x000000b8   Code   RO        12540    i.wland_notify_sniffer_handler  wifi_sta_ap.ar(wland_sniffer.o)
    0x1808b29c   0x00000086   Code   RO        12334    i.wland_push_wid    wifi_sta_ap.ar(wland_if.o)
    0x1808b322   0x00000002   PAD
    0x1808b324   0x000001cc   Code   RO        12384    i.wland_reconnect   wifi_sta_ap.ar(wland_if_sta.o)
    0x1808b4f0   0x000000c0   Code   RO        12335    i.wland_reg_func    wifi_sta_ap.ar(wland_if.o)
    0x1808b5b0   0x0000016c   Code   RO        12922    i.wland_rx_frames   wifi_sta_ap.ar(wland_recv.o)
    0x1808b71c   0x000001a0   Code   RO        12501    i.wland_scan        wifi_sta_ap.ar(wland_scan.o)
    0x1808b8bc   0x000002e4   Code   RO        12502    i.wland_scan_handler  wifi_sta_ap.ar(wland_scan.o)
    0x1808bba0   0x00000088   Code   RO        12503    i.wland_scan_order_result  wifi_sta_ap.ar(wland_scan.o)
    0x1808bc28   0x00000004   Code   RO        12385    i.wland_set_11n_action  wifi_sta_ap.ar(wland_if_sta.o)
    0x1808bc2c   0x0000008c   Code   RO        12386    i.wland_set_ARPoffload  wifi_sta_ap.ar(wland_if_sta.o)
    0x1808bcb8   0x000001e0   Code   RO        12435    i.wland_set_joined_sta_mac  wifi_sta_ap.ar(wland_if_ap.o)
    0x1808be98   0x00000020   Code   RO        12387    i.wland_set_sta_sleep  wifi_sta_ap.ar(wland_if_sta.o)
    0x1808beb8   0x000004a8   Code   RO        12389    i.wland_sta_init    wifi_sta_ap.ar(wland_if_sta.o)
    0x1808c360   0x00000038   Code   RO        12437    i.wland_sta_joined  wifi_sta_ap.ar(wland_if_ap.o)
    0x1808c398   0x0000049c   Code   RO        12438    i.wland_start_ap    wifi_sta_ap.ar(wland_if_ap.o)
    0x1808c834   0x0000032c   Code   RO        12390    i.wland_start_join  wifi_sta_ap.ar(wland_if_sta.o)
    0x1808cb60   0x00000110   Code   RO        12439    i.wland_stop_ap     wifi_sta_ap.ar(wland_if_ap.o)
    0x1808cc70   0x0000030c   Code   RO        12336    i.wland_task        wifi_sta_ap.ar(wland_if.o)
    0x1808cf7c   0x0000009c   Code   RO        12337    i.wland_tx_data     wifi_sta_ap.ar(wland_if.o)
    0x1808d018   0x00000168   Code   RO        12338    i.wland_tx_msg      wifi_sta_ap.ar(wland_if.o)
    0x1808d180   0x000000a0   Code   RO        12339    i.wland_txip_data   wifi_sta_ap.ar(wland_if.o)
    0x1808d220   0x00000300   Code   RO        12978    i.wpa_ap_init       wifi_sta_ap.ar(wifi_wpa_ap.o)
    0x1808d520   0x00000040   Code   RO        12979    i.wpa_ap_sta_init   wifi_sta_ap.ar(wifi_wpa_ap.o)
    0x1808d560   0x0000004e   Code   RO        13012    i.wpa_bss_get_vendor_ie_trinity  wifi_sta_ap.ar(wifi_wpa_get_suites.o)
    0x1808d5ae   0x00000002   PAD
    0x1808d5b0   0x00000090   Code   RO        13827    i.wpa_eapol_key_mic  wifi_sta_ap.ar(wifi_wpa_common.o)
    0x1808d640   0x00000100   Code   RO        12940    i.wpa_eapol_key_send  wifi_sta_ap.ar(wifi_wpa.o)
    0x1808d740   0x000000c8   Code   RO        13828    i.wpa_parse_generic  wifi_sta_ap.ar(wifi_wpa_common.o)
    0x1808d808   0x00000110   Code   RO        12982    i.wpa_parse_kde_ies  wifi_sta_ap.ar(wifi_wpa_ap.o)
    0x1808d918   0x0000040c   Code   RO        13013    i.wpa_parse_wpa_ie_rsn  wifi_sta_ap.ar(wifi_wpa_get_suites.o)
    0x1808dd24   0x000003e4   Code   RO        13014    i.wpa_parse_wpa_ie_wpa  wifi_sta_ap.ar(wifi_wpa_get_suites.o)
    0x1808e108   0x000000b4   Code   RO        13829    i.wpa_pmk_to_ptk    wifi_sta_ap.ar(wifi_wpa_common.o)
    0x1808e1bc   0x000009b4   Code   RO        12983    i.wpa_receive       wifi_sta_ap.ar(wifi_wpa_ap.o)
    0x1808eb70   0x000000d0   Code   RO        12986    i.wpa_send_3_of_4   wifi_sta_ap.ar(wifi_wpa_ap.o)
    0x1808ec40   0x0000022c   Code   RO        12987    i.wpa_send_eapol    wifi_sta_ap.ar(wifi_wpa_ap.o)
    0x1808ee6c   0x00000074   Code   RO        13830    i.wpa_sm_ether_send  wifi_sta_ap.ar(wifi_wpa_common.o)
    0x1808eee0   0x00000b88   Code   RO        12941    i.wpa_sm_rx_eapol   wifi_sta_ap.ar(wifi_wpa.o)
    0x1808fa68   0x00000104   Code   RO        12942    i.wpa_sm_set_gtk    wifi_sta_ap.ar(wifi_wpa.o)
    0x1808fb6c   0x00000034   Code   RO        12988    i.wpa_start_eapol   wifi_sta_ap.ar(wifi_wpa_ap.o)
    0x1808fba0   0x00000150   Code   RO        12943    i.wpa_supplicant_check_group_cipher  wifi_sta_ap.ar(wifi_wpa.o)
    0x1808fcf0   0x000000fc   Code   RO        13015    i.wpa_supplicant_get_encrypt  wifi_sta_ap.ar(wifi_wpa_get_suites.o)
    0x1808fdec   0x000001a8   Code   RO        13016    i.wpa_supplicant_get_wpaIe  wifi_sta_ap.ar(wifi_wpa_get_suites.o)
    0x1808ff94   0x000002d0   Code   RO        12944    i.wpa_supplicant_install_gtk  wifi_sta_ap.ar(wifi_wpa.o)
    0x18090264   0x000000e0   Code   RO        12945    i.wpa_supplicant_pairwise_gtk  wifi_sta_ap.ar(wifi_wpa.o)
    0x18090344   0x00000178   Code   RO        12946    i.wpa_supplicant_parse_ies  wifi_sta_ap.ar(wifi_wpa.o)
    0x180904bc   0x00000626   Code   RO        12947    i.wpa_supplicant_process_1_of_2  wifi_sta_ap.ar(wifi_wpa.o)
    0x18090ae2   0x00000002   PAD
    0x18090ae4   0x000002e4   Code   RO        12948    i.wpa_supplicant_process_1_of_4  wifi_sta_ap.ar(wifi_wpa.o)
    0x18090dc8   0x00000140   Code   RO        12949    i.wpa_supplicant_send_2_of_4  wifi_sta_ap.ar(wifi_wpa.o)
    0x18090f08   0x000001f0   Code   RO        12950    i.wpa_supplicant_send_4_of_4  wifi_sta_ap.ar(wifi_wpa.o)
    0x180910f8   0x00000218   Code   RO        13017    i.wpa_supplicant_set_suites  wifi_sta_ap.ar(wifi_wpa_get_suites.o)
    0x18091310   0x00000210   Code   RO        12951    i.wpa_supplicant_verify_eapol_key_mic  wifi_sta_ap.ar(wifi_wpa.o)
    0x18091520   0x00000044   Code   RO        12103    i.wr_rf_usb_reg     hal.ar(rda_ccfg_api.o)
    0x18091564   0x000006b0   Code   RO         5069    i.x509_crt_parse_der_core  x509_crt.o
    0x18091c14   0x00000200   Code   RO         5070    i.x509_crt_verify_child  x509_crt.o
    0x18091e14   0x000001de   Code   RO         5071    i.x509_crt_verify_top  x509_crt.o
    0x18091ff2   0x000000d0   Code   RO         5072    i.x509_name_cmp     x509_crt.o
    0x180920c2   0x00000002   PAD
    0x180920c4   0x00000040   Code   RO         5045    i.x509_parse_int    x509.o
    0x18092104   0x00000194   Code   RO        11595    i.you_333_GeneratePacket_001  dataProcess.o
    0x18092298   0x00000208   Code   RO        11596    i.you_333_GeneratePacket_002  dataProcess.o
    0x180924a0   0x000001a8   Code   RO        11597    i.you_333_KeepData_001  dataProcess.o
    0x18092648   0x00000128   Code   RO        11598    i.you_333_KeepPacket_001  dataProcess.o
    0x18092770   0x00000004   Code   RO        11955    i.yt_vad_rda_8000_close_session  yt_vad_rda_8000_rb.ar(yt_vad_rda_interface.o)
    0x18092774   0x0000001c   Code   RO        11956    i.yt_vad_rda_8000_get_instance  yt_vad_rda_8000_rb.ar(yt_vad_rda_interface.o)
    0x18092790   0x0000000a   Code   RO        11958    i.yt_vad_rda_8000_initialize  yt_vad_rda_8000_rb.ar(yt_vad_rda_interface.o)
    0x1809279a   0x00000018   Code   RO        11959    i.yt_vad_rda_8000_input_data_to_end  yt_vad_rda_8000_rb.ar(yt_vad_rda_interface.o)
    0x180927b2   0x00000014   Code   RO        11960    i.yt_vad_rda_8000_input_data_to_start  yt_vad_rda_8000_rb.ar(yt_vad_rda_interface.o)
    0x180927c6   0x00000004   Code   RO        11961    i.yt_vad_rda_8000_reset_for_new_start  yt_vad_rda_8000_rb.ar(yt_vad_rda_interface.o)
    0x180927ca   0x00000002   PAD
    0x180927cc   0x00000028   Code   RO        11963    i.yt_vad_rda_8000_set_memory_buffer  yt_vad_rda_8000_rb.ar(yt_vad_rda_interface.o)
    0x180927f4   0x00000004   Code   RO        11965    i.yt_vad_rda_8000_start_session  yt_vad_rda_8000_rb.ar(yt_vad_rda_interface.o)
    0x180927f8   0x00000106   Code   RO        12735    i.ytv_asr_GetAverageAmp_MIA  yt_vad_rda_8000_rb.ar(yt_vad_mia_816_fix_rb.o)
    0x180928fe   0x00000002   PAD
    0x18092900   0x00000410   Code   RO        13272    i.ytv_asr_mia_fft_INT32  yt_vad_rda_8000_rb.ar(ytv_asr_mia_math.o)
    0x18092d10   0x000003c8   Code   RO        13273    i.ytv_asr_mia_inv_fft_INT32  yt_vad_rda_8000_rb.ar(ytv_asr_mia_math.o)
    0x180930d8   0x00000098   Code   RO        13274    i.ytv_asr_mia_sqrt_x_y_INT_004  yt_vad_rda_8000_rb.ar(ytv_asr_mia_math.o)
    0x18093170   0x00000094   Code   RO        12736    i.ytv_asr_mia_vad_clear  yt_vad_rda_8000_rb.ar(yt_vad_mia_816_fix_rb.o)
    0x18093204   0x00000020   Code   RO        12737    i.ytv_asr_mia_vad_close_session  yt_vad_rda_8000_rb.ar(yt_vad_mia_816_fix_rb.o)
    0x18093224   0x000004f0   Code   RO        12738    i.ytv_asr_mia_vad_fill_frame_struct  yt_vad_rda_8000_rb.ar(yt_vad_mia_816_fix_rb.o)
    0x18093714   0x00000036   Code   RO        12742    i.ytv_asr_mia_vad_get_par  yt_vad_rda_8000_rb.ar(yt_vad_mia_816_fix_rb.o)
    0x1809374a   0x00000002   PAD
    0x1809374c   0x000000fc   Code   RO        12745    i.ytv_asr_mia_vad_initialize  yt_vad_rda_8000_rb.ar(yt_vad_mia_816_fix_rb.o)
    0x18093848   0x00000632   Code   RO        12746    i.ytv_asr_mia_vad_input_data_for_tail_888  yt_vad_rda_8000_rb.ar(yt_vad_mia_816_fix_rb.o)
    0x18093e7a   0x000000c4   Code   RO        12747    i.ytv_asr_mia_vad_input_data_to_end  yt_vad_rda_8000_rb.ar(yt_vad_mia_816_fix_rb.o)
    0x18093f3e   0x00000002   PAD
    0x18093f40   0x00000800   Code   RO        12748    i.ytv_asr_mia_vad_input_data_to_end_888  yt_vad_rda_8000_rb.ar(yt_vad_mia_816_fix_rb.o)
    0x18094740   0x0000012e   Code   RO        12749    i.ytv_asr_mia_vad_input_data_to_start  yt_vad_rda_8000_rb.ar(yt_vad_mia_816_fix_rb.o)
    0x1809486e   0x00000002   PAD
    0x18094870   0x00000878   Code   RO        12750    i.ytv_asr_mia_vad_input_data_to_start_888  yt_vad_rda_8000_rb.ar(yt_vad_mia_816_fix_rb.o)
    0x180950e8   0x00000064   Code   RO        12753    i.ytv_asr_mia_vad_reset_for_new_start  yt_vad_rda_8000_rb.ar(yt_vad_mia_816_fix_rb.o)
    0x1809514c   0x00000058   Code   RO        12763    i.ytv_asr_mia_vad_start_session  yt_vad_rda_8000_rb.ar(yt_vad_mia_816_fix_rb.o)
    0x180951a4   0x000000c4   Code   RO        12769    i.ytv_mia_vad_rb_read_data  yt_vad_rda_8000_rb.ar(yt_vad_mia_816_fix_rb.o)
    0x18095268   0x00000174   Code   RO        12771    i.ytv_mia_vad_rb_write_data  yt_vad_rda_8000_rb.ar(yt_vad_mia_816_fix_rb.o)
    0x180953dc   0x0000002c   Code   RO        16031    locale$$code        c_w.l(lc_ctype_c.o)
    0x18095408   0x0000002c   Code   RO        16802    locale$$code        c_w.l(lc_numeric_c.o)
    0x18095434   0x0000004c   Code   RO         6882    t._ZN12SingletonPtrIN4rtos5MutexEEptEv  FlashIAP.o
    0x18095480   0x0000000e   Code   RO        16868    t._ZN4__rw18__rw_locale_vectorIPNS_8__rw_catEED1Ev  cpp_ws.l(rwcats.o)
    0x1809548e   0x00000004   Code   RO          773    t._ZN4mbed8CallbackIFvvEE11_boundthunkIvEEvPvS4_  wifi_manage.o
    0x18095492   0x00000014   Code   RO         2767    t._ZN4mbed8CallbackIFvvEE12_methodthunkI7rda58xxEEvPvS5_  rda58xx.o
    0x180954a6   0x00000014   Code   RO        10065    t._ZN4mbed8CallbackIFvvEE12_methodthunkI9DuerTimerEEvPvS5_  lightduer_timers.o
    0x180954ba   0x00000014   Code   RO        11923    t._ZN4mbed8CallbackIFvvEE12_methodthunkIN4duer10YTGpadcKeyEEEvPvS6_  yt_key.o
    0x180954ce   0x00000014   Code   RO        11439    t._ZN4mbed8CallbackIFvvEE12_methodthunkIN4duer14YTMediaManagerEEEvPvS6_  YTManage.o
    0x180954e2   0x00000004   Code   RO          245    t._ZN4mbed8CallbackIFvvEE12_staticthunkEPvS3_  deepbrain_app.o
    0x180954e6   0x0000000e   Code   RO         6607    t._ZN4mbed8CallbackIFvvEE5thunkEPv  Socket.o
    0x180954f4   0x00000018   Code   RO        15737    x$fpl$basic         fz_wm.l(basic.o)
    0x1809550c   0x00000062   Code   RO        15739    x$fpl$d2f           fz_wm.l(d2f.o)
    0x1809556e   0x00000002   PAD
    0x18095570   0x00000150   Code   RO        15741    x$fpl$dadd          fz_wm.l(daddsub_clz.o)
    0x180956c0   0x00000010   Code   RO        16970    x$fpl$dcheck1       fz_wm.l(dcheck1.o)
    0x180956d0   0x00000018   Code   RO        16639    x$fpl$dcmpinf       fz_wm.l(dcmpi.o)
    0x180956e8   0x000002b0   Code   RO        15748    x$fpl$ddiv          fz_wm.l(ddiv.o)
    0x18095998   0x00000078   Code   RO        15751    x$fpl$deqf          fz_wm.l(deqf.o)
    0x18095a10   0x0000005e   Code   RO        15753    x$fpl$dfix          fz_wm.l(dfix.o)
    0x18095a6e   0x00000002   PAD
    0x18095a70   0x0000005a   Code   RO        15757    x$fpl$dfixu         fz_wm.l(dfixu.o)
    0x18095aca   0x0000002e   Code   RO        15762    x$fpl$dflt          fz_wm.l(dflt_clz.o)
    0x18095af8   0x00000026   Code   RO        15761    x$fpl$dfltu         fz_wm.l(dflt_clz.o)
    0x18095b1e   0x00000002   PAD
    0x18095b20   0x00000078   Code   RO        15767    x$fpl$dleqf         fz_wm.l(dleqf.o)
    0x18095b98   0x00000154   Code   RO        15769    x$fpl$dmul          fz_wm.l(dmul.o)
    0x18095cec   0x0000009c   Code   RO        16641    x$fpl$dnaninf       fz_wm.l(dnaninf.o)
    0x18095d88   0x0000000c   Code   RO        16643    x$fpl$dretinf       fz_wm.l(dretinf.o)
    0x18095d94   0x0000006c   Code   RO        15771    x$fpl$drleqf        fz_wm.l(drleqf.o)
    0x18095e00   0x00000016   Code   RO        15742    x$fpl$drsb          fz_wm.l(daddsub_clz.o)
    0x18095e16   0x00000002   PAD
    0x18095e18   0x00000198   Code   RO        16645    x$fpl$dsqrt         fz_wm.l(dsqrt_umaal.o)
    0x18095fb0   0x000001d4   Code   RO        15743    x$fpl$dsub          fz_wm.l(daddsub_clz.o)
    0x18096184   0x00000056   Code   RO        15773    x$fpl$f2d           fz_wm.l(f2d.o)
    0x180961da   0x0000008c   Code   RO        16647    x$fpl$fnaninf       fz_wm.l(fnaninf.o)
    0x18096266   0x0000000a   Code   RO        16972    x$fpl$fpinit        fz_wm.l(fpinit.o)
    0x18096270   0x0000000a   Code   RO        16649    x$fpl$fretinf       fz_wm.l(fretinf.o)
    0x1809627a   0x00000004   Code   RO        15775    x$fpl$printf1       fz_wm.l(printf1.o)
    0x1809627e   0x00000004   Code   RO        16651    x$fpl$printf2       fz_wm.l(printf2.o)
    0x18096282   0x00000064   Code   RO        17044    x$fpl$retnan        fz_wm.l(retnan.o)
    0x180962e6   0x0000005c   Code   RO        16657    x$fpl$scalbn        fz_wm.l(scalbn.o)
    0x18096342   0x00000030   Code   RO        17086    x$fpl$trapveneer    fz_wm.l(trapv.o)
    0x18096372   0x00000000   Code   RO        16661    x$fpl$usenofp       fz_wm.l(usenofp.o)
    0x18096372   0x00000002   PAD
    0x18096374   0x00002b18   Data   RO           19    .constdata          app_main.o
    0x18098e8c   0x0002586c   Data   RO          172    .constdata          deepbrain_app.o
    0x180be6f8   0x00000190   Data   RO          377    .constdata          factory_test.o
    0x180be888   0x00000010   Data   RO          430    .constdata          airkiss_lan_discovery.o
    0x180be898   0x00003768   Data   RO          606    .constdata          mpush_service.o
    0x180c2000   0x000410a0   Data   RO          747    .constdata          wifi_manage.o
    0x181030a0   0x00000021   Data   RO         1083    .constdata          Airkiss.o
    0x181030c1   0x00000118   Data   RO         1138    .constdata          app_framework.o
    0x181031d9   0x00000007   Data   RO         1228    .constdata          cJSON.o
    0x181031e0   0x00000400   Data   RO         1283    .constdata          crc_interface.o
    0x181035e0   0x00000028   Data   RO         1351    .constdata          socket_interface.o
    0x18103608   0x00000090   Data   RO         1452    .constdata          lightduer_m4a_audio_specific_config.o
    0x18103698   0x00000044   Data   RO         2701    .constdata          rda58xx.o
    0x181036dc   0x00000014   Data   RO         3322    .constdata          console.o
    0x181036f0   0x00017456   Data   RO         3388    .constdata          cc936.o
    0x1811ab46   0x0000003a   Data   RO         3498    .constdata          ff.o
    0x1811ab80   0x000000a3   Data   RO         3773    .constdata          sdmmc.o
    0x1811ac23   0x00000001   PAD
    0x1811ac24   0x00002228   Data   RO         4184    .constdata          aes.o
    0x1811ce4c   0x000000c0   Data   RO         4249    .constdata          base64.o
    0x1811cf0c   0x0000001c   Data   RO         4439    .constdata          cipher_wrap.o
    0x1811cf28   0x0000001c   Data   RO         4440    .constdata          cipher_wrap.o
    0x1811cf44   0x0000001c   Data   RO         4441    .constdata          cipher_wrap.o
    0x1811cf60   0x0000001c   Data   RO         4442    .constdata          cipher_wrap.o
    0x1811cf7c   0x0000001c   Data   RO         4443    .constdata          cipher_wrap.o
    0x1811cf98   0x0000001c   Data   RO         4444    .constdata          cipher_wrap.o
    0x1811cfb4   0x0000001c   Data   RO         4445    .constdata          cipher_wrap.o
    0x1811cfd0   0x0000001c   Data   RO         4446    .constdata          cipher_wrap.o
    0x1811cfec   0x0000001c   Data   RO         4447    .constdata          cipher_wrap.o
    0x1811d008   0x0000001c   Data   RO         4448    .constdata          cipher_wrap.o
    0x1811d024   0x0000001c   Data   RO         4449    .constdata          cipher_wrap.o
    0x1811d040   0x0000001c   Data   RO         4450    .constdata          cipher_wrap.o
    0x1811d05c   0x0000001c   Data   RO         4451    .constdata          cipher_wrap.o
    0x1811d078   0x0000001c   Data   RO         4452    .constdata          cipher_wrap.o
    0x1811d094   0x0000001c   Data   RO         4453    .constdata          cipher_wrap.o
    0x1811d0b0   0x0000001c   Data   RO         4454    .constdata          cipher_wrap.o
    0x1811d0cc   0x0000001c   Data   RO         4455    .constdata          cipher_wrap.o
    0x1811d0e8   0x0000001c   Data   RO         4456    .constdata          cipher_wrap.o
    0x1811d104   0x0000001c   Data   RO         4457    .constdata          cipher_wrap.o
    0x1811d120   0x0000001c   Data   RO         4458    .constdata          cipher_wrap.o
    0x1811d13c   0x00000080   Data   RO         4459    .constdata          cipher_wrap.o
    0x1811d1bc   0x00000980   Data   RO         4542    .constdata          des.o
    0x1811db3c   0x00000040   Data   RO         4626    .constdata          md5.o
    0x1811db7c   0x00000030   Data   RO         4659    .constdata          md_wrap.o
    0x1811dbac   0x00000030   Data   RO         4660    .constdata          md_wrap.o
    0x1811dbdc   0x00000030   Data   RO         4661    .constdata          md_wrap.o
    0x1811dc0c   0x00000030   Data   RO         4662    .constdata          md_wrap.o
    0x1811dc3c   0x000004f8   Data   RO         4703    .constdata          oid.o
    0x1811e134   0x00000030   Data   RO         4765    .constdata          pk_wrap.o
    0x1811e164   0x00000040   Data   RO         4832    .constdata          sha1.o
    0x1811e1a4   0x00000140   Data   RO         4849    .constdata          sha256.o
    0x1811e2e4   0x000003cc   Data   RO         4865    .constdata          ssl_ciphersuites.o
    0x1811e6b0   0x000000b8   Data   RO         5073    .constdata          x509_crt.o
    0x1811e768   0x00000010   Data   RO         5075    .constdata          x509_crt.o
    0x1811e778   0x00000004   Data   RO         5240    .constdata          lwip_sys_arch.o
    0x1811e77c   0x00000044   Data   RO         5514    .constdata          lwip_sockets.o
    0x1811e7c0   0x00000004   Data   RO         5743    .constdata          lwip_ip4_addr.o
    0x1811e7c4   0x00000004   Data   RO         5744    .constdata          lwip_ip4_addr.o
    0x1811e7c8   0x0000000c   Data   RO         5937    .constdata          lwip_memp.o
    0x1811e7d4   0x0000000c   Data   RO         5938    .constdata          lwip_memp.o
    0x1811e7e0   0x0000000c   Data   RO         5939    .constdata          lwip_memp.o
    0x1811e7ec   0x0000000c   Data   RO         5940    .constdata          lwip_memp.o
    0x1811e7f8   0x0000000c   Data   RO         5941    .constdata          lwip_memp.o
    0x1811e804   0x0000000c   Data   RO         5942    .constdata          lwip_memp.o
    0x1811e810   0x0000000c   Data   RO         5943    .constdata          lwip_memp.o
    0x1811e81c   0x0000000c   Data   RO         5944    .constdata          lwip_memp.o
    0x1811e828   0x0000000c   Data   RO         5945    .constdata          lwip_memp.o
    0x1811e834   0x0000000c   Data   RO         5946    .constdata          lwip_memp.o
    0x1811e840   0x0000000c   Data   RO         5947    .constdata          lwip_memp.o
    0x1811e84c   0x0000000c   Data   RO         5948    .constdata          lwip_memp.o
    0x1811e858   0x0000000c   Data   RO         5949    .constdata          lwip_memp.o
    0x1811e864   0x0000000c   Data   RO         5950    .constdata          lwip_memp.o
    0x1811e870   0x0000000c   Data   RO         5951    .constdata          lwip_memp.o
    0x1811e87c   0x0000000c   Data   RO         5952    .constdata          lwip_memp.o
    0x1811e888   0x00000040   Data   RO         5953    .constdata          lwip_memp.o
    0x1811e8c8   0x00000054   Data   RO         6148    .constdata          lwip_tcp.o
    0x1811e91c   0x00000038   Data   RO         6247    .constdata          lwip_timeouts.o
    0x1811e954   0x00000006   Data   RO         6298    .constdata          lwip_ethernet.o
    0x1811e95a   0x00000006   Data   RO         6299    .constdata          lwip_ethernet.o
    0x1811e960   0x00000048   Data   RO         6361    .constdata          lwip_stack.o
    0x1811e9a8   0x00000004   Data   RO         6362    .constdata          lwip_stack.o
    0x1811e9ac   0x00000014   Data   RO         7925    .constdata          mbed_lp_ticker_api.o
    0x1811e9c0   0x00000008   Data   RO         7926    .constdata          mbed_lp_ticker_api.o
    0x1811e9c8   0x00000014   Data   RO         8013    .constdata          mbed_us_ticker_api.o
    0x1811e9dc   0x00000008   Data   RO         8014    .constdata          mbed_us_ticker_api.o
    0x1811e9e4   0x00000017   Data   RO         8103    .constdata          retarget.o
    0x1811e9fb   0x00000001   PAD
    0x1811e9fc   0x0000003c   Data   RO         8237    .constdata          analogin_api.o
    0x1811ea38   0x000001a4   Data   RO         8263    .constdata          gpio_api.o
    0x1811ebdc   0x00000070   Data   RO         8282    .constdata          gpio_irq_api.o
    0x1811ec4c   0x00000030   Data   RO         8437    .constdata          rda_gpadc_api.o
    0x1811ec7c   0x00000090   Data   RO         8578    .constdata          serial_api.o
    0x1811ed0c   0x00000002   Data   RO         8820    .constdata          RTX_Conf_CM.o
    0x1811ed0e   0x00000002   PAD
    0x1811ed10   0x00000004   Data   RO         8821    .constdata          RTX_Conf_CM.o
    0x1811ed14   0x00000004   Data   RO         8822    .constdata          RTX_Conf_CM.o
    0x1811ed18   0x00000004   Data   RO         8826    .constdata          RTX_Conf_CM.o
    0x1811ed1c   0x00000001   Data   RO         8827    .constdata          RTX_Conf_CM.o
    0x1811ed1d   0x00000003   PAD
    0x1811ed20   0x00000014   Data   RO         8828    .constdata          RTX_Conf_CM.o
    0x1811ed34   0x00000002   Data   RO         8829    .constdata          RTX_Conf_CM.o
    0x1811ed36   0x00000002   PAD
    0x1811ed38   0x00000004   Data   RO         8830    .constdata          RTX_Conf_CM.o
    0x1811ed3c   0x00000001   Data   RO         8831    .constdata          RTX_Conf_CM.o
    0x1811ed3d   0x00000003   PAD
    0x1811ed40   0x00000014   Data   RO         8832    .constdata          RTX_Conf_CM.o
    0x1811ed54   0x00000008   Data   RO         8833    .constdata          RTX_Conf_CM.o
    0x1811ed5c   0x00000002   Data   RO         8834    .constdata          RTX_Conf_CM.o
    0x1811ed5e   0x00000002   PAD
    0x1811ed60   0x00000008   Data   RO         9607    .constdata          lightduer_memory.o
    0x1811ed68   0x00000028   Data   RO         9690    .constdata          lightduer_net_transport_wrapper.o
    0x1811ed90   0x0000000f   Data   RO         9840    .constdata          lightduer_http_client_ops.o
    0x1811ed9f   0x00000001   PAD
    0x1811eda0   0x00000008   Data   RO        10055    .constdata          lightduer_timers.o
    0x1811eda8   0x00000018   Data   RO        10220    .constdata          baidu_media_data_manager.o
    0x1811edc0   0x00000008   Data   RO        10628    .constdata          baidu_media_play_m4a.o
    0x1811edc8   0x000000ba   Data   RO        10647    .constdata          baidu_mp3_frame_header_parser.o
    0x1811ee82   0x00000002   PAD
    0x1811ee84   0x00001a60   Data   RO        11380    .constdata          YTManage.o
    0x181208e4   0x00001f38   Data   RO        11549    .constdata          SpiLocal.o
    0x1812281c   0x00002b08   Data   RO        11550    .constdata          SpiLocal.o
    0x18125324   0x00000d80   Data   RO        11551    .constdata          SpiLocal.o
    0x181260a4   0x00000cf0   Data   RO        11552    .constdata          SpiLocal.o
    0x18126d94   0x00000a20   Data   RO        11553    .constdata          SpiLocal.o
    0x181277b4   0x00000a20   Data   RO        11554    .constdata          SpiLocal.o
    0x181281d4   0x00000948   Data   RO        11555    .constdata          SpiLocal.o
    0x18128b1c   0x00000a20   Data   RO        11556    .constdata          SpiLocal.o
    0x1812953c   0x00000040   Data   RO        11557    .constdata          SpiLocal.o
    0x1812957c   0x00000184   Data   RO        11599    .constdata          dataProcess.o
    0x18129700   0x00001b48   Data   RO        11839    .constdata          vbat.o
    0x1812b248   0x00000010   Data   RO        11901    .constdata          yt_key.o
    0x1812b258   0x00000020   Data   RO        11932    .constdata          yt_nb_amr_decoder_rda.ar(amr_codec_cns.o)
    0x1812b278   0x00000146   Data   RO        12054    .constdata          libairkiss.ar(airkiss.o)
    0x1812b3be   0x00000002   PAD
    0x1812b3c0   0x00000004   Data   RO        12057    .constdata          libairkiss.ar(airlink.o)
    0x1812b3c4   0x0000001c   Data   RO        12080    .constdata          hal.ar(rda_ccfg_api.o)
    0x1812b3e0   0x0000000c   Data   RO        12202    .constdata          wifi_sta_ap.ar(maclib_task.o)
    0x1812b3ec   0x0000031a   Data   RO        12263    .constdata          wifi_sta_ap.ar(wland_flash.o)
    0x1812b706   0x00000002   PAD
    0x1812b708   0x00000123   Data   RO        12342    .constdata          wifi_sta_ap.ar(wland_if.o)
    0x1812b82b   0x00000129   Data   RO        12394    .constdata          wifi_sta_ap.ar(wland_if_sta.o)
    0x1812b954   0x0000019b   Data   RO        12444    .constdata          wifi_sta_ap.ar(wland_if_ap.o)
    0x1812baef   0x00000122   Data   RO        12505    .constdata          wifi_sta_ap.ar(wland_scan.o)
    0x1812bc11   0x00000110   Data   RO        12542    .constdata          wifi_sta_ap.ar(wland_sniffer.o)
    0x1812bd21   0x00000001   PAD
    0x1812bd22   0x00001784   Data   RO        12616    .constdata          yt_nb_amr_decoder_rda.ar(interf_dec.o)
    0x1812d4a6   0x00000010   Data   RO        12913    .constdata          wifi_sta_ap.ar(csl_mbed.o)
    0x1812d4b6   0x0000009d   Data   RO        12924    .constdata          wifi_sta_ap.ar(wland_recv.o)
    0x1812d553   0x00000001   PAD
    0x1812d554   0x0000ce34   Data   RO        13046    .constdata          yt_nb_amr_decoder_rda.ar(sp_dec.o)
    0x1813a388   0x000000f0   Data   RO        13154    .constdata          SoundTouch.ar(TDStretch.o)
    0x1813a478   0x0000160c   Data   RO        13275    .constdata          yt_vad_rda_8000_rb.ar(ytv_asr_mia_math.o)
    0x1813ba84   0x0000001c   Data   RO        13721    .constdata          wifi_sta_ap.ar(maccontroller.o)
    0x1813baa0   0x00000082   Data   RO        13725    .constdata          wifi_sta_ap.ar(mac_init.o)
    0x1813bb22   0x0000001d   Data   RO        13757    .constdata          wifi_sta_ap.ar(pm_sta.o)
    0x1813bb3f   0x00000012   Data   RO        13761    .constdata          wifi_sta_ap.ar(virtual_host_if.o)
    0x1813bb51   0x00000012   Data   RO        13765    .constdata          wifi_sta_ap.ar(host_if.o)
    0x1813bb63   0x0000000e   Data   RO        13773    .constdata          wifi_sta_ap.ar(imem.o)
    0x1813bb71   0x00000003   PAD
    0x1813bb74   0x00000030   Data   RO        13778    .constdata          wifi_sta_ap.ar(imem_if.o)
    0x1813bba4   0x00000ed4   Data   RO        14540    .constdata          wifi_sta_ap.ar(iconfig.o)
    0x1813ca78   0x000000bc   Data   RO        14558    .constdata          wifi_sta_ap.ar(sme_sta.o)
    0x1813cb34   0x00000011   Data   RO        14562    .constdata          wifi_sta_ap.ar(management_11e.o)
    0x1813cb45   0x00000003   PAD
    0x1813cb48   0x00000018   Data   RO        14581    .constdata          wifi_sta_ap.ar(blockack.o)
    0x1813cb60   0x00000023   Data   RO        14588    .constdata          wifi_sta_ap.ar(management_11n.o)
    0x1813cb83   0x0000001f   Data   RO        14651    .constdata          wifi_sta_ap.ar(fsm.o)
    0x1813cba2   0x0000000a   Data   RO        14655    .constdata          wifi_sta_ap.ar(index_util.o)
    0x1813cbac   0x00000048   Data   RO        14710    .constdata          wifi_sta_ap.ar(chan_mgmt_ap.o)
    0x1813cbf4   0x0000005c   Data   RO        14716    .constdata          wifi_sta_ap.ar(management_ap.o)
    0x1813cc50   0x00000014   Data   RO        14741    .constdata          wifi_sta_ap.ar(channel_sw.o)
    0x1813cc64   0x00000088   Data   RO        14759    .constdata          wifi_sta_ap.ar(ce_lut.o)
    0x1813ccec   0x000000f6   Data   RO        14763    .constdata          wifi_sta_ap.ar(mh.o)
    0x1813cde2   0x00000002   PAD
    0x1813cde4   0x00000180   Data   RO        14772    .constdata          wifi_sta_ap.ar(phy_ittiam_40mhz.o)
    0x1813cf64   0x00000024   Data   RO        14782    .constdata          wifi_sta_ap.ar(phy_802_11n.o)
    0x1813cf88   0x00000010   Data   RO        14783    .constdata          wifi_sta_ap.ar(phy_802_11n.o)
    0x1813cf98   0x00000f38   Data   RO        14797    .constdata          wifi_sta_ap.ar(vco_rda_ittiam.o)
    0x1813ded0   0x00000010   Data   RO        14810    .constdata          wifi_sta_ap.ar(qmu_rx.o)
    0x1813dee0   0x00000010   Data   RO        14814    .constdata          wifi_sta_ap.ar(qmu_tx.o)
    0x1813def0   0x00000011   Data   RO        14906    .constdata          wifi_sta_ap.ar(frame_ap.o)
    0x1813df01   0x0000001b   Data   RO        14909    .constdata          wifi_sta_ap.ar(host_rx_mlme_ap.o)
    0x1813df1c   0x0000001c   Data   RO        14914    .constdata          wifi_sta_ap.ar(pm_ap.o)
    0x1813df38   0x00000048   Data   RO        14917    .constdata          wifi_sta_ap.ar(wlan_misc_ap.o)
    0x1813df80   0x0000002d   Data   RO        14926    .constdata          wifi_sta_ap.ar(ieee_11i_sta.o)
    0x1813dfad   0x00000039   Data   RO        14935    .constdata          wifi_sta_ap.ar(host_rx_mlme_sta.o)
    0x1813dfe6   0x00000026   Data   RO        14941    .constdata          wifi_sta_ap.ar(management_sta.o)
    0x1813e00c   0x00000011   Data   RO        14945    .constdata          wifi_sta_ap.ar(wlan_misc_sta.o)
    0x1813e01d   0x00000003   PAD
    0x1813e020   0x000000f3   Data   RO        14948    .constdata          wifi_sta_ap.ar(wlan_rx_mgmt_sta.o)
    0x1813e113   0x00000013   Data   RO        14976    .constdata          wifi_sta_ap.ar(tkip_sta.o)
    0x1813e126   0x00000002   PAD
    0x1813e128   0x00000070   Data   RO        14979    .constdata          wifi_sta_ap.ar(filter_action.o)
    0x1813e198   0x00000028   Data   RO        15151    .constdata          c_w.l(_printf_hex_int_ll_ptr.o)
    0x1813e1c0   0x00000011   Data   RO        15171    .constdata          c_w.l(__printf_flags_ss_wp.o)
    0x1813e1d1   0x00000001   Data   RO        15733    .constdata          cpprt_w.l(nothrow_obj.o)
    0x1813e1d2   0x00000006   PAD
    0x1813e1d8   0x00000058   Data   RO        15822    .constdata          m_wm.l(exp.o)
    0x1813e230   0x00000038   Data   RO        15848    .constdata          m_wm.l(log.o)
    0x1813e268   0x00000088   Data   RO        15862    .constdata          m_wm.l(pow.o)
    0x1813e2f0   0x00000008   Data   RO        15965    .constdata          c_w.l(_printf_wctomb.o)
    0x1813e2f8   0x0000000c   Data   RO        16046    .constdata          c_w.l(_monlen.o)
    0x1813e304   0x00000004   PAD
    0x1813e308   0x00000030   Data   RO        16663    .constdata          m_wm.l(cos_i.o)
    0x1813e338   0x00000008   Data   RO        16683    .constdata          m_wm.l(qnan.o)
    0x1813e340   0x000000c8   Data   RO        16686    .constdata          m_wm.l(rred.o)
    0x1813e408   0x00000028   Data   RO        16690    .constdata          m_wm.l(sin_i.o)
    0x1813e430   0x00000026   Data   RO        16714    .constdata          c_w.l(_printf_fp_hex.o)
    0x1813e456   0x00000002   PAD
    0x1813e458   0x00000094   Data   RO        16735    .constdata          c_w.l(bigflt0.o)
    0x1813e4ec   0x00000014   Data   RO          777    .constdata__ZTV12AirkissEvent  wifi_manage.o
    0x1813e500   0x0000001c   Data   RO        10677    .constdata__ZTV12DLNAListener  baidu_dlna_media_cb.o
    0x1813e51c   0x0000002c   Data   RO         3568    .constdata__ZTV12FATDirHandle  FATDirHandle.o
    0x1813e548   0x00000034   Data   RO         3625    .constdata__ZTV13FATFileHandle  FATFileHandle.o
    0x1813e57c   0x00000050   Data   RO         3698    .constdata__ZTV13FATFileSystem  FATFileSystem.o
    0x1813e5cc   0x00000050   Data   RO         3753    .constdata__ZTV15SDMMCFileSystem  SDMMCFileSystem.o
    0x1813e61c   0x000000a0   Data   RO         5205    .constdata__ZTV18WiFiStackInterface  WiFiStackInterface.o
    0x1813e6bc   0x00000010   Data   RO        11530    .constdata__ZTV8SpiFLASH  SpiFlash.o
    0x1813e6cc   0x00000010   Data   RO        11822    .constdata__ZTV9PlayLocal  YTLocal.o
    0x1813e6dc   0x00000034   Data   RO        12712    .constdata__ZTVN10soundtouch10SoundTouchE  SoundTouch.ar(SoundTouch.o)
    0x1813e710   0x00000034   Data   RO        13265    .constdata__ZTVN10soundtouch14RateTransposerE  SoundTouch.ar(RateTransposer.o)
    0x1813e744   0x0000002c   Data   RO        13267    .constdata__ZTVN10soundtouch14TransposerBaseE  SoundTouch.ar(RateTransposer.o)
    0x1813e770   0x00000034   Data   RO        13895    .constdata__ZTVN10soundtouch16FIFOSampleBufferE  SoundTouch.ar(FIFOSampleBuffer.o)
    0x1813e7a4   0x0000002c   Data   RO        13971    .constdata__ZTVN10soundtouch24InterpolateLinearIntegerE  SoundTouch.ar(InterpolateLinear.o)
    0x1813e7d0   0x00000020   Data   RO        13934    .constdata__ZTVN10soundtouch9FIRFilterE  SoundTouch.ar(FIRFilter.o)
    0x1813e7f0   0x00000048   Data   RO        13183    .constdata__ZTVN10soundtouch9TDStretchE  SoundTouch.ar(TDStretch.o)
    0x1813e838   0x00000020   Data   RO        11077    .constdata__ZTVN4duer10FileBufferE  baidu_file_buffer.o
    0x1813e858   0x00000010   Data   RO        11922    .constdata__ZTVN4duer10YTGpadcKeyE  yt_key.o
    0x1813e868   0x00000020   Data   RO        11050    .constdata__ZTVN4duer12CommonBufferE  baidu_common_buffer.o
    0x1813e888   0x0000006c   Data   RO        10571    .constdata__ZTVN4duer12MediaAdapterE  baidu_media_play.o
    0x1813e8f4   0x0000006c   Data   RO         2527    .constdata__ZTVN4duer14BaiduCodecBaseE  baidu_codec_base.o
    0x1813e960   0x00000010   Data   RO        11438    .constdata__ZTVN4duer14YTMediaManagerE  YTManage.o
    0x1813e970   0x0000001c   Data   RO        11436    .constdata__ZTVN4duer19YTMDMPlayerListenerE  YTManage.o
    0x1813e98c   0x0000001c   Data   RO        10434    .constdata__ZTVN4duer23MdmMeaidaPlayerListenerE  baidu_media_play_progress.o
    0x1813e9a8   0x00000018   Data   RO        10436    .constdata__ZTVN4duer23MediaPlayBufferListenerE  baidu_media_play_progress.o
    0x1813e9c0   0x00000034   Data   RO         8161    .constdata__ZTVN4mbed10FileHandleE  retarget.o
    0x1813e9f4   0x00000018   Data   RO         7629    .constdata__ZTVN4mbed10SerialBaseE  SerialBase.o
    0x1813ea0c   0x00000014   Data   RO         7824    .constdata__ZTVN4mbed10TimerEventE  TimerEvent.o
    0x1813ea20   0x0000002c   Data   RO         7235    .constdata__ZTVN4mbed13BaseDirHandleE  FileSystemLike.o
    0x1813ea4c   0x00000024   Data   RO         7221    .constdata__ZTVN4mbed14FileSystemLikeE  FileSystemLike.o
    0x1813ea70   0x0000006c   Data   RO         7559    .constdata__ZTVN4mbed6SerialE  Serial.o
    0x1813eadc   0x0000004c   Data   RO         7715    .constdata__ZTVN4mbed6StreamE  Stream.o
    0x1813eb28   0x00000014   Data   RO         7734    .constdata__ZTVN4mbed6TickerE  Ticker.o
    0x1813eb3c   0x00000014   Data   RO         7753    .constdata__ZTVN4mbed7TimeoutE  Timeout.o
    0x1813eb50   0x00000018   Data   RO        11856    .constdata__ZTVN4mbed8AnalogInE  vbat.o
    0x1813eb68   0x00000010   Data   RO         7137    .constdata__ZTVN4mbed8FileBaseE  FileBase.o
    0x1813eb78   0x00000044   Data   RO         7162    .constdata__ZTVN4mbed8FileLikeE  FileLike.o
    0x1813ebbc   0x00000010   Data   RO         3380    .constdata__ZTVN4mbed8GpadcKeyE  gpadckey.o
    0x1813ebcc   0x00000018   Data   RO         7466    .constdata__ZTVN4mbed9RawSerialE  RawSerial.o
    0x1813ebe4   0x00000010   Data   RO         8779    .constdata__ZTVN4rtos6ThreadE  Thread.o
    0x1813ebf4   0x0000000f   Data   RO        12708    .constdata__ZZN10soundtouch13FIFOProcessor10setOutPipeEPNS_14FIFOSamplePipeEEs  SoundTouch.ar(SoundTouch.o)
    0x1813ec03   0x0000001c   Data   RO        12709    .constdata__ZZN10soundtouch13FIFOProcessor10setOutPipeEPNS_14FIFOSamplePipeEEs_0  SoundTouch.ar(SoundTouch.o)
    0x1813ec1f   0x00000010   Data   RO        12710    .constdata__ZZN10soundtouch13FIFOProcessor10setOutPipeEPNS_14FIFOSamplePipeEEs_1  SoundTouch.ar(SoundTouch.o)
    0x1813ec2f   0x00000043   Data   RO        10014    .constdata__ZZN11DuerHandler4postEPFviPvEiS0_Es  lightduer_events.o
    0x1813ec72   0x0000001f   Data   RO        10015    .constdata__ZZN11DuerHandler4postEPFviPvEiS0_Es_0  lightduer_events.o
    0x1813ec91   0x0000002b   Data   RO          771    .constdata__ZZN12AirkissEvent17on_airkiss_finishEPcS0_Es  wifi_manage.o
    0x1813ecbc   0x00000020   Data   RO          772    .constdata__ZZN12AirkissEvent17on_airkiss_finishEPcS0_Es_0  wifi_manage.o
    0x1813ecdc   0x00000014   Data   RO         6880    .constdata__ZZN12SingletonPtrIN4rtos5MutexEE3getEvEs  FlashIAP.o
    0x1813ecf0   0x00000020   Data   RO         6881    .constdata__ZZN12SingletonPtrIN4rtos5MutexEE3getEvEs_0  FlashIAP.o
    0x1813ed10   0x0000000e   Data   RO         3381    .constdata__ZZN4mbed8GpadcKey12_get_key_idxEtEs  gpadckey.o
    0x1813ed1e   0x00000025   Data   RO          316    .constdata__ZZN4rtos5QueueIiLj5EEC1EvEs  events.o
    0x1813ed43   0x00000001   PAD
    0x1813ed44   0x0000000e   Data   RO         3382    .constdata___ARM__ZN4mbed8GpadcKey12_get_key_idxEt_anon0  gpadckey.o
    0x1813ed52   0x00000002   PAD
    0x1813ed54   0x00000065   Data   RO           20    .conststring        app_main.o
    0x1813edb9   0x00000003   PAD
    0x1813edbc   0x000002c9   Data   RO          378    .conststring        factory_test.o
    0x1813f085   0x00000003   PAD
    0x1813f088   0x00000045   Data   RO          431    .conststring        airkiss_lan_discovery.o
    0x1813f0cd   0x00000003   PAD
    0x1813f0d0   0x00000091   Data   RO          461    .conststring        asr_service.o
    0x1813f161   0x00000003   PAD
    0x1813f164   0x00000106   Data   RO          568    .conststring        dcl_mpush_push_stream.o
    0x1813f26a   0x00000002   PAD
    0x1813f26c   0x000002b6   Data   RO          808    .conststring        dcl_asr_api.o
    0x1813f522   0x00000002   PAD
    0x1813f524   0x00000085   Data   RO          847    .conststring        auth_crypto.o
    0x1813f5a9   0x00000003   PAD
    0x1813f5ac   0x00000041   Data   RO          866    .conststring        dcl_volume_decode.o
    0x1813f5ed   0x00000003   PAD
    0x1813f5f0   0x00000195   Data   RO          876    .conststring        dcl_device_license.o
    0x1813f785   0x00000003   PAD
    0x1813f788   0x000000e0   Data   RO          886    .conststring        dcl_mpush_offline_msg.o
    0x1813f868   0x00000112   Data   RO          906    .conststring        dcl_mpush_server_list.o
    0x1813f97a   0x00000002   PAD
    0x1813f97c   0x000000b8   Data   RO          994    .conststring        dcl_update_device_info.o
    0x1813fa34   0x000000a9   Data   RO         1004    .conststring        dcl_update_time.o
    0x1813fadd   0x00000003   PAD
    0x1813fae0   0x000000ac   Data   RO         1014    .conststring        dcl_tts_api.o
    0x1813fb8c   0x0000004d   Data   RO         1084    .conststring        Airkiss.o
    0x1813fbd9   0x00000003   PAD
    0x1813fbdc   0x00000042   Data   RO         1298    .conststring        flash_operation_interface.o
    0x1813fc1e   0x00000002   PAD
    0x1813fc20   0x00000043   Data   RO         1453    .conststring        lightduer_m4a_audio_specific_config.o
    0x1813fc63   0x00000001   PAD
    0x1813fc64   0x00000041   Data   RO         2702    .conststring        rda58xx.o
    0x1813fca5   0x00000003   PAD
    0x1813fca8   0x00000021   Data   RO         3343    .conststring        rda_console.o
    0x1813fcc9   0x00000003   PAD
    0x1813fccc   0x0000000c   Data   RO         4460    .conststring        cipher_wrap.o
    0x1813fcd8   0x0000000c   Data   RO         4461    .conststring        cipher_wrap.o
    0x1813fce4   0x0000000c   Data   RO         4462    .conststring        cipher_wrap.o
    0x1813fcf0   0x0000000c   Data   RO         4463    .conststring        cipher_wrap.o
    0x1813fcfc   0x0000000c   Data   RO         4464    .conststring        cipher_wrap.o
    0x1813fd08   0x0000000c   Data   RO         4465    .conststring        cipher_wrap.o
    0x1813fd14   0x0000000c   Data   RO         4466    .conststring        cipher_wrap.o
    0x1813fd20   0x0000000c   Data   RO         4467    .conststring        cipher_wrap.o
    0x1813fd2c   0x0000000c   Data   RO         4468    .conststring        cipher_wrap.o
    0x1813fd38   0x00000008   Data   RO         4469    .conststring        cipher_wrap.o
    0x1813fd40   0x00000008   Data   RO         4470    .conststring        cipher_wrap.o
    0x1813fd48   0x0000000c   Data   RO         4471    .conststring        cipher_wrap.o
    0x1813fd54   0x0000000c   Data   RO         4472    .conststring        cipher_wrap.o
    0x1813fd60   0x0000000d   Data   RO         4473    .conststring        cipher_wrap.o
    0x1813fd6d   0x00000003   PAD
    0x1813fd70   0x0000000d   Data   RO         4474    .conststring        cipher_wrap.o
    0x1813fd7d   0x00000003   PAD
    0x1813fd80   0x00000004   Data   RO         4663    .conststring        md_wrap.o
    0x1813fd84   0x00000005   Data   RO         4664    .conststring        md_wrap.o
    0x1813fd89   0x00000003   PAD
    0x1813fd8c   0x00000007   Data   RO         4665    .conststring        md_wrap.o
    0x1813fd93   0x00000001   PAD
    0x1813fd94   0x00000007   Data   RO         4666    .conststring        md_wrap.o
    0x1813fd9b   0x00000001   PAD
    0x1813fd9c   0x000009ef   Data   RO         4704    .conststring        oid.o
    0x1814078b   0x00000001   PAD
    0x1814078c   0x00000111   Data   RO         4866    .conststring        ssl_ciphersuites.o
    0x1814089d   0x00000003   PAD
    0x181408a0   0x00000406   Data   RO         5076    .conststring        x509_crt.o
    0x18140ca6   0x00000002   PAD
    0x18140ca8   0x00000075   Data   RO         6149    .conststring        lwip_tcp.o
    0x18140d1d   0x00000003   PAD
    0x18140d20   0x00000042   Data   RO         8238    .conststring        analogin_api.o
    0x18140d62   0x00000002   PAD
    0x18140d64   0x00000042   Data   RO         8283    .conststring        gpio_irq_api.o
    0x18140da6   0x00000002   PAD
    0x18140da8   0x00000043   Data   RO         8438    .conststring        rda_gpadc_api.o
    0x18140deb   0x00000001   PAD
    0x18140dec   0x00000084   Data   RO         8579    .conststring        serial_api.o
    0x18140e70   0x00000048   Data   RO         9647    .conststring        lightduer_net_trans_encrypted.o
    0x18140eb8   0x0000004a   Data   RO         9691    .conststring        lightduer_net_transport_wrapper.o
    0x18140f02   0x00000002   PAD
    0x18140f04   0x00000147   Data   RO         9812    .conststring        lightduer_http_client.o
    0x1814104b   0x00000001   PAD
    0x1814104c   0x00000042   Data   RO         9841    .conststring        lightduer_http_client_ops.o
    0x1814108e   0x00000002   PAD
    0x18141090   0x0000000e   Data   RO         9917    .conststring        baidu_ca_debug_adp.o
    0x1814109e   0x00000002   PAD
    0x181410a0   0x00000045   Data   RO         9942    .conststring        baidu_ca_mutex_adp.o
    0x181410e5   0x00000003   PAD
    0x181410e8   0x00000044   Data   RO         9979    .conststring        baidu_ca_socket_adp.o
    0x1814112c   0x00000043   Data   RO        10056    .conststring        lightduer_timers.o
    0x1814116f   0x00000001   PAD
    0x18141170   0x00000052   Data   RO        10347    .conststring        baidu_media_manager.o
    0x181411c2   0x00000002   PAD
    0x181411c4   0x00000048   Data   RO        10664    .conststring        baidu_dlna_media_cb.o
    0x1814120c   0x00000033   Data   RO        10944    .conststring        upnpsoap.o
    0x1814123f   0x00000001   PAD
    0x18141240   0x00000019   Data   RO        11584    .conststring        authorize.o
    0x18141259   0x00000003   PAD
    0x1814125c   0x000000c5   Data   RO        12395    .conststring        wifi_sta_ap.ar(wland_if_sta.o)
    0x18141321   0x00000003   PAD
    0x18141324   0x00000046   Data   RO        12506    .conststring        wifi_sta_ap.ar(wland_scan.o)
    0x1814136a   0x00000002   PAD
    0x1814136c   0x00000427   Data   RO        12953    .conststring        wifi_sta_ap.ar(wifi_wpa.o)
    0x18141793   0x00000001   PAD
    0x18141794   0x0000006b   Data   RO        12991    .conststring        wifi_sta_ap.ar(wifi_wpa_ap.o)
    0x181417ff   0x00000001   PAD
    0x18141800   0x00000042   Data   RO        13018    .conststring        wifi_sta_ap.ar(wifi_wpa_get_suites.o)
    0x18141842   0x00000002   PAD
    0x18141844   0x00000045   Data   RO        13155    .conststring        SoundTouch.ar(TDStretch.o)
    0x18141889   0x00000003   PAD
    0x1814188c   0x000004d1   Data   RO        14545    .conststring        wifi_sta_ap.ar(iconfig.o)
    0x18141d5d   0x00000003   PAD
    0x18141d60   0x0000004c   Data   RO        14582    .conststring        wifi_sta_ap.ar(blockack.o)
    0x18141dac   0x00000056   Data   RO        14717    .conststring        wifi_sta_ap.ar(management_ap.o)
    0x18141e02   0x00000002   PAD
    0x18141e04   0x00000051   Data   RO        14742    .conststring        wifi_sta_ap.ar(channel_sw.o)
    0x18141e55   0x00000003   PAD
    0x18141e58   0x000000d5   Data   RO        14802    .conststring        wifi_sta_ap.ar(filter.o)
    0x18141f2d   0x00000003   PAD
    0x18141f30   0x00000046   Data   RO        14922    .conststring        wifi_sta_ap.ar(wlan_rx_mgmt_ap.o)
    0x18141f76   0x00000002   PAD
    0x18141f78   0x00000019   Data   RO        14953    .conststring        wifi_sta_ap.ar(reg_domain_rda_ittiam.o)
    0x18141f91   0x00000003   PAD
    0x18141f94   0x00000008   Data   RO        14958    .conststring        wifi_sta_ap.ar(filter_frame.o)
    0x18141f9c   0x00000086   Data   RO        14980    .conststring        wifi_sta_ap.ar(filter_action.o)
    0x18142022   0x00000002   PAD
    0x18142024   0x00000050   Data   RO        17121    Region$$Table       anon$$obj.o
    0x18142074   0x00000110   Data   RO        16030    locale$$data        c_w.l(lc_ctype_c.o)
    0x18142184   0x0000001c   Data   RO        16801    locale$$data        c_w.l(lc_numeric_c.o)
    0x181421a0   0x00000004   Data   RO           22    .init_array         app_main.o
    0x181421a4   0x00000004   Data   RO          174    .init_array         deepbrain_app.o
    0x181421a8   0x00000004   Data   RO          277    .init_array         duer_recorder.o
    0x181421ac   0x00000004   Data   RO          307    .init_array         events.o
    0x181421b0   0x00000004   Data   RO          380    .init_array         factory_test.o
    0x181421b4   0x00000004   Data   RO          547    .init_array         memo_service.o
    0x181421b8   0x00000004   Data   RO          693    .init_array         uart_shell.o
    0x181421bc   0x00000004   Data   RO          749    .init_array         wifi_manage.o
    0x181421c0   0x00000004   Data   RO         1086    .init_array         Airkiss.o
    0x181421c4   0x00000004   Data   RO         1397    .init_array         time_interface.o
    0x181421c8   0x00000004   Data   RO         2497    .init_array         baidu_codec_base.o
    0x181421cc   0x00000004   Data   RO         3042    .init_array         arm_hal_timer.o
    0x181421d0   0x00000004   Data   RO         9899    .init_array         baidu_ca_adapter.o
    0x181421d4   0x00000004   Data   RO        10122    .init_array         baidu_media_base.o
    0x181421d8   0x00000004   Data   RO        10223    .init_array         baidu_media_data_manager.o
    0x181421dc   0x00000004   Data   RO        10267    .init_array         baidu_media_file_storer.o
    0x181421e0   0x00000004   Data   RO        10349    .init_array         baidu_media_manager.o
    0x181421e4   0x00000004   Data   RO        10417    .init_array         baidu_media_play_progress.o
    0x181421e8   0x00000004   Data   RO        10528    .init_array         baidu_media_play.o
    0x181421ec   0x00000004   Data   RO        10666    .init_array         baidu_dlna_media_cb.o
    0x181421f0   0x00000004   Data   RO        10716    .init_array         baidu_media_manager_adapter.o
    0x181421f4   0x00000004   Data   RO        11268    .init_array         YTQueue.o
    0x181421f8   0x00000004   Data   RO        11383    .init_array         YTManage.o
    0x181421fc   0x00000004   Data   RO        11510    .init_array         SpiFlash.o
    0x18142200   0x00000004   Data   RO        11559    .init_array         SpiLocal.o
    0x18142204   0x00000004   Data   RO        11670    .init_array         YTLight.o
    0x18142208   0x00000004   Data   RO        11777    .init_array         YTLocal.o
    0x1814220c   0x00000004   Data   RO        11841    .init_array         vbat.o
    0x18142210   0x00000004   Data   RO        11903    .init_array         yt_key.o
    0x18142214   0x00000000   Data   RO        15335    .init_array         c_w.l(init_aeabi.o)
    0x18142214   0x00000004   Data   RO        16136    .init_array         cpp_ws.l(char.o)
    0x18142218   0x00000004   Data   RO        16427    .init_array         cpp_ws.l(locale.o)
    0x1814221c   0x00000004   Data   RO        16862    .init_array         cpp_ws.l(rwcats.o)


    Execution Region RW_IRAM2 (Base: 0x40100000, Size: 0x00000000, Max: 0x00018c00, ABSOLUTE)

    **** No section assigned to this execution region ****


    Execution Region RW_IRAM3 (Base: 0x40118c00, Size: 0x00000004, Max: 0x00000c00, ABSOLUTE)

    Base Addr    Size         Type   Attr      Idx    E Section Name        Object

    0x40118c00   0x00000001   Data   RW        14882    AHB1SMEM0           hal.ar(rda_aes_api.o)


    Execution Region RW_IRAM4 (Base: 0x40119800, Size: 0x00004000, Max: 0x00006800, ABSOLUTE, COMPRESSED[0x00000084])

    Base Addr    Size         Type   Attr      Idx    E Section Name        Object

    0x40119800   0x00003fff   Data   RW         5242    AHB1SMEM1           lwip_sys_arch.o


==============================================================================

Image component sizes


      Code (inc. data)   RO Data    RW Data    ZI Data      Debug   

    280800      51810     621565      19040     237936     233340   Object Totals
        20          0         80          0     168064          0   (incl. Generated)
       328          8        104         23          8          0   (incl. Padding)
    309788      47640      82731       3284      46136     128724   Library Totals
       170         36         61         42         19          0   (incl. Padding)

==============================================================================


      Code (inc. data)   RO Data    RW Data    ZI Data      Debug   

    590588      99450     704296      22324     284072     124728   Grand Totals
    590588      99450     704296       1456     284072     124728   ELF Image Totals (compressed)
    590588      99450     704296       1456          0          0   ROM Totals

==============================================================================

    Total RO  Size (Code + RO Data)              1294884 (1264.54kB)
    Total RW  Size (RW Data + ZI Data)            306396 ( 299.21kB)
    Total ROM Size (Code + RO Data + RW Data)    1296340 (1265.96kB)

==============================================================================

